Archive member included because of file (symbol)
/local/mnt/workspace/CRMBuilds/TZ.BF.4.0.7.1-00006-S660AAAAANAZT-2_20200329_233006/b/HK11/trustzone_images/core/securemsm/sse/qsee/SecureDisplay/libpng/build/secureindicator/scorpion/KAJAANAA/libpng.lib(png.o)
		/local/mnt/workspace/CRMBuilds/TZ.BF.4.0.7.1-00006-S660AAAAANAZT-2_20200329_233006/b/HK11/trustzone_images/apps/bsp/trustzone/qsapps/secureindicator/build/KAJAANAA/secureindicator/objects/secureindicator/src/si.o (png_create_info_struct)
/local/mnt/workspace/CRMBuilds/TZ.BF.4.0.7.1-00006-S660AAAAANAZT-2_20200329_233006/b/HK11/trustzone_images/core/securemsm/sse/qsee/SecureDisplay/libpng/build/secureindicator/scorpion/KAJAANAA/libpng.lib(pngerror.o)
		/local/mnt/workspace/CRMBuilds/TZ.BF.4.0.7.1-00006-S660AAAAANAZT-2_20200329_233006/b/HK11/trustzone_images/core/securemsm/sse/qsee/SecureDisplay/libpng/build/secureindicator/scorpion/KAJAANAA/libpng.lib(png.o) (png_err)
/local/mnt/workspace/CRMBuilds/TZ.BF.4.0.7.1-00006-S660AAAAANAZT-2_20200329_233006/b/HK11/trustzone_images/core/securemsm/sse/qsee/SecureDisplay/libpng/build/secureindicator/scorpion/KAJAANAA/libpng.lib(pngget.o)
		/local/mnt/workspace/CRMBuilds/TZ.BF.4.0.7.1-00006-S660AAAAANAZT-2_20200329_233006/b/HK11/trustzone_images/apps/bsp/trustzone/qsapps/secureindicator/build/KAJAANAA/secureindicator/objects/secureindicator/src/si.o (png_get_IHDR)
/local/mnt/workspace/CRMBuilds/TZ.BF.4.0.7.1-00006-S660AAAAANAZT-2_20200329_233006/b/HK11/trustzone_images/core/securemsm/sse/qsee/SecureDisplay/libpng/build/secureindicator/scorpion/KAJAANAA/libpng.lib(pngmem.o)
		/local/mnt/workspace/CRMBuilds/TZ.BF.4.0.7.1-00006-S660AAAAANAZT-2_20200329_233006/b/HK11/trustzone_images/core/securemsm/sse/qsee/SecureDisplay/libpng/build/secureindicator/scorpion/KAJAANAA/libpng.lib(png.o) (png_free)
/local/mnt/workspace/CRMBuilds/TZ.BF.4.0.7.1-00006-S660AAAAANAZT-2_20200329_233006/b/HK11/trustzone_images/core/securemsm/sse/qsee/SecureDisplay/libpng/build/secureindicator/scorpion/KAJAANAA/libpng.lib(pngread.o)
		/local/mnt/workspace/CRMBuilds/TZ.BF.4.0.7.1-00006-S660AAAAANAZT-2_20200329_233006/b/HK11/trustzone_images/apps/bsp/trustzone/qsapps/secureindicator/build/KAJAANAA/secureindicator/objects/secureindicator/src/si.o (png_create_read_struct)
/local/mnt/workspace/CRMBuilds/TZ.BF.4.0.7.1-00006-S660AAAAANAZT-2_20200329_233006/b/HK11/trustzone_images/core/securemsm/sse/qsee/SecureDisplay/libpng/build/secureindicator/scorpion/KAJAANAA/libpng.lib(pngrio.o)
		/local/mnt/workspace/CRMBuilds/TZ.BF.4.0.7.1-00006-S660AAAAANAZT-2_20200329_233006/b/HK11/trustzone_images/apps/bsp/trustzone/qsapps/secureindicator/build/KAJAANAA/secureindicator/objects/secureindicator/src/si.o (png_set_read_fn)
/local/mnt/workspace/CRMBuilds/TZ.BF.4.0.7.1-00006-S660AAAAANAZT-2_20200329_233006/b/HK11/trustzone_images/core/securemsm/sse/qsee/SecureDisplay/libpng/build/secureindicator/scorpion/KAJAANAA/libpng.lib(pngrutil.o)
		/local/mnt/workspace/CRMBuilds/TZ.BF.4.0.7.1-00006-S660AAAAANAZT-2_20200329_233006/b/HK11/trustzone_images/core/securemsm/sse/qsee/SecureDisplay/libpng/build/secureindicator/scorpion/KAJAANAA/libpng.lib(pngread.o) (png_combine_row)
/local/mnt/workspace/CRMBuilds/TZ.BF.4.0.7.1-00006-S660AAAAANAZT-2_20200329_233006/b/HK11/trustzone_images/core/securemsm/sse/qsee/SecureDisplay/libpng/build/secureindicator/scorpion/KAJAANAA/libpng.lib(pngset.o)
		/local/mnt/workspace/CRMBuilds/TZ.BF.4.0.7.1-00006-S660AAAAANAZT-2_20200329_233006/b/HK11/trustzone_images/core/securemsm/sse/qsee/SecureDisplay/libpng/build/secureindicator/scorpion/KAJAANAA/libpng.lib(pngrutil.o) (png_set_IHDR)
/local/mnt/workspace/CRMBuilds/TZ.BF.4.0.7.1-00006-S660AAAAANAZT-2_20200329_233006/b/HK11/trustzone_images/core/securemsm/sse/qsee/SecureDisplay/zlib/build/secureindicator/scorpion/KAJAANAA/zlib.lib(crc32.o)
		/local/mnt/workspace/CRMBuilds/TZ.BF.4.0.7.1-00006-S660AAAAANAZT-2_20200329_233006/b/HK11/trustzone_images/core/securemsm/sse/qsee/SecureDisplay/libpng/build/secureindicator/scorpion/KAJAANAA/libpng.lib(png.o) (crc32)
/local/mnt/workspace/CRMBuilds/TZ.BF.4.0.7.1-00006-S660AAAAANAZT-2_20200329_233006/b/HK11/trustzone_images/core/securemsm/sse/qsee/SecureDisplay/zlib/build/secureindicator/scorpion/KAJAANAA/zlib.lib(inflate.o)
		/local/mnt/workspace/CRMBuilds/TZ.BF.4.0.7.1-00006-S660AAAAANAZT-2_20200329_233006/b/HK11/trustzone_images/core/securemsm/sse/qsee/SecureDisplay/libpng/build/secureindicator/scorpion/KAJAANAA/libpng.lib(pngrutil.o) (inflate)
/local/mnt/workspace/CRMBuilds/TZ.BF.4.0.7.1-00006-S660AAAAANAZT-2_20200329_233006/b/HK11/trustzone_images/core/securemsm/sse/qsee/SecureDisplay/zlib/build/secureindicator/scorpion/KAJAANAA/zlib.lib(inftrees.o)
		/local/mnt/workspace/CRMBuilds/TZ.BF.4.0.7.1-00006-S660AAAAANAZT-2_20200329_233006/b/HK11/trustzone_images/core/securemsm/sse/qsee/SecureDisplay/zlib/build/secureindicator/scorpion/KAJAANAA/zlib.lib(inflate.o) (inflate_table)
/local/mnt/workspace/CRMBuilds/TZ.BF.4.0.7.1-00006-S660AAAAANAZT-2_20200329_233006/b/HK11/trustzone_images/core/securemsm/sse/qsee/SecureDisplay/zlib/build/secureindicator/scorpion/KAJAANAA/zlib.lib(zutil.o)
		/local/mnt/workspace/CRMBuilds/TZ.BF.4.0.7.1-00006-S660AAAAANAZT-2_20200329_233006/b/HK11/trustzone_images/core/securemsm/sse/qsee/SecureDisplay/zlib/build/secureindicator/scorpion/KAJAANAA/zlib.lib(inflate.o) (zcalloc)
/local/mnt/workspace/CRMBuilds/TZ.BF.4.0.7.1-00006-S660AAAAANAZT-2_20200329_233006/b/HK11/trustzone_images/core/securemsm/sse/qsee/SecureDisplay/zlib/build/secureindicator/scorpion/KAJAANAA/zlib.lib(adler32.o)
		/local/mnt/workspace/CRMBuilds/TZ.BF.4.0.7.1-00006-S660AAAAANAZT-2_20200329_233006/b/HK11/trustzone_images/core/securemsm/sse/qsee/SecureDisplay/zlib/build/secureindicator/scorpion/KAJAANAA/zlib.lib(inflate.o) (adler32)
/local/mnt/workspace/CRMBuilds/TZ.BF.4.0.7.1-00006-S660AAAAANAZT-2_20200329_233006/b/HK11/trustzone_images/core/securemsm/sse/qsee/SecureDisplay/zlib/build/secureindicator/scorpion/KAJAANAA/zlib.lib(inffast.o)
		/local/mnt/workspace/CRMBuilds/TZ.BF.4.0.7.1-00006-S660AAAAANAZT-2_20200329_233006/b/HK11/trustzone_images/core/securemsm/sse/qsee/SecureDisplay/zlib/build/secureindicator/scorpion/KAJAANAA/zlib.lib(inflate.o) (inflate_fast)
/local/mnt/workspace/CRMBuilds/TZ.BF.4.0.7.1-00006-S660AAAAANAZT-2_20200329_233006/b/HK11/trustzone_images/core/bsp/trustzone/qsapps/applib32/build/KAJAANAA/applib32.lib(memscpy.o)
		/local/mnt/workspace/CRMBuilds/TZ.BF.4.0.7.1-00006-S660AAAAANAZT-2_20200329_233006/b/HK11/trustzone_images/apps/bsp/trustzone/qsapps/secureindicator/build/KAJAANAA/secureindicator/objects/secureindicator/src/si.o (memscpy)
/local/mnt/workspace/CRMBuilds/TZ.BF.4.0.7.1-00006-S660AAAAANAZT-2_20200329_233006/b/HK11/trustzone_images/core/bsp/trustzone/qsapps/applib32/build/KAJAANAA/applib32.lib(timesafe_strncmp.o)
		/local/mnt/workspace/CRMBuilds/TZ.BF.4.0.7.1-00006-S660AAAAANAZT-2_20200329_233006/b/HK11/trustzone_images/apps/bsp/trustzone/qsapps/secureindicator/build/KAJAANAA/secureindicator/objects/secureindicator/src/si.o (timesafe_strncmp)
/local/mnt/workspace/CRMBuilds/TZ.BF.4.0.7.1-00006-S660AAAAANAZT-2_20200329_233006/b/HK11/trustzone_images/core/bsp/trustzone/qsapps/applib32/build/KAJAANAA/applib32.lib(common_applib.o)
		/local/mnt/workspace/CRMBuilds/TZ.BF.4.0.7.1-00006-S660AAAAANAZT-2_20200329_233006/b/HK11/trustzone_images/apps/bsp/trustzone/qsapps/secureindicator/build/KAJAANAA/secureindicator/objects/secureindicator/src/si.o (__stack_chk_fail)
/local/mnt/workspace/CRMBuilds/TZ.BF.4.0.7.1-00006-S660AAAAANAZT-2_20200329_233006/b/HK11/trustzone_images/core/bsp/trustzone/qsapps/applib32/build/KAJAANAA/applib32.lib(prxy_services.o)
		/local/mnt/workspace/CRMBuilds/TZ.BF.4.0.7.1-00006-S660AAAAANAZT-2_20200329_233006/b/HK11/trustzone_images/apps/bsp/trustzone/qsapps/secureindicator/build/KAJAANAA/secureindicator/objects/secureindicator/src/si.o (qsee_log)
/local/mnt/workspace/CRMBuilds/TZ.BF.4.0.7.1-00006-S660AAAAANAZT-2_20200329_233006/b/HK11/trustzone_images/core/bsp/trustzone/qsapps/applib32/build/KAJAANAA/applib32.lib(tzapp_syscall.o)
		/local/mnt/workspace/CRMBuilds/TZ.BF.4.0.7.1-00006-S660AAAAANAZT-2_20200329_233006/b/HK11/trustzone_images/core/bsp/trustzone/qsapps/applib32/build/KAJAANAA/tzapp_entry.o (app_export_init_info_to_qsee)
/local/mnt/workspace/CRMBuilds/TZ.BF.4.0.7.1-00006-S660AAAAANAZT-2_20200329_233006/b/HK11/trustzone_images/core/bsp/trustzone/qsapps/applib32/build/KAJAANAA/applib32.lib(mink_shared_code.o)
		/local/mnt/workspace/CRMBuilds/TZ.BF.4.0.7.1-00006-S660AAAAANAZT-2_20200329_233006/b/HK11/trustzone_images/core/bsp/trustzone/qsapps/applib32/build/KAJAANAA/applib32.lib(common_applib.o) (minkIPC)
/local/mnt/workspace/CRMBuilds/TZ.BF.4.0.7.1-00006-S660AAAAANAZT-2_20200329_233006/b/HK11/trustzone_images/core/bsp/trustzone/qsapps/applib32/build/KAJAANAA/applib32.lib(qsee_env.o)
		/local/mnt/workspace/CRMBuilds/TZ.BF.4.0.7.1-00006-S660AAAAANAZT-2_20200329_233006/b/HK11/trustzone_images/core/bsp/trustzone/qsapps/applib32/build/KAJAANAA/applib32.lib(common_applib.o) (qsee_open)
/local/mnt/workspace/CRMBuilds/TZ.BF.4.0.7.1-00006-S660AAAAANAZT-2_20200329_233006/b/HK11/trustzone_images/core/bsp/trustzone/qsapps/applib32/build/KAJAANAA/applib32.lib(qsee_prng.o)
		/local/mnt/workspace/CRMBuilds/TZ.BF.4.0.7.1-00006-S660AAAAANAZT-2_20200329_233006/b/HK11/trustzone_images/core/bsp/trustzone/qsapps/applib32/build/KAJAANAA/applib32.lib(common_applib.o) (qsee_prng_getdata)
/local/mnt/workspace/CRMBuilds/TZ.BF.4.0.7.1-00006-S660AAAAANAZT-2_20200329_233006/b/HK11/trustzone_images/core/bsp/trustzone/qsapps/applib32/build/KAJAANAA/applib32.lib(qsee_appmessage.o)
		/local/mnt/workspace/CRMBuilds/TZ.BF.4.0.7.1-00006-S660AAAAANAZT-2_20200329_233006/b/HK11/trustzone_images/apps/bsp/trustzone/qsapps/secureindicator/build/KAJAANAA/secureindicator/objects/secureindicator/src/si.o (qsee_decapsulate_inter_app_message)
/local/mnt/workspace/CRMBuilds/TZ.BF.4.0.7.1-00006-S660AAAAANAZT-2_20200329_233006/b/HK11/trustzone_images/core/bsp/trustzone/qsapps/applib32/build/KAJAANAA/applib32.lib(sfs_api.o)
		/local/mnt/workspace/CRMBuilds/TZ.BF.4.0.7.1-00006-S660AAAAANAZT-2_20200329_233006/b/HK11/trustzone_images/apps/bsp/trustzone/qsapps/secureindicator/build/KAJAANAA/secureindicator/objects/secureindicator/src/si.o (qsee_sfs_close)
/local/mnt/workspace/CRMBuilds/TZ.BF.4.0.7.1-00006-S660AAAAANAZT-2_20200329_233006/b/HK11/trustzone_images/core/bsp/trustzone/qsapps/applib32/build/KAJAANAA/applib32.lib(secure_memset.o)
		/local/mnt/workspace/CRMBuilds/TZ.BF.4.0.7.1-00006-S660AAAAANAZT-2_20200329_233006/b/HK11/trustzone_images/core/bsp/trustzone/qsapps/applib32/build/KAJAANAA/applib32.lib(common_applib.o) (secure_memset)
/local/mnt/workspace/CRMBuilds/TZ.BF.4.0.7.1-00006-S660AAAAANAZT-2_20200329_233006/b/HK11/trustzone_images/core/bsp/trustzone/qsapps/applib32/build/KAJAANAA/applib32.lib(memcmp.o)
		/local/mnt/workspace/CRMBuilds/TZ.BF.4.0.7.1-00006-S660AAAAANAZT-2_20200329_233006/b/HK11/trustzone_images/core/securemsm/sse/qsee/SecureDisplay/libpng/build/secureindicator/scorpion/KAJAANAA/libpng.lib(png.o) (memcmp)
/local/mnt/workspace/CRMBuilds/TZ.BF.4.0.7.1-00006-S660AAAAANAZT-2_20200329_233006/b/HK11/trustzone_images/core/bsp/trustzone/qsapps/applib32/build/KAJAANAA/applib32.lib(strlen.o)
		/local/mnt/workspace/CRMBuilds/TZ.BF.4.0.7.1-00006-S660AAAAANAZT-2_20200329_233006/b/HK11/trustzone_images/apps/bsp/trustzone/qsapps/secureindicator/build/KAJAANAA/secureindicator/objects/secureindicator/src/si.o (strlen)
/local/mnt/workspace/CRMBuilds/TZ.BF.4.0.7.1-00006-S660AAAAANAZT-2_20200329_233006/b/HK11/trustzone_images/core/bsp/trustzone/qsapps/applib32/build/KAJAANAA/applib32.lib(printf.o)
		/local/mnt/workspace/CRMBuilds/TZ.BF.4.0.7.1-00006-S660AAAAANAZT-2_20200329_233006/b/HK11/trustzone_images/core/bsp/trustzone/qsapps/applib32/build/KAJAANAA/applib32.lib(prxy_services.o) (vsnprintf)
/local/mnt/workspace/CRMBuilds/TZ.BF.4.0.7.1-00006-S660AAAAANAZT-2_20200329_233006/b/HK11/trustzone_images/core/bsp/trustzone/qsapps/applib32/build/KAJAANAA/applib32.lib(abort.o)
		/local/mnt/workspace/CRMBuilds/TZ.BF.4.0.7.1-00006-S660AAAAANAZT-2_20200329_233006/b/HK11/trustzone_images/core/securemsm/sse/qsee/SecureDisplay/libpng/build/secureindicator/scorpion/KAJAANAA/libpng.lib(pngerror.o) (abort)
/local/mnt/workspace/CRMBuilds/TZ.BF.4.0.7.1-00006-S660AAAAANAZT-2_20200329_233006/b/HK11/trustzone_images/core/bsp/trustzone/qsapps/applib32/build/KAJAANAA/applib32.lib(gpPersistObjCommon.o)
		/local/mnt/workspace/CRMBuilds/TZ.BF.4.0.7.1-00006-S660AAAAANAZT-2_20200329_233006/b/HK11/trustzone_images/core/bsp/trustzone/qsapps/applib32/build/KAJAANAA/applib32.lib(sfs_api.o) (gpCommon_Close_Object)
/local/mnt/workspace/CRMBuilds/TZ.BF.4.0.7.1-00006-S660AAAAANAZT-2_20200329_233006/b/HK11/trustzone_images/core/bsp/trustzone/qsapps/applib32/build/KAJAANAA/applib32.lib(gpPersistentObjects.o)
		/local/mnt/workspace/CRMBuilds/TZ.BF.4.0.7.1-00006-S660AAAAANAZT-2_20200329_233006/b/HK11/trustzone_images/core/bsp/trustzone/qsapps/applib32/build/KAJAANAA/applib32.lib(sfs_api.o) (TEE_AllocatePersistentObjectEnumerator)
/local/mnt/workspace/CRMBuilds/TZ.BF.4.0.7.1-00006-S660AAAAANAZT-2_20200329_233006/b/HK11/trustzone_images/core/bsp/trustzone/qsapps/applib32/build/KAJAANAA/applib32.lib(gpPersistObjData.o)
		/local/mnt/workspace/CRMBuilds/TZ.BF.4.0.7.1-00006-S660AAAAANAZT-2_20200329_233006/b/HK11/trustzone_images/core/bsp/trustzone/qsapps/applib32/build/KAJAANAA/applib32.lib(gpPersistObjCommon.o) (gpData_Close_Object)
/local/mnt/workspace/CRMBuilds/TZ.BF.4.0.7.1-00006-S660AAAAANAZT-2_20200329_233006/b/HK11/trustzone_images/core/bsp/trustzone/qsapps/applib32/build/KAJAANAA/applib32.lib(gpPersistObjHandler.o)
		/local/mnt/workspace/CRMBuilds/TZ.BF.4.0.7.1-00006-S660AAAAANAZT-2_20200329_233006/b/HK11/trustzone_images/core/bsp/trustzone/qsapps/applib32/build/KAJAANAA/applib32.lib(gpPersistObjCommon.o) (gpHandler_Close_Handle)
/local/mnt/workspace/CRMBuilds/TZ.BF.4.0.7.1-00006-S660AAAAANAZT-2_20200329_233006/b/HK11/trustzone_images/core/bsp/trustzone/qsapps/applib32/build/KAJAANAA/applib32.lib(gpPersistObjIndex.o)
		/local/mnt/workspace/CRMBuilds/TZ.BF.4.0.7.1-00006-S660AAAAANAZT-2_20200329_233006/b/HK11/trustzone_images/core/bsp/trustzone/qsapps/applib32/build/KAJAANAA/applib32.lib(gpPersistObjHandler.o) (gpIndex_Create_Entry)
/local/mnt/workspace/CRMBuilds/TZ.BF.4.0.7.1-00006-S660AAAAANAZT-2_20200329_233006/b/HK11/trustzone_images/core/bsp/trustzone/qsapps/applib32/build/KAJAANAA/applib32.lib(gpPersistObjVersion.o)
		/local/mnt/workspace/CRMBuilds/TZ.BF.4.0.7.1-00006-S660AAAAANAZT-2_20200329_233006/b/HK11/trustzone_images/core/bsp/trustzone/qsapps/applib32/build/KAJAANAA/applib32.lib(gpPersistObjIndex.o) (gpVersion_Delete_Version)
/local/mnt/workspace/CRMBuilds/TZ.BF.4.0.7.1-00006-S660AAAAANAZT-2_20200329_233006/b/HK11/trustzone_images/core/bsp/trustzone/qsapps/applib32/build/KAJAANAA/applib32.lib(kthread_shared.o)
		/local/mnt/workspace/CRMBuilds/TZ.BF.4.0.7.1-00006-S660AAAAANAZT-2_20200329_233006/b/HK11/trustzone_images/core/bsp/trustzone/qsapps/applib32/build/KAJAANAA/applib32.lib(mink_shared_code.o) (mink_generic_syscall)
/local/mnt/workspace/CRMBuilds/TZ.BF.4.0.7.1-00006-S660AAAAANAZT-2_20200329_233006/b/HK11/trustzone_images/core/bsp/trustzone/qsapps/applib32/build/KAJAANAA/applib32.lib(qsee_core_shim.o)
		/local/mnt/workspace/CRMBuilds/TZ.BF.4.0.7.1-00006-S660AAAAANAZT-2_20200329_233006/b/HK11/trustzone_images/core/bsp/trustzone/qsapps/applib32/build/KAJAANAA/applib32.lib(gpPersistObjCommon.o) (qsee_get_tz_app_id)
/local/mnt/workspace/CRMBuilds/TZ.BF.4.0.7.1-00006-S660AAAAANAZT-2_20200329_233006/b/HK11/trustzone_images/core/bsp/trustzone/qsapps/applib32/build/KAJAANAA/applib32.lib(stor.o)
		/local/mnt/workspace/CRMBuilds/TZ.BF.4.0.7.1-00006-S660AAAAANAZT-2_20200329_233006/b/HK11/trustzone_images/core/bsp/trustzone/qsapps/applib32/build/KAJAANAA/applib32.lib(gpPersistObjVersion.o) (qsee_stor_add_partition)
/local/mnt/workspace/CRMBuilds/TZ.BF.4.0.7.1-00006-S660AAAAANAZT-2_20200329_233006/b/HK11/trustzone_images/core/bsp/trustzone/qsapps/applib32/build/KAJAANAA/applib32.lib(stor_gpt.o)
		/local/mnt/workspace/CRMBuilds/TZ.BF.4.0.7.1-00006-S660AAAAANAZT-2_20200329_233006/b/HK11/trustzone_images/core/bsp/trustzone/qsapps/applib32/build/KAJAANAA/applib32.lib(stor.o) (gpt_add_partition)
/local/mnt/workspace/CRMBuilds/TZ.BF.4.0.7.1-00006-S660AAAAANAZT-2_20200329_233006/b/HK11/trustzone_images/core/bsp/trustzone/qsapps/applib32/build/KAJAANAA/applib32.lib(stor_rpmbw.o)
		/local/mnt/workspace/CRMBuilds/TZ.BF.4.0.7.1-00006-S660AAAAANAZT-2_20200329_233006/b/HK11/trustzone_images/core/bsp/trustzone/qsapps/applib32/build/KAJAANAA/applib32.lib(stor.o) (rpmbw_add_partition)
/local/mnt/workspace/CRMBuilds/TZ.BF.4.0.7.1-00006-S660AAAAANAZT-2_20200329_233006/b/HK11/trustzone_images/core/bsp/trustzone/qsapps/applib32/build/KAJAANAA/applib32.lib(qsee_cfg_prop_shim.o)
		/local/mnt/workspace/CRMBuilds/TZ.BF.4.0.7.1-00006-S660AAAAANAZT-2_20200329_233006/b/HK11/trustzone_images/core/bsp/trustzone/qsapps/applib32/build/KAJAANAA/applib32.lib(gpPersistObjCommon.o) (qsee_cfg_getpropval)
/local/mnt/workspace/CRMBuilds/TZ.BF.4.0.7.1-00006-S660AAAAANAZT-2_20200329_233006/b/HK11/trustzone_images/core/bsp/trustzone/qsapps/applib32/build/KAJAANAA/applib32.lib(strlcat.o)
		/local/mnt/workspace/CRMBuilds/TZ.BF.4.0.7.1-00006-S660AAAAANAZT-2_20200329_233006/b/HK11/trustzone_images/core/bsp/trustzone/qsapps/applib32/build/KAJAANAA/applib32.lib(gpPersistObjCommon.o) (strlcat)
/local/mnt/workspace/CRMBuilds/TZ.BF.4.0.7.1-00006-S660AAAAANAZT-2_20200329_233006/b/HK11/trustzone_images/core/bsp/trustzone/qsapps/applib32/build/KAJAANAA/applib32.lib(strlcpy.o)
		/local/mnt/workspace/CRMBuilds/TZ.BF.4.0.7.1-00006-S660AAAAANAZT-2_20200329_233006/b/HK11/trustzone_images/core/bsp/trustzone/qsapps/applib32/build/KAJAANAA/applib32.lib(gpPersistObjCommon.o) (strlcpy)
/local/mnt/workspace/CRMBuilds/TZ.BF.4.0.7.1-00006-S660AAAAANAZT-2_20200329_233006/b/HK11/trustzone_images/core/bsp/trustzone/qsapps/applib32/build/KAJAANAA/applib32.lib(memchr.o)
		/local/mnt/workspace/CRMBuilds/TZ.BF.4.0.7.1-00006-S660AAAAANAZT-2_20200329_233006/b/HK11/trustzone_images/core/bsp/trustzone/qsapps/applib32/build/KAJAANAA/applib32.lib(printf.o) (memchr)
/local/mnt/workspace/CRMBuilds/TZ.BF.4.0.7.1-00006-S660AAAAANAZT-2_20200329_233006/b/HK11/trustzone_images/core/bsp/trustzone/qsapps/applib32/build/KAJAANAA/applib32.lib(strncmp.o)
		/local/mnt/workspace/CRMBuilds/TZ.BF.4.0.7.1-00006-S660AAAAANAZT-2_20200329_233006/b/HK11/trustzone_images/core/bsp/trustzone/qsapps/applib32/build/KAJAANAA/applib32.lib(gpPersistObjData.o) (strncmp)
/local/mnt/workspace/CRMBuilds/TZ.BF.4.0.7.1-00006-S660AAAAANAZT-2_20200329_233006/b/HK11/trustzone_images/core/bsp/trustzone/qsapps/applib32/build/KAJAANAA/applib32.lib(gpPersistObjCrypto.o)
		/local/mnt/workspace/CRMBuilds/TZ.BF.4.0.7.1-00006-S660AAAAANAZT-2_20200329_233006/b/HK11/trustzone_images/core/bsp/trustzone/qsapps/applib32/build/KAJAANAA/applib32.lib(gpPersistObjData.o) (gpCrypto_Decrypt)
/local/mnt/workspace/CRMBuilds/TZ.BF.4.0.7.1-00006-S660AAAAANAZT-2_20200329_233006/b/HK11/trustzone_images/core/bsp/trustzone/qsapps/applib32/build/KAJAANAA/applib32.lib(gpPersistObjFileIO.o)
		/local/mnt/workspace/CRMBuilds/TZ.BF.4.0.7.1-00006-S660AAAAANAZT-2_20200329_233006/b/HK11/trustzone_images/core/bsp/trustzone/qsapps/applib32/build/KAJAANAA/applib32.lib(gpPersistObjData.o) (gpFileIO_Read_File)
/local/mnt/workspace/CRMBuilds/TZ.BF.4.0.7.1-00006-S660AAAAANAZT-2_20200329_233006/b/HK11/trustzone_images/core/bsp/trustzone/qsapps/applib32/build/KAJAANAA/applib32.lib(qsee_cipher.o)
		/local/mnt/workspace/CRMBuilds/TZ.BF.4.0.7.1-00006-S660AAAAANAZT-2_20200329_233006/b/HK11/trustzone_images/core/bsp/trustzone/qsapps/applib32/build/KAJAANAA/applib32.lib(gpPersistObjCrypto.o) (qsee_cipher_decrypt)
/local/mnt/workspace/CRMBuilds/TZ.BF.4.0.7.1-00006-S660AAAAANAZT-2_20200329_233006/b/HK11/trustzone_images/core/bsp/trustzone/qsapps/applib32/build/KAJAANAA/applib32.lib(qsee_hash.o)
		/local/mnt/workspace/CRMBuilds/TZ.BF.4.0.7.1-00006-S660AAAAANAZT-2_20200329_233006/b/HK11/trustzone_images/core/bsp/trustzone/qsapps/applib32/build/KAJAANAA/applib32.lib(gpPersistObjCrypto.o) (qsee_hash)
/local/mnt/workspace/CRMBuilds/TZ.BF.4.0.7.1-00006-S660AAAAANAZT-2_20200329_233006/b/HK11/trustzone_images/core/bsp/trustzone/qsapps/applib32/build/KAJAANAA/applib32.lib(qsee_hmac.o)
		/local/mnt/workspace/CRMBuilds/TZ.BF.4.0.7.1-00006-S660AAAAANAZT-2_20200329_233006/b/HK11/trustzone_images/core/bsp/trustzone/qsapps/applib32/build/KAJAANAA/applib32.lib(gpPersistObjCrypto.o) (qsee_hmac)
/local/mnt/workspace/CRMBuilds/TZ.BF.4.0.7.1-00006-S660AAAAANAZT-2_20200329_233006/b/HK11/trustzone_images/core/bsp/trustzone/qsapps/applib32/build/KAJAANAA/applib32.lib(timesafe_memcmp.o)
		/local/mnt/workspace/CRMBuilds/TZ.BF.4.0.7.1-00006-S660AAAAANAZT-2_20200329_233006/b/HK11/trustzone_images/core/bsp/trustzone/qsapps/applib32/build/KAJAANAA/applib32.lib(gpPersistObjCrypto.o) (timesafe_memcmp)
/local/mnt/workspace/CRMBuilds/TZ.BF.4.0.7.1-00006-S660AAAAANAZT-2_20200329_233006/b/HK11/trustzone_images/core/bsp/trustzone/qsapps/applib32/build/KAJAANAA/applib32.lib(gpFileService.o)
		/local/mnt/workspace/CRMBuilds/TZ.BF.4.0.7.1-00006-S660AAAAANAZT-2_20200329_233006/b/HK11/trustzone_images/core/bsp/trustzone/qsapps/applib32/build/KAJAANAA/applib32.lib(gpPersistObjFileIO.o) (gpFileRead)
/afs/localcell/cm/gv2.6/sysname/pkg.@sys/qct/software/llvm/release/arm/3.7.6/lib/clang/3.7.6/lib/linux/libclang_rt.builtins-arm.a(aeabi_memcpy.S.o)
		/local/mnt/workspace/CRMBuilds/TZ.BF.4.0.7.1-00006-S660AAAAANAZT-2_20200329_233006/b/HK11/trustzone_images/core/securemsm/sse/qsee/SecureDisplay/libpng/build/secureindicator/scorpion/KAJAANAA/libpng.lib(png.o) (__aeabi_memcpy)
/afs/localcell/cm/gv2.6/sysname/pkg.@sys/qct/software/llvm/release/arm/3.7.6/lib/clang/3.7.6/lib/linux/libclang_rt.builtins-arm.a(aeabi_memset.S.o)
		/local/mnt/workspace/CRMBuilds/TZ.BF.4.0.7.1-00006-S660AAAAANAZT-2_20200329_233006/b/HK11/trustzone_images/apps/bsp/trustzone/qsapps/secureindicator/build/KAJAANAA/secureindicator/objects/secureindicator/src/si.o (__aeabi_memset)
/afs/localcell/cm/gv2.6/sysname/pkg.@sys/qct/software/llvm/release/arm/3.7.6/lib/clang/3.7.6/lib/linux/libclang_rt.builtins-arm.a(aeabi_uldivmod.S.o)
		/local/mnt/workspace/CRMBuilds/TZ.BF.4.0.7.1-00006-S660AAAAANAZT-2_20200329_233006/b/HK11/trustzone_images/core/bsp/trustzone/qsapps/applib32/build/KAJAANAA/applib32.lib(printf.o) (__aeabi_uldivmod)
/afs/localcell/cm/gv2.6/sysname/pkg.@sys/qct/software/llvm/release/arm/3.7.6/lib/clang/3.7.6/lib/linux/libclang_rt.builtins-arm.a(udivmoddi4.c.o)
		/afs/localcell/cm/gv2.6/sysname/pkg.@sys/qct/software/llvm/release/arm/3.7.6/lib/clang/3.7.6/lib/linux/libclang_rt.builtins-arm.a(aeabi_uldivmod.S.o) (__udivmoddi4)
/afs/localcell/cm/gv2.6/sysname/pkg.@sys/qct/software/llvm/release/arm/3.7.6/lib/clang/3.7.6/lib/linux/libclang_rt.builtins-arm.a(umoddi3.c.o)
		/local/mnt/workspace/CRMBuilds/TZ.BF.4.0.7.1-00006-S660AAAAANAZT-2_20200329_233006/b/HK11/trustzone_images/core/bsp/trustzone/qsapps/applib32/build/KAJAANAA/applib32.lib(printf.o) (__umoddi3)
/afs/localcell/cm/gv2.6/sysname/pkg.@sys/qct/software/llvm/release/arm/3.7.6/lib/clang/3.7.6/lib/linux/libclang_rt.builtins-arm.a(udivsi3.S.o)
		/afs/localcell/cm/gv2.6/sysname/pkg.@sys/qct/software/llvm/release/arm/3.7.6/lib/clang/3.7.6/lib/linux/libclang_rt.builtins-arm.a(udivmoddi4.c.o) (__aeabi_uidiv)
/afs/localcell/cm/gv2.6/sysname/pkg.@sys/qct/software/llvm/release/arm/3.7.6/lib/clang/3.7.6/lib/linux/libclang_rt.builtins-arm.a(umodsi3.S.o)
		/afs/localcell/cm/gv2.6/sysname/pkg.@sys/qct/software/llvm/release/arm/3.7.6/lib/clang/3.7.6/lib/linux/libclang_rt.builtins-arm.a(udivmoddi4.c.o) (__umodsi3)
/afs/localcell/cm/gv2.6/sysname/pkg.@sys/qct/software/llvm/release/arm/3.7.6/lib/clang/3.7.6/lib/linux/libclang_rt.builtins-arm.a(aeabi_div0.c.o)
		/afs/localcell/cm/gv2.6/sysname/pkg.@sys/qct/software/llvm/release/arm/3.7.6/lib/clang/3.7.6/lib/linux/libclang_rt.builtins-arm.a(udivsi3.S.o) (__aeabi_idiv0)
/local/mnt/workspace/CRMBuilds/TZ.BF.4.0.7.1-00006-S660AAAAANAZT-2_20200329_233006/b/HK11/trustzone_images/core/bsp/trustzone/qsapps/applib32/build/KAJAANAA/applib32.lib(memset.o)
		/afs/localcell/cm/gv2.6/sysname/pkg.@sys/qct/software/llvm/release/arm/3.7.6/lib/clang/3.7.6/lib/linux/libclang_rt.builtins-arm.a(aeabi_memset.S.o) (memset)
/local/mnt/workspace/CRMBuilds/TZ.BF.4.0.7.1-00006-S660AAAAANAZT-2_20200329_233006/b/HK11/trustzone_images/core/bsp/trustzone/qsapps/applib32/build/KAJAANAA/applib32.lib(memcpy.o)
		/afs/localcell/cm/gv2.6/sysname/pkg.@sys/qct/software/llvm/release/arm/3.7.6/lib/clang/3.7.6/lib/linux/libclang_rt.builtins-arm.a(aeabi_memcpy.S.o) (memcpy)

Allocating common symbols
Common symbol	size	file

apps_request_resp	0x14	/local/mnt/workspace/CRMBuilds/TZ.BF.4.0.7.1-00006-S660AAAAANAZT-2_20200329_233006/b/HK11/trustzone_images/core/bsp/trustzone/qsapps/applib32/build/KAJAANAA/applib32.lib(common_applib.o)

Linker Script and memory map
START GROUP
LOAD /local/mnt/workspace/CRMBuilds/TZ.BF.4.0.7.1-00006-S660AAAAANAZT-2_20200329_233006/b/HK11/trustzone_images/apps/bsp/trustzone/qsapps/secureindicator/build/KAJAANAA/secureindicator/objects/secureindicator/oem/src/si_oem.o
LOAD /local/mnt/workspace/CRMBuilds/TZ.BF.4.0.7.1-00006-S660AAAAANAZT-2_20200329_233006/b/HK11/trustzone_images/apps/bsp/trustzone/qsapps/secureindicator/build/KAJAANAA/secureindicator/objects/secureindicator/src/si.o
LOAD /local/mnt/workspace/CRMBuilds/TZ.BF.4.0.7.1-00006-S660AAAAANAZT-2_20200329_233006/b/HK11/trustzone_images/apps/bsp/trustzone/qsapps/secureindicator/build/KAJAANAA/secureindicator/objects/secureindicator/src/si_main.o
LOAD /local/mnt/workspace/CRMBuilds/TZ.BF.4.0.7.1-00006-S660AAAAANAZT-2_20200329_233006/b/HK11/trustzone_images/core/bsp/trustzone/qsapps/applib32/build/KAJAANAA/tzapp_entry.o
LOAD /local/mnt/workspace/CRMBuilds/TZ.BF.4.0.7.1-00006-S660AAAAANAZT-2_20200329_233006/b/HK11/trustzone_images/core/bsp/trustzone/qsapps/applib32/build/KAJAANAA/tzapp_lib_main.o
LOAD /local/mnt/workspace/CRMBuilds/TZ.BF.4.0.7.1-00006-S660AAAAANAZT-2_20200329_233006/b/HK11/trustzone_images/apps/bsp/trustzone/qsapps/secureindicator/build/KAJAANAA/metadata.o
LOAD /local/mnt/workspace/CRMBuilds/TZ.BF.4.0.7.1-00006-S660AAAAANAZT-2_20200329_233006/b/HK11/trustzone_images/core/securemsm/sse/qsee/SecureDisplay/libpng/build/secureindicator/scorpion/KAJAANAA/libpng.lib(png.o) 
LOAD /local/mnt/workspace/CRMBuilds/TZ.BF.4.0.7.1-00006-S660AAAAANAZT-2_20200329_233006/b/HK11/trustzone_images/core/securemsm/sse/qsee/SecureDisplay/libpng/build/secureindicator/scorpion/KAJAANAA/libpng.lib(pngerror.o) 
LOAD /local/mnt/workspace/CRMBuilds/TZ.BF.4.0.7.1-00006-S660AAAAANAZT-2_20200329_233006/b/HK11/trustzone_images/core/securemsm/sse/qsee/SecureDisplay/libpng/build/secureindicator/scorpion/KAJAANAA/libpng.lib(pngget.o) 
LOAD /local/mnt/workspace/CRMBuilds/TZ.BF.4.0.7.1-00006-S660AAAAANAZT-2_20200329_233006/b/HK11/trustzone_images/core/securemsm/sse/qsee/SecureDisplay/libpng/build/secureindicator/scorpion/KAJAANAA/libpng.lib(pngmem.o) 
LOAD /local/mnt/workspace/CRMBuilds/TZ.BF.4.0.7.1-00006-S660AAAAANAZT-2_20200329_233006/b/HK11/trustzone_images/core/securemsm/sse/qsee/SecureDisplay/libpng/build/secureindicator/scorpion/KAJAANAA/libpng.lib(pngread.o) 
LOAD /local/mnt/workspace/CRMBuilds/TZ.BF.4.0.7.1-00006-S660AAAAANAZT-2_20200329_233006/b/HK11/trustzone_images/core/securemsm/sse/qsee/SecureDisplay/libpng/build/secureindicator/scorpion/KAJAANAA/libpng.lib(pngrio.o) 
LOAD /local/mnt/workspace/CRMBuilds/TZ.BF.4.0.7.1-00006-S660AAAAANAZT-2_20200329_233006/b/HK11/trustzone_images/core/securemsm/sse/qsee/SecureDisplay/libpng/build/secureindicator/scorpion/KAJAANAA/libpng.lib(pngrutil.o) 
LOAD /local/mnt/workspace/CRMBuilds/TZ.BF.4.0.7.1-00006-S660AAAAANAZT-2_20200329_233006/b/HK11/trustzone_images/core/securemsm/sse/qsee/SecureDisplay/libpng/build/secureindicator/scorpion/KAJAANAA/libpng.lib(pngset.o) 
LOAD /local/mnt/workspace/CRMBuilds/TZ.BF.4.0.7.1-00006-S660AAAAANAZT-2_20200329_233006/b/HK11/trustzone_images/core/securemsm/sse/qsee/SecureDisplay/zlib/build/secureindicator/scorpion/KAJAANAA/zlib.lib(crc32.o) 
LOAD /local/mnt/workspace/CRMBuilds/TZ.BF.4.0.7.1-00006-S660AAAAANAZT-2_20200329_233006/b/HK11/trustzone_images/core/securemsm/sse/qsee/SecureDisplay/zlib/build/secureindicator/scorpion/KAJAANAA/zlib.lib(inflate.o) 
LOAD /local/mnt/workspace/CRMBuilds/TZ.BF.4.0.7.1-00006-S660AAAAANAZT-2_20200329_233006/b/HK11/trustzone_images/core/securemsm/sse/qsee/SecureDisplay/zlib/build/secureindicator/scorpion/KAJAANAA/zlib.lib(inftrees.o) 
LOAD /local/mnt/workspace/CRMBuilds/TZ.BF.4.0.7.1-00006-S660AAAAANAZT-2_20200329_233006/b/HK11/trustzone_images/core/securemsm/sse/qsee/SecureDisplay/zlib/build/secureindicator/scorpion/KAJAANAA/zlib.lib(zutil.o) 
LOAD /local/mnt/workspace/CRMBuilds/TZ.BF.4.0.7.1-00006-S660AAAAANAZT-2_20200329_233006/b/HK11/trustzone_images/core/securemsm/sse/qsee/SecureDisplay/zlib/build/secureindicator/scorpion/KAJAANAA/zlib.lib(adler32.o) 
LOAD /local/mnt/workspace/CRMBuilds/TZ.BF.4.0.7.1-00006-S660AAAAANAZT-2_20200329_233006/b/HK11/trustzone_images/core/securemsm/sse/qsee/SecureDisplay/zlib/build/secureindicator/scorpion/KAJAANAA/zlib.lib(inffast.o) 
LOAD /local/mnt/workspace/CRMBuilds/TZ.BF.4.0.7.1-00006-S660AAAAANAZT-2_20200329_233006/b/HK11/trustzone_images/core/bsp/trustzone/qsapps/applib32/build/KAJAANAA/applib32.lib(memscpy.o) 
LOAD /local/mnt/workspace/CRMBuilds/TZ.BF.4.0.7.1-00006-S660AAAAANAZT-2_20200329_233006/b/HK11/trustzone_images/core/bsp/trustzone/qsapps/applib32/build/KAJAANAA/applib32.lib(timesafe_strncmp.o) 
LOAD /local/mnt/workspace/CRMBuilds/TZ.BF.4.0.7.1-00006-S660AAAAANAZT-2_20200329_233006/b/HK11/trustzone_images/core/bsp/trustzone/qsapps/applib32/build/KAJAANAA/applib32.lib(common_applib.o) 
LOAD /local/mnt/workspace/CRMBuilds/TZ.BF.4.0.7.1-00006-S660AAAAANAZT-2_20200329_233006/b/HK11/trustzone_images/core/bsp/trustzone/qsapps/applib32/build/KAJAANAA/applib32.lib(prxy_services.o) 
LOAD /local/mnt/workspace/CRMBuilds/TZ.BF.4.0.7.1-00006-S660AAAAANAZT-2_20200329_233006/b/HK11/trustzone_images/core/bsp/trustzone/qsapps/applib32/build/KAJAANAA/applib32.lib(tzapp_syscall.o) 
LOAD /local/mnt/workspace/CRMBuilds/TZ.BF.4.0.7.1-00006-S660AAAAANAZT-2_20200329_233006/b/HK11/trustzone_images/core/bsp/trustzone/qsapps/applib32/build/KAJAANAA/applib32.lib(mink_shared_code.o) 
LOAD /local/mnt/workspace/CRMBuilds/TZ.BF.4.0.7.1-00006-S660AAAAANAZT-2_20200329_233006/b/HK11/trustzone_images/core/bsp/trustzone/qsapps/applib32/build/KAJAANAA/applib32.lib(qsee_env.o) 
LOAD /local/mnt/workspace/CRMBuilds/TZ.BF.4.0.7.1-00006-S660AAAAANAZT-2_20200329_233006/b/HK11/trustzone_images/core/bsp/trustzone/qsapps/applib32/build/KAJAANAA/applib32.lib(qsee_prng.o) 
LOAD /local/mnt/workspace/CRMBuilds/TZ.BF.4.0.7.1-00006-S660AAAAANAZT-2_20200329_233006/b/HK11/trustzone_images/core/bsp/trustzone/qsapps/applib32/build/KAJAANAA/applib32.lib(qsee_appmessage.o) 
LOAD /local/mnt/workspace/CRMBuilds/TZ.BF.4.0.7.1-00006-S660AAAAANAZT-2_20200329_233006/b/HK11/trustzone_images/core/bsp/trustzone/qsapps/applib32/build/KAJAANAA/applib32.lib(sfs_api.o) 
LOAD /local/mnt/workspace/CRMBuilds/TZ.BF.4.0.7.1-00006-S660AAAAANAZT-2_20200329_233006/b/HK11/trustzone_images/core/bsp/trustzone/qsapps/applib32/build/KAJAANAA/applib32.lib(secure_memset.o) 
LOAD /local/mnt/workspace/CRMBuilds/TZ.BF.4.0.7.1-00006-S660AAAAANAZT-2_20200329_233006/b/HK11/trustzone_images/core/bsp/trustzone/qsapps/applib32/build/KAJAANAA/applib32.lib(memcmp.o) 
LOAD /local/mnt/workspace/CRMBuilds/TZ.BF.4.0.7.1-00006-S660AAAAANAZT-2_20200329_233006/b/HK11/trustzone_images/core/bsp/trustzone/qsapps/applib32/build/KAJAANAA/applib32.lib(strlen.o) 
LOAD /local/mnt/workspace/CRMBuilds/TZ.BF.4.0.7.1-00006-S660AAAAANAZT-2_20200329_233006/b/HK11/trustzone_images/core/bsp/trustzone/qsapps/applib32/build/KAJAANAA/applib32.lib(printf.o) 
LOAD /local/mnt/workspace/CRMBuilds/TZ.BF.4.0.7.1-00006-S660AAAAANAZT-2_20200329_233006/b/HK11/trustzone_images/core/bsp/trustzone/qsapps/applib32/build/KAJAANAA/applib32.lib(abort.o) 
LOAD /local/mnt/workspace/CRMBuilds/TZ.BF.4.0.7.1-00006-S660AAAAANAZT-2_20200329_233006/b/HK11/trustzone_images/core/bsp/trustzone/qsapps/applib32/build/KAJAANAA/applib32.lib(gpPersistObjCommon.o) 
LOAD /local/mnt/workspace/CRMBuilds/TZ.BF.4.0.7.1-00006-S660AAAAANAZT-2_20200329_233006/b/HK11/trustzone_images/core/bsp/trustzone/qsapps/applib32/build/KAJAANAA/applib32.lib(gpPersistentObjects.o) 
LOAD /local/mnt/workspace/CRMBuilds/TZ.BF.4.0.7.1-00006-S660AAAAANAZT-2_20200329_233006/b/HK11/trustzone_images/core/bsp/trustzone/qsapps/applib32/build/KAJAANAA/applib32.lib(gpPersistObjData.o) 
LOAD /local/mnt/workspace/CRMBuilds/TZ.BF.4.0.7.1-00006-S660AAAAANAZT-2_20200329_233006/b/HK11/trustzone_images/core/bsp/trustzone/qsapps/applib32/build/KAJAANAA/applib32.lib(gpPersistObjHandler.o) 
LOAD /local/mnt/workspace/CRMBuilds/TZ.BF.4.0.7.1-00006-S660AAAAANAZT-2_20200329_233006/b/HK11/trustzone_images/core/bsp/trustzone/qsapps/applib32/build/KAJAANAA/applib32.lib(gpPersistObjIndex.o) 
LOAD /local/mnt/workspace/CRMBuilds/TZ.BF.4.0.7.1-00006-S660AAAAANAZT-2_20200329_233006/b/HK11/trustzone_images/core/bsp/trustzone/qsapps/applib32/build/KAJAANAA/applib32.lib(gpPersistObjVersion.o) 
LOAD /local/mnt/workspace/CRMBuilds/TZ.BF.4.0.7.1-00006-S660AAAAANAZT-2_20200329_233006/b/HK11/trustzone_images/core/bsp/trustzone/qsapps/applib32/build/KAJAANAA/applib32.lib(kthread_shared.o) 
LOAD /local/mnt/workspace/CRMBuilds/TZ.BF.4.0.7.1-00006-S660AAAAANAZT-2_20200329_233006/b/HK11/trustzone_images/core/bsp/trustzone/qsapps/applib32/build/KAJAANAA/applib32.lib(qsee_core_shim.o) 
LOAD /local/mnt/workspace/CRMBuilds/TZ.BF.4.0.7.1-00006-S660AAAAANAZT-2_20200329_233006/b/HK11/trustzone_images/core/bsp/trustzone/qsapps/applib32/build/KAJAANAA/applib32.lib(stor.o) 
LOAD /local/mnt/workspace/CRMBuilds/TZ.BF.4.0.7.1-00006-S660AAAAANAZT-2_20200329_233006/b/HK11/trustzone_images/core/bsp/trustzone/qsapps/applib32/build/KAJAANAA/applib32.lib(stor_gpt.o) 
LOAD /local/mnt/workspace/CRMBuilds/TZ.BF.4.0.7.1-00006-S660AAAAANAZT-2_20200329_233006/b/HK11/trustzone_images/core/bsp/trustzone/qsapps/applib32/build/KAJAANAA/applib32.lib(stor_rpmbw.o) 
LOAD /local/mnt/workspace/CRMBuilds/TZ.BF.4.0.7.1-00006-S660AAAAANAZT-2_20200329_233006/b/HK11/trustzone_images/core/bsp/trustzone/qsapps/applib32/build/KAJAANAA/applib32.lib(qsee_cfg_prop_shim.o) 
LOAD /local/mnt/workspace/CRMBuilds/TZ.BF.4.0.7.1-00006-S660AAAAANAZT-2_20200329_233006/b/HK11/trustzone_images/core/bsp/trustzone/qsapps/applib32/build/KAJAANAA/applib32.lib(strlcat.o) 
LOAD /local/mnt/workspace/CRMBuilds/TZ.BF.4.0.7.1-00006-S660AAAAANAZT-2_20200329_233006/b/HK11/trustzone_images/core/bsp/trustzone/qsapps/applib32/build/KAJAANAA/applib32.lib(strlcpy.o) 
LOAD /local/mnt/workspace/CRMBuilds/TZ.BF.4.0.7.1-00006-S660AAAAANAZT-2_20200329_233006/b/HK11/trustzone_images/core/bsp/trustzone/qsapps/applib32/build/KAJAANAA/applib32.lib(memchr.o) 
LOAD /local/mnt/workspace/CRMBuilds/TZ.BF.4.0.7.1-00006-S660AAAAANAZT-2_20200329_233006/b/HK11/trustzone_images/core/bsp/trustzone/qsapps/applib32/build/KAJAANAA/applib32.lib(strncmp.o) 
LOAD /local/mnt/workspace/CRMBuilds/TZ.BF.4.0.7.1-00006-S660AAAAANAZT-2_20200329_233006/b/HK11/trustzone_images/core/bsp/trustzone/qsapps/applib32/build/KAJAANAA/applib32.lib(gpPersistObjCrypto.o) 
LOAD /local/mnt/workspace/CRMBuilds/TZ.BF.4.0.7.1-00006-S660AAAAANAZT-2_20200329_233006/b/HK11/trustzone_images/core/bsp/trustzone/qsapps/applib32/build/KAJAANAA/applib32.lib(gpPersistObjFileIO.o) 
LOAD /local/mnt/workspace/CRMBuilds/TZ.BF.4.0.7.1-00006-S660AAAAANAZT-2_20200329_233006/b/HK11/trustzone_images/core/bsp/trustzone/qsapps/applib32/build/KAJAANAA/applib32.lib(qsee_cipher.o) 
LOAD /local/mnt/workspace/CRMBuilds/TZ.BF.4.0.7.1-00006-S660AAAAANAZT-2_20200329_233006/b/HK11/trustzone_images/core/bsp/trustzone/qsapps/applib32/build/KAJAANAA/applib32.lib(qsee_hash.o) 
LOAD /local/mnt/workspace/CRMBuilds/TZ.BF.4.0.7.1-00006-S660AAAAANAZT-2_20200329_233006/b/HK11/trustzone_images/core/bsp/trustzone/qsapps/applib32/build/KAJAANAA/applib32.lib(qsee_hmac.o) 
LOAD /local/mnt/workspace/CRMBuilds/TZ.BF.4.0.7.1-00006-S660AAAAANAZT-2_20200329_233006/b/HK11/trustzone_images/core/bsp/trustzone/qsapps/applib32/build/KAJAANAA/applib32.lib(timesafe_memcmp.o) 
LOAD /local/mnt/workspace/CRMBuilds/TZ.BF.4.0.7.1-00006-S660AAAAANAZT-2_20200329_233006/b/HK11/trustzone_images/core/bsp/trustzone/qsapps/applib32/build/KAJAANAA/applib32.lib(gpFileService.o) 
LOAD /afs/localcell/cm/gv2.6/sysname/pkg.@sys/qct/software/llvm/release/arm/3.7.6/lib/clang/3.7.6/lib/linux/libclang_rt.builtins-arm.a(aeabi_memcpy.S.o) 
LOAD /afs/localcell/cm/gv2.6/sysname/pkg.@sys/qct/software/llvm/release/arm/3.7.6/lib/clang/3.7.6/lib/linux/libclang_rt.builtins-arm.a(aeabi_memset.S.o) 
LOAD /afs/localcell/cm/gv2.6/sysname/pkg.@sys/qct/software/llvm/release/arm/3.7.6/lib/clang/3.7.6/lib/linux/libclang_rt.builtins-arm.a(aeabi_uldivmod.S.o) 
LOAD /afs/localcell/cm/gv2.6/sysname/pkg.@sys/qct/software/llvm/release/arm/3.7.6/lib/clang/3.7.6/lib/linux/libclang_rt.builtins-arm.a(udivmoddi4.c.o) 
LOAD /afs/localcell/cm/gv2.6/sysname/pkg.@sys/qct/software/llvm/release/arm/3.7.6/lib/clang/3.7.6/lib/linux/libclang_rt.builtins-arm.a(umoddi3.c.o) 
LOAD /afs/localcell/cm/gv2.6/sysname/pkg.@sys/qct/software/llvm/release/arm/3.7.6/lib/clang/3.7.6/lib/linux/libclang_rt.builtins-arm.a(udivsi3.S.o) 
LOAD /afs/localcell/cm/gv2.6/sysname/pkg.@sys/qct/software/llvm/release/arm/3.7.6/lib/clang/3.7.6/lib/linux/libclang_rt.builtins-arm.a(umodsi3.S.o) 
LOAD /afs/localcell/cm/gv2.6/sysname/pkg.@sys/qct/software/llvm/release/arm/3.7.6/lib/clang/3.7.6/lib/linux/libclang_rt.builtins-arm.a(aeabi_div0.c.o) 
LOAD /local/mnt/workspace/CRMBuilds/TZ.BF.4.0.7.1-00006-S660AAAAANAZT-2_20200329_233006/b/HK11/trustzone_images/core/bsp/trustzone/qsapps/applib32/build/KAJAANAA/applib32.lib(memset.o) 
LOAD /local/mnt/workspace/CRMBuilds/TZ.BF.4.0.7.1-00006-S660AAAAANAZT-2_20200329_233006/b/HK11/trustzone_images/core/bsp/trustzone/qsapps/applib32/build/KAJAANAA/applib32.lib(memcpy.o) 
END GROUP

Linker scripts used (including INCLUDE command)
/local/mnt/workspace/CRMBuilds/TZ.BF.4.0.7.1-00006-S660AAAAANAZT-2_20200329_233006/b/HK11/trustzone_images/apps/bsp/trustzone/qsapps/secureindicator/build/KAJAANAA/secureindicator.scl

	0x0	0x0

.text	0x0	0x15e94
KEEP ((TZAPPENTRYCODE ))
	text_section_base(0x0) = .( 0x0 );
TZAPPENTRYCODE	0x0	0x4c	/local/mnt/workspace/CRMBuilds/TZ.BF.4.0.7.1-00006-S660AAAAANAZT-2_20200329_233006/b/HK11/trustzone_images/core/bsp/trustzone/qsapps/applib32/build/KAJAANAA/tzapp_entry.o	
	0x0		$a.0	
	0x0		TZAPPENTRYCODE	
	0x0		TZAPPENTRY	
	0x0		__main	
	0x0		_main	
	0x3c		get_cmnlib_ctx_ptr	
	0x44		$d.1	
(.text .text.* kthread_shared )
.text	0x4c	0x630	/local/mnt/workspace/CRMBuilds/TZ.BF.4.0.7.1-00006-S660AAAAANAZT-2_20200329_233006/b/HK11/trustzone_images/apps/bsp/trustzone/qsapps/secureindicator/build/KAJAANAA/secureindicator/objects/secureindicator/src/si.o	
	0x4c		$t.1	
	0x4c		.text	
	0x4d		is_indicator_provisioned	
	0x74		$d.2	
	0x7c		$t.4	
	0x7d		store_indicator	
	0x2b4		$d.5	
	0x318		$t.6	
	0x319		provide_indicator	
	0x500		$d.7	
	0x548		$t.8	
	0x549		get_indicator_dimensions	
	0x570		$d.9	
	0x578		$t.10	
	0x579		remove_indicator	
	0x5cc		$d.11	
	0x5e0		$t.12	
	0x5e1		is_indicator_file_stored	
	0x62c		$d.13	
	0x640		$t.14	
	0x641		read_data_fn	
	0x678		$d.15	
.text	0x67c	0x110	/local/mnt/workspace/CRMBuilds/TZ.BF.4.0.7.1-00006-S660AAAAANAZT-2_20200329_233006/b/HK11/trustzone_images/apps/bsp/trustzone/qsapps/secureindicator/build/KAJAANAA/secureindicator/objects/secureindicator/src/si_main.o	
	0x67c		$t.1	
	0x67c		.text	
	0x67d		tz_app_init	
	0x69c		$d.2	
	0x6a4		$t.4	
	0x6a5		tz_app_cmd_handler	
	0x75c		$d.5	
	0x778		$t.6	
	0x779		tz_app_shutdown	
	0x788		$d.7	
.text	0x78c	0xa0	/local/mnt/workspace/CRMBuilds/TZ.BF.4.0.7.1-00006-S660AAAAANAZT-2_20200329_233006/b/HK11/trustzone_images/core/bsp/trustzone/qsapps/applib32/build/KAJAANAA/tzapp_lib_main.o	
	0x78c		$t.1	
	0x78c		.text	
	0x78d		TEE_Panic	
	0x791		GPMemoryMgmt_verifyHandle	
	0x795		GPMemoryMgmt_verifyDataAccess	
	0x799		CApp_handleRequest	
	0x7bd		CApp_invoke	
	0x815		secure_app_init	
	0x821		secure_app_shutdown	
.text	0x82c	0x4a8	/local/mnt/workspace/CRMBuilds/TZ.BF.4.0.7.1-00006-S660AAAAANAZT-2_20200329_233006/b/HK11/trustzone_images/core/securemsm/sse/qsee/SecureDisplay/libpng/build/secureindicator/scorpion/KAJAANAA/libpng.lib(png.o)	
	0x82c		.text	
	0x82c		$t.1	
	0x82d		png_set_sig_bytes	
	0x849		png_sig_cmp	
	0x8ac		$d.3	
	0x8b0		$t.4	
	0x8b1		png_zalloc	
	0x8cd		png_zfree	
	0x8d1		png_reset_crc	
	0x8e9		png_calculate_crc	
	0x945		png_user_version_check	
	0x9a0		$d.5	
	0x9a4		$t.6	
	0x9a5		png_get_header_ver	
	0x9ac		$d.7	
	0x9b0		$t.8	
	0x9b1		png_create_png_struct	
	0xa48		$d.9	
	0xa54		$t.10	
	0xa55		png_create_info_struct	
	0xa89		png_destroy_info_struct	
	0xad9		png_free_data	
	0xb2d		png_data_freer	
	0xb55		png_get_io_ptr	
	0xb61		png_get_copyright	
	0xb68		$d.11	
	0xb6c		$t.12	
	0xb6d		png_get_libpng_ver	
	0xb74		$d.13	
	0xb78		$t.14	
	0xb79		png_get_header_version	
	0xb80		$d.15	
	0xb84		$t.16	
	0xb85		png_reset_zstream	
	0xb95		png_access_version_number	
	0xb9d		png_zstream_error	
	0xbb0		$d.17	
	0xbba		$t.18	
	0xbf8		$d.19	
	0xc20		$t.20	
	0xc21		png_check_IHDR	
.text	0xcd4	0x86	/local/mnt/workspace/CRMBuilds/TZ.BF.4.0.7.1-00006-S660AAAAANAZT-2_20200329_233006/b/HK11/trustzone_images/core/securemsm/sse/qsee/SecureDisplay/libpng/build/secureindicator/scorpion/KAJAANAA/libpng.lib(pngerror.o)	
	0xcd4		$t.1	
	0xcd4		.text	
	0xcd5		png_err	
	0xcec		$d.2	
	0xcf0		$t.4	
	0xcf1		png_safecat	
	0xd25		png_chunk_report	
	0xd3d		png_longjmp	
	0xd45		png_set_error_fn	
	0xd51		png_get_error_ptr	
.text	0xd5c	0x11c	/local/mnt/workspace/CRMBuilds/TZ.BF.4.0.7.1-00006-S660AAAAANAZT-2_20200329_233006/b/HK11/trustzone_images/core/securemsm/sse/qsee/SecureDisplay/libpng/build/secureindicator/scorpion/KAJAANAA/libpng.lib(pngget.o)	
	0xd5c		$t.1	
	0xd5c		.text	
	0xd5d		png_get_valid	
	0xd71		png_get_rowbytes	
	0xd85		png_get_channels	
	0xd99		png_get_signature	
	0xdb1		png_get_IHDR	
	0xe41		png_get_PLTE	
	0xe6d		png_get_compression_buffer_size	
.text	0xe78	0x130	/local/mnt/workspace/CRMBuilds/TZ.BF.4.0.7.1-00006-S660AAAAANAZT-2_20200329_233006/b/HK11/trustzone_images/core/securemsm/sse/qsee/SecureDisplay/libpng/build/secureindicator/scorpion/KAJAANAA/libpng.lib(pngmem.o)	
	0xe78		$t.1	
	0xe78		.text	
	0xe79		png_destroy_png_struct	
	0xec4		$d.2	
	0xec8		$t.4	
	0xec9		png_free	
	0xee5		png_calloc	
	0xf05		png_malloc	
	0xf25		png_malloc_base	
	0xf41		png_malloc_default	
	0xf61		png_malloc_warn	
	0xf79		png_free_default	
	0xf8d		png_set_mem_fn	
	0xf9d		png_get_mem_ptr	
.text	0xfa8	0x4b2	/local/mnt/workspace/CRMBuilds/TZ.BF.4.0.7.1-00006-S660AAAAANAZT-2_20200329_233006/b/HK11/trustzone_images/core/securemsm/sse/qsee/SecureDisplay/libpng/build/secureindicator/scorpion/KAJAANAA/libpng.lib(pngread.o)	
	0xfa8		$t.1	
	0xfa8		.text	
	0xfa9		malloc_fn	
	0xfb1		free_fn	
	0xfb9		png_create_read_struct	
	0xfe0		$d.3	
	0xfe8		$t.4	
	0xfe9		png_create_read_struct_2	
	0x1025		png_read_info	
	0x10ed		png_read_update_info	
	0x110d		png_start_read_image	
	0x112d		png_read_row	
	0x1248		$d.5	
	0x124c		$t.6	
	0x124d		png_read_rows	
	0x12d9		png_read_image	
	0x131d		png_read_end	
	0x13cd		png_destroy_read_struct	
	0x1451		png_set_read_status_fn	
.text	0x145c	0x1e	/local/mnt/workspace/CRMBuilds/TZ.BF.4.0.7.1-00006-S660AAAAANAZT-2_20200329_233006/b/HK11/trustzone_images/core/securemsm/sse/qsee/SecureDisplay/libpng/build/secureindicator/scorpion/KAJAANAA/libpng.lib(pngrio.o)	
	0x145c		$t.1	
	0x145c		.text	
	0x145d		png_read_data	
	0x1471		png_set_read_fn	
.text	0x147c	0xc06	/local/mnt/workspace/CRMBuilds/TZ.BF.4.0.7.1-00006-S660AAAAANAZT-2_20200329_233006/b/HK11/trustzone_images/core/securemsm/sse/qsee/SecureDisplay/libpng/build/secureindicator/scorpion/KAJAANAA/libpng.lib(pngrutil.o)	
	0x147c		$t.1	
	0x147c		.text	
	0x147d		png_get_uint_31	
	0x14a5		png_read_sig	
	0x1509		png_read_chunk_header	
	0x1584		$d.3	
	0x1588		$t.4	
	0x1589		png_check_chunk_name	
	0x15b9		png_crc_read	
	0x15e5		png_crc_finish	
	0x1670		$d.5	
	0x1674		$t.6	
	0x1675		png_crc_error	
	0x16f8		$d.7	
	0x16fc		$t.8	
	0x16fd		png_handle_IHDR	
	0x17e8		$d.9	
	0x17ec		$t.10	
	0x17ed		png_handle_PLTE	
	0x1908		$d.11	
	0x1910		$t.12	
	0x1911		png_handle_IEND	
	0x193d		png_handle_unknown	
	0x195d		png_combine_row	
	0x1a05		png_read_filter_row	
	0x1a70		$d.13	
	0x1a84		$t.14	
	0x1a85		png_read_IDAT_data	
	0x1be4		$d.15	
	0x1be8		$t.16	
	0x1be9		png_read_finish_IDAT	
	0x1c45		png_read_finish_row	
	0x1d08		$d.17	
	0x1d18		$t.18	
	0x1d19		png_read_start_row	
	0x1ebc		$d.19	
	0x1ed0		$t.20	
	0x1ed1		png_read_filter_row_sub	
	0x1efd		png_read_filter_row_up	
	0x1f25		png_read_filter_row_avg	
	0x1f85		png_read_filter_row_paeth_1byte_pixel	
	0x1fe9		png_read_filter_row_paeth_multibyte_pixel	
.text	0x2084	0x172	/local/mnt/workspace/CRMBuilds/TZ.BF.4.0.7.1-00006-S660AAAAANAZT-2_20200329_233006/b/HK11/trustzone_images/core/securemsm/sse/qsee/SecureDisplay/libpng/build/secureindicator/scorpion/KAJAANAA/libpng.lib(pngset.o)	
	0x2084		$t.1	
	0x2084		.text	
	0x2085		png_set_IHDR	
	0x2119		png_set_PLTE	
	0x21c5		png_set_compression_buffer_size	
	0x21e5		png_set_invalid	
.text	0x21f8	0x368	/local/mnt/workspace/CRMBuilds/TZ.BF.4.0.7.1-00006-S660AAAAANAZT-2_20200329_233006/b/HK11/trustzone_images/core/securemsm/sse/qsee/SecureDisplay/zlib/build/secureindicator/scorpion/KAJAANAA/zlib.lib(crc32.o)	
	0x21f8		$t.1	
	0x21f8		.text	
	0x21f9		get_crc_table	
	0x2200		$d.2	
	0x2204		$t.4	
	0x2205		crc32	
	0x2444		$d.5	
	0x2448		$t.6	
	0x2449		crc32_combine	
	0x244d		crc32_combine_	
	0x2504		$d.7	
	0x250c		$t.8	
	0x250d		crc32_combine64	
	0x2511		gf2_matrix_square	
	0x2539		gf2_matrix_times	
.text	0x2560	0x19f0	/local/mnt/workspace/CRMBuilds/TZ.BF.4.0.7.1-00006-S660AAAAANAZT-2_20200329_233006/b/HK11/trustzone_images/core/securemsm/sse/qsee/SecureDisplay/zlib/build/secureindicator/scorpion/KAJAANAA/zlib.lib(inflate.o)	
	0x2560		$t.1	
	0x2560		.text	
	0x2561		inflateResetKeep	
	0x25c1		inflateReset	
	0x25e1		inflateReset2	
	0x2649		inflateInit2_	
	0x26d0		$d.3	
	0x26d8		$t.4	
	0x26d9		inflateInit_	
	0x26e5		inflatePrime	
	0x2735		inflate	
	0x27d0		$d.5	
	0x280e		$t.6	
	0x2b02		$d.7	
	0x2b0a		$t.8	
	0x35b8		$d.9	
	0x35c0		$t.10	
	0x3a4c		$d.11	
	0x3ac0		$t.12	
	0x3ac1		updatewindow	
	0x3b6d		inflateEnd	
	0x3ba5		inflateGetDictionary	
	0x3bfd		inflateSetDictionary	
	0x3c71		inflateGetHeader	
	0x3c91		inflateSync	
	0x3d84		$d.13	
	0x3d88		$t.14	
	0x3d89		syncsearch	
	0x3dd9		inflateSyncPoint	
	0x3dfd		inflateCopy	
	0x3ef9		inflateUndermine	
	0x3f19		inflateMark	
.text	0x3f50	0x374	/local/mnt/workspace/CRMBuilds/TZ.BF.4.0.7.1-00006-S660AAAAANAZT-2_20200329_233006/b/HK11/trustzone_images/core/securemsm/sse/qsee/SecureDisplay/zlib/build/secureindicator/scorpion/KAJAANAA/zlib.lib(inftrees.o)	
	0x3f50		$t.1	
	0x3f50		.text	
	0x3f51		inflate_table	
	0x42ac		$d.2	
.text	0x42c4	0x4e	/local/mnt/workspace/CRMBuilds/TZ.BF.4.0.7.1-00006-S660AAAAANAZT-2_20200329_233006/b/HK11/trustzone_images/core/securemsm/sse/qsee/SecureDisplay/zlib/build/secureindicator/scorpion/KAJAANAA/zlib.lib(zutil.o)	
	0x42c4		$t.1	
	0x42c4		.text	
	0x42c5		zlibVersion	
	0x42cc		$d.2	
	0x42d0		$t.4	
	0x42d1		zlibCompileFlags	
	0x42d5		zError	
	0x42e4		$d.5	
	0x42e8		$t.6	
	0x42e9		zcalloc	
	0x430d		zcfree	
.text	0x4314	0x2b4	/local/mnt/workspace/CRMBuilds/TZ.BF.4.0.7.1-00006-S660AAAAANAZT-2_20200329_233006/b/HK11/trustzone_images/core/securemsm/sse/qsee/SecureDisplay/zlib/build/secureindicator/scorpion/KAJAANAA/zlib.lib(adler32.o)	
	0x4314		$t.1	
	0x4314		.text	
	0x4315		adler32	
	0x453d		adler32_combine	
	0x4541		adler32_combine_	
	0x45c5		adler32_combine64	
.text	0x45c8	0x4a8	/local/mnt/workspace/CRMBuilds/TZ.BF.4.0.7.1-00006-S660AAAAANAZT-2_20200329_233006/b/HK11/trustzone_images/core/securemsm/sse/qsee/SecureDisplay/zlib/build/secureindicator/scorpion/KAJAANAA/zlib.lib(inffast.o)	
	0x45c8		$t.1	
	0x45c8		.text	
	0x45c9		inflate_fast	
	0x4a64		$d.2	
.text	0x4a70	0x18	/local/mnt/workspace/CRMBuilds/TZ.BF.4.0.7.1-00006-S660AAAAANAZT-2_20200329_233006/b/HK11/trustzone_images/core/bsp/trustzone/qsapps/applib32/build/KAJAANAA/applib32.lib(memscpy.o)	
	0x4a70		$t.1	
	0x4a70		.text	
	0x4a71		memscpy	
.text	0x4a88	0x70	/local/mnt/workspace/CRMBuilds/TZ.BF.4.0.7.1-00006-S660AAAAANAZT-2_20200329_233006/b/HK11/trustzone_images/core/bsp/trustzone/qsapps/applib32/build/KAJAANAA/applib32.lib(timesafe_strncmp.o)	
	0x4a88		$t.1	
	0x4a88		.text	
	0x4a89		timesafe_strncmp	
.text	0x4af8	0x888	/local/mnt/workspace/CRMBuilds/TZ.BF.4.0.7.1-00006-S660AAAAANAZT-2_20200329_233006/b/HK11/trustzone_images/core/bsp/trustzone/qsapps/applib32/build/KAJAANAA/applib32.lib(common_applib.o)	
	0x4af8		.text	
	0x4af8		$t.1	
	0x4af9		qsee_err_fatal	
	0x4b19		platform_err_fatal	
	0x4b1d		platform_get_random	
	0x4b21		__stack_chk_fail	
	0x4b25		_sys_command_string	
	0x4b2c		$d.3	
	0x4b30		$t.4	
	0x4b31		get_app_req_resp	
	0x4b38		$d.5	
	0x4b3c		$t.6	
	0x4b3d		qsee_read_register	
	0x4b5d		qsee_request_service	
	0x4bd0		$d.7	
	0x4bd4		$t.8	
	0x4bd5		qsee_prepare_shared_buf_for_nosecure_read	
	0x4bf5		qsee_prepare_shared_buf_for_secure_read	
	0x4c15		qsee_set_global_flag	
	0x4c35		qsee_get_global_flag	
	0x4c55		qsee_oem_process_cmd	
	0x4c79		qsee_enforce_hdmi_hdcp_encryption	
	0x4c99		qsee_write_hdcp2p2_key_riv_enable	
	0x4cc1		qsee_read_hdcp2p2_min_encryption_level	
	0x4ce1		qsee_write_hdcp2p2_min_encryption_level	
	0x4d01		qsee_get_hdcp_min_enc_level	
	0x4d21		qsee_get_chipset_family	
	0x4d41		qsee_set_hdcp_min_enc_level	
	0x4d61		qsee_write_hdcp1_key	
	0x4d81		qsee_set_hdcp_cpi_assert	
	0x4da1		qsee_get_secure_state	
	0x4dc1		__wrap_malloc	
	0x4dc9		qsee_realloc	
	0x4df4		$d.9	
	0x4df8		$t.10	
	0x4df9		realloc	
	0x4dfd		qsee_malloc	
	0x4e05		qsee_realloc_common	
	0x4e70		$d.11	
	0x4e78		$t.12	
	0x4e79		__wrap_free	
	0x4e7d		qsee_free	
	0x4e9c		$d.13	
	0x4ea4		$t.14	
	0x4ea5		qsee_cmnlib_malloc	
	0x4ec4		$d.15	
	0x4ecc		$t.16	
	0x4ecd		qsee_cmnlib_free	
	0x4eec		$d.17	
	0x4ef4		$t.18	
	0x4ef5		tz_module_open	
	0x4f05		tzlib_app_entry	
	0x5048		$d.19	
	0x5098		$t.20	
	0x5099		get_ta_app_name	
	0x50a4		$d.21	
	0x50a8		$t.22	
	0x50a9		get_app_heap_size	
	0x50b8		$d.23	
	0x50c0		$t.24	
	0x50c1		get_app_md	
	0x5180		$d.25	
	0x51a8		$t.26	
	0x51a9		CElfFile_invoke	
	0x5234		$d.27	
	0x523c		$t.28	
	0x523d		get_app_stack_size	
	0x524c		$d.29	
	0x5254		$t.30	
	0x5255		AppModule_invoke	
	0x5368		$d.31	
.text	0x5380	0x550	/local/mnt/workspace/CRMBuilds/TZ.BF.4.0.7.1-00006-S660AAAAANAZT-2_20200329_233006/b/HK11/trustzone_images/core/bsp/trustzone/qsapps/applib32/build/KAJAANAA/applib32.lib(prxy_services.o)	
	0x5380		.text	
	0x5380		$t.1	
	0x5381		qsee_kdf	
	0x53b0		$d.2	
	0x53b4		$t.4	
	0x53b5		qsee_log	
	0x545c		$d.5	
	0x5464		$t.6	
	0x5465		qsee_log_set_mask	
	0x5484		$d.7	
	0x5488		$t.8	
	0x5489		qsee_log_get_mask	
	0x54b0		$d.9	
	0x54b4		$t.10	
	0x54b5		open	
	0x54dc		$d.11	
	0x54e0		$t.12	
	0x54e1		read	
	0x5500		$d.13	
	0x5504		$t.14	
	0x5505		write	
	0x5524		$d.15	
	0x5528		$t.16	
	0x5529		close	
	0x5548		$d.17	
	0x554c		$t.18	
	0x554d		lstat	
	0x556c		$d.19	
	0x5570		$t.20	
	0x5571		mkdir	
	0x5590		$d.21	
	0x5594		$t.22	
	0x5595		frename	
	0x55b4		$d.23	
	0x55b8		$t.24	
	0x55b9		opendir	
	0x55d8		$d.25	
	0x55dc		$t.26	
	0x55dd		readdir	
	0x55fc		$d.27	
	0x5600		$t.28	
	0x5601		rmdir	
	0x5620		$d.29	
	0x5624		$t.30	
	0x5625		testdir	
	0x5644		$d.31	
	0x5648		$t.32	
	0x5649		file_get_partition_free_size	
	0x5668		$d.33	
	0x566c		$t.34	
	0x566d		fstat	
	0x568c		$d.35	
	0x5690		$t.36	
	0x5691		lseek	
	0x56b0		$d.37	
	0x56b4		$t.38	
	0x56b5		time_getsystime	
	0x56d4		$d.39	
	0x56d8		$t.40	
	0x56d9		time_getutcsec	
	0x56f8		$d.41	
	0x56fc		$t.42	
	0x56fd		time_is_leap_year	
	0x571c		$d.43	
	0x5720		$t.44	
	0x5721		remove	
	0x5740		$d.45	
	0x5744		$t.46	
	0x5745		unlink	
	0x5764		$d.47	
	0x5768		$t.48	
	0x5769		link	
	0x5788		$d.49	
	0x578c		$t.50	
	0x578d		telldir	
	0x57ac		$d.51	
	0x57b0		$t.52	
	0x57b1		fsync	
	0x57d0		$d.53	
	0x57d4		$t.54	
	0x57d5		openat	
	0x57fc		$d.55	
	0x5800		$t.56	
	0x5801		unlinkat	
	0x5820		$d.57	
	0x5824		$t.58	
	0x5825		fcntl	
	0x584c		$d.59	
	0x5850		$t.60	
	0x5851		creat	
	0x5870		$d.61	
	0x5874		$t.62	
	0x5875		file_dir_chown_chmod	
	0x58a4		$d.63	
	0x58a8		$t.64	
	0x58a9		get_error_number	
	0x58cc		$d.65	
.text	0x58d0	0x290	/local/mnt/workspace/CRMBuilds/TZ.BF.4.0.7.1-00006-S660AAAAANAZT-2_20200329_233006/b/HK11/trustzone_images/core/bsp/trustzone/qsapps/applib32/build/KAJAANAA/applib32.lib(mink_shared_code.o)	
	0x58d0		$t.1	
	0x58d0		.text	
	0x58d1		UThread_syscall	
	0x58f1		minkIPC	
	0x59f8		$d.3	
	0x5a04		$t.4	
	0x5a05		minkServerLoop	
	0x5b21		minkServerEntry	
	0x5b5c		$d.5	
.text	0x5b60	0x214	/local/mnt/workspace/CRMBuilds/TZ.BF.4.0.7.1-00006-S660AAAAANAZT-2_20200329_233006/b/HK11/trustzone_images/core/bsp/trustzone/qsapps/applib32/build/KAJAANAA/applib32.lib(qsee_env.o)	
	0x5b60		$t.1	
	0x5b60		.text	
	0x5b61		qsee_set_env	
	0x5b78		$d.2	
	0x5b7c		$t.4	
	0x5b7d		qsee_open	
	0x5bd8		$d.5	
	0x5be0		$t.6	
	0x5be1		qsee_open_singleton	
	0x5bfc		$d.7	
	0x5c32		$t.8	
	0x5cd0		$d.9	
	0x5cd4		$t.10	
	0x5cd5		qsee_printf_ap	
	0x5d2c		$d.11	
	0x5d34		$t.12	
	0x5d35		qsee_printf	
	0x5d70		$d.13	
.text	0x5d74	0x58	/local/mnt/workspace/CRMBuilds/TZ.BF.4.0.7.1-00006-S660AAAAANAZT-2_20200329_233006/b/HK11/trustzone_images/core/bsp/trustzone/qsapps/applib32/build/KAJAANAA/applib32.lib(qsee_prng.o)	
	0x5d74		$t.1	
	0x5d74		.text	
	0x5d75		qsee_prng_getdata	
	0x5dc8		$d.2	
.text	0x5dcc	0x18c	/local/mnt/workspace/CRMBuilds/TZ.BF.4.0.7.1-00006-S660AAAAANAZT-2_20200329_233006/b/HK11/trustzone_images/core/bsp/trustzone/qsapps/applib32/build/KAJAANAA/applib32.lib(qsee_appmessage.o)	
	0x5dcc		$t.1	
	0x5dcc		.text	
	0x5dcd		qsee_encapsulate_inter_app_message	
	0x5e80		$d.2	
	0x5e84		$t.4	
	0x5e85		translateToQSeeErrors	
	0x5ea5		qsee_decapsulate_inter_app_message	
	0x5f54		$d.5	
.text	0x5f58	0x6e0	/local/mnt/workspace/CRMBuilds/TZ.BF.4.0.7.1-00006-S660AAAAANAZT-2_20200329_233006/b/HK11/trustzone_images/core/bsp/trustzone/qsapps/applib32/build/KAJAANAA/applib32.lib(sfs_api.o)	
	0x5f58		.text	
	0x5f58		$t.1	
	0x5f59		qsee_sfs_open	
	0x6090		$d.2	
	0x60c4		$t.4	
	0x60c5		sfs_map_error	
	0x6111		qsee_sfs_close	
	0x6115		qsee_sfs_read	
	0x6188		$d.5	
	0x61a0		$t.6	
	0x61a1		qsee_sfs_write	
	0x61fc		$d.7	
	0x6210		$t.8	
	0x6211		qsee_sfs_seek	
	0x62d4		$d.9	
	0x62f8		$t.10	
	0x62f9		qsee_sfs_getSize	
	0x6384		$d.11	
	0x639c		$t.12	
	0x639d		qsee_sfs_mkdir	
	0x63a1		qsee_sfs_rmdir	
	0x63a5		qsee_sfs_rm	
	0x6414		$d.13	
	0x6424		$t.14	
	0x6425		qsee_sfs_error	
	0x642c		$d.15	
	0x6430		$t.16	
	0x6431		qsee_sfs_get_file_list	
	0x65a4		$d.17	
	0x65bc		$t.18	
	0x65bd		qsee_sfs_clean_file_list	
	0x65f0		$d.19	
	0x65f8		$t.20	
	0x65f9		qsee_sfs_is_anti_rollback_enabled	
	0x6630		$d.21	
.text	0x6638	0x1a	/local/mnt/workspace/CRMBuilds/TZ.BF.4.0.7.1-00006-S660AAAAANAZT-2_20200329_233006/b/HK11/trustzone_images/core/bsp/trustzone/qsapps/applib32/build/KAJAANAA/applib32.lib(secure_memset.o)	
	0x6638		$t.1	
	0x6638		.text	
	0x6639		secure_memset	
.text	0x6654	0x20	/local/mnt/workspace/CRMBuilds/TZ.BF.4.0.7.1-00006-S660AAAAANAZT-2_20200329_233006/b/HK11/trustzone_images/core/bsp/trustzone/qsapps/applib32/build/KAJAANAA/applib32.lib(memcmp.o)	
	0x6654		$t.1	
	0x6654		.text	
	0x6655		memcmp	
.text	0x6674	0x3c	/local/mnt/workspace/CRMBuilds/TZ.BF.4.0.7.1-00006-S660AAAAANAZT-2_20200329_233006/b/HK11/trustzone_images/core/bsp/trustzone/qsapps/applib32/build/KAJAANAA/applib32.lib(strlen.o)	
	0x6674		$t.1	
	0x6674		.text	
	0x6675		strlen	
.text	0x66b0	0xb44	/local/mnt/workspace/CRMBuilds/TZ.BF.4.0.7.1-00006-S660AAAAANAZT-2_20200329_233006/b/HK11/trustzone_images/core/bsp/trustzone/qsapps/applib32/build/KAJAANAA/applib32.lib(printf.o)	
	0x66b0		$t.1	
	0x66b0		.text	
	0x66b1		__towrite	
	0x66e9		vfprintf	
	0x67b8		$d.3	
	0x67bc		$t.4	
	0x67bd		printf_core	
	0x6ae6		$d.5	
	0x6afc		$t.6	
	0x6b7e		$d.7	
	0x6b8e		$t.8	
	0x6ecc		$d.9	
	0x6f3c		$t.10	
	0x6f3d		vsnprintf	
	0x6fc8		$d.11	
	0x6fd0		$t.12	
	0x6fd1		sn_write	
	0x6ff9		snprintf	
	0x7030		$d.13	
	0x7034		$t.14	
	0x7035		out	
	0x70c5		getint	
	0x70f1		pop_arg	
	0x7100		$d.15	
	0x7108		$t.16	
	0x7171		pad	
	0x71f0		$d.17	
.text	0x71f4	0xa	/local/mnt/workspace/CRMBuilds/TZ.BF.4.0.7.1-00006-S660AAAAANAZT-2_20200329_233006/b/HK11/trustzone_images/core/bsp/trustzone/qsapps/applib32/build/KAJAANAA/applib32.lib(abort.o)	
	0x71f4		$t.1	
	0x71f4		.text	
	0x71f5		abort	
.text	0x7200	0x56c	/local/mnt/workspace/CRMBuilds/TZ.BF.4.0.7.1-00006-S660AAAAANAZT-2_20200329_233006/b/HK11/trustzone_images/core/bsp/trustzone/qsapps/applib32/build/KAJAANAA/applib32.lib(gpPersistObjCommon.o)	
	0x7200		$t.1	
	0x7200		.text	
	0x7201		gpCommon_Copy_Attributes	
	0x7330		$d.2	
	0x7340		$t.4	
	0x7341		gpCommon_Init_Handles	
	0x73ec		$d.5	
	0x73f4		$t.6	
	0x73f5		gpCommon_Init_App_Info	
	0x744c		$d.7	
	0x7454		$t.8	
	0x7455		gpCommon_Clean_Attributes	
	0x74a5		gpCommon_Clean_Object_Handle	
	0x74e5		gpCommon_Get_Object_Info	
	0x7530		$d.9	
	0x7538		$t.10	
	0x7539		gpCommon_Close_Object	
	0x75d0		$d.11	
	0x75e8		$t.12	
	0x75e9		gpCommon_Get_File_Path	
	0x773c		$d.13	
.text	0x776c	0xf84	/local/mnt/workspace/CRMBuilds/TZ.BF.4.0.7.1-00006-S660AAAAANAZT-2_20200329_233006/b/HK11/trustzone_images/core/bsp/trustzone/qsapps/applib32/build/KAJAANAA/applib32.lib(gpPersistentObjects.o)	
	0x776c		.text	
	0x776c		$t.1	
	0x776d		TEE_OpenPersistentObject	
	0x7960		$d.2	
	0x7988		$t.4	
	0x7989		TEE_CreatePersistentObject	
	0x7c5c		$d.5	
	0x7cb4		$t.6	
	0x7cb5		TEE_CloseAndDeletePersistentObject1	
	0x7d7c		$d.7	
	0x7da4		$t.8	
	0x7da5		TEE_CloseAndDeletePersistentObject	
	0x7da9		TEE_ReadObjectData	
	0x7e90		$d.9	
	0x7eb0		$t.10	
	0x7eb1		TEE_WriteObjectData	
	0x7fd4		$d.11	
	0x7ffc		$t.12	
	0x7ffd		TEE_TruncateObjectData	
	0x810c		$d.13	
	0x8134		$t.14	
	0x8135		TEE_SeekObjectData	
	0x81ec		$d.15	
	0x820c		$t.16	
	0x820d		TEE_RenamePersistentObject	
	0x82f0		$d.17	
	0x8310		$t.18	
	0x8311		TEE_AllocatePersistentObjectEnumerator	
	0x8400		$d.19	
	0x8420		$t.20	
	0x8421		TEE_FreePersistentObjectEnumerator	
	0x8494		$d.21	
	0x84a4		$t.22	
	0x84a5		TEE_ResetPersistentObjectEnumerator	
	0x8510		$d.23	
	0x8520		$t.24	
	0x8521		TEE_StartPersistentObjectEnumerator	
	0x85f0		$d.25	
	0x8618		$t.26	
	0x8619		TEE_GetNextPersistentObject	
	0x86d0		$d.27	
.text	0x86f0	0x2400	/local/mnt/workspace/CRMBuilds/TZ.BF.4.0.7.1-00006-S660AAAAANAZT-2_20200329_233006/b/HK11/trustzone_images/core/bsp/trustzone/qsapps/applib32/build/KAJAANAA/applib32.lib(gpPersistObjData.o)	
	0x86f0		.text	
	0x86f0		$t.1	
	0x86f1		gpData_Create_Object	
	0x8d14		$d.2	
	0x8dbc		$t.4	
	0x8dbd		gpData_Delete_Object	
	0x8ecc		$d.5	
	0x8f04		$t.6	
	0x8f05		gpData_Open_Object	
	0x9044		$d.7	
	0x9080		$t.8	
	0x9081		gpData_Close_Object	
	0x90b4		$d.9	
	0x90bc		$t.10	
	0x90bd		gpData_Write_Data	
	0x94b8		$d.11	
	0x950c		$t.12	
	0x950d		gpData_Read_Data	
	0x96b8		$d.13	
	0x96e4		$t.14	
	0x96e5		gpData_Trunc_Data	
	0x990c		$d.15	
	0x9940		$t.16	
	0x9941		gpData_Seek_Data	
	0x9a30		$d.17	
	0x9a58		$t.18	
	0x9a59		data_Protect_And_Write_Meta_Data	
	0x9b78		$d.19	
	0x9ba8		$t.20	
	0x9ba9		data_Read_And_Verify_Meta_Data	
	0x9c68		$d.21	
	0x9c80		$t.22	
	0x9c81		data_Read_And_Verify_Meta_Data_File	
	0x9f04		$d.23	
	0x9f64		$t.24	
	0x9f65		data_Rename_Backup_File	
	0xa014		$d.25	
	0xa02c		$t.26	
	0xa02d		data_Read_And_Verify_Attributes_File	
	0xa438		$d.27	
	0xa49c		$t.28	
	0xa49d		data_Extend_File_With_Zeroes	
	0xa63c		$d.29	
	0xa65c		$t.30	
	0xa65d		data_Read_And_Verify_Segment	
	0xa724		$d.31	
	0xa73c		$t.32	
	0xa73d		data_Protect_And_Write_Segment	
	0xa8a8		$d.33	
	0xa8e0		$t.34	
	0xa8e1		data_Read_And_Verify_Segment_File	
	0xaaac		$d.35	
.text	0xaaf0	0x72c	/local/mnt/workspace/CRMBuilds/TZ.BF.4.0.7.1-00006-S660AAAAANAZT-2_20200329_233006/b/HK11/trustzone_images/core/bsp/trustzone/qsapps/applib32/build/KAJAANAA/applib32.lib(gpPersistObjHandler.o)	
	0xaaf0		$t.1	
	0xaaf0		.text	
	0xaaf1		gpHandler_Create_Handle	
	0xab6c		$d.2	
	0xab84		$t.4	
	0xab85		handler_Open_Handle	
	0xadbc		$d.5	
	0xae04		$t.6	
	0xae05		gpHandler_Delete_Handle	
	0xae80		$d.7	
	0xae98		$t.8	
	0xae99		gpHandler_Close_Handle	
	0xafa8		$d.9	
	0xafc4		$t.10	
	0xafc5		gpHandler_Open_Handle	
	0xb040		$d.11	
	0xb058		$t.12	
	0xb059		gpHandler_Update_Handle	
	0xb0a8		$d.13	
	0xb0b8		$t.14	
	0xb0b9		gpHandler_Rename_Handle	
	0xb1fc		$d.15	
.text	0xb21c	0x12a4	/local/mnt/workspace/CRMBuilds/TZ.BF.4.0.7.1-00006-S660AAAAANAZT-2_20200329_233006/b/HK11/trustzone_images/core/bsp/trustzone/qsapps/applib32/build/KAJAANAA/applib32.lib(gpPersistObjIndex.o)	
	0xb21c		.text	
	0xb21c		$t.1	
	0xb21d		index_Get_Index_Info	
	0xb288		$d.2	
	0xb298		$t.4	
	0xb299		index_Read_Index_File	
	0xb414		$d.5	
	0xb444		$t.6	
	0xb445		gpIndex_Create_Entry	
	0xb5d0		$d.7	
	0xb614		$t.8	
	0xb615		gpIndex_Delete_Entry	
	0xb710		$d.9	
	0xb738		$t.10	
	0xb739		gpIndex_Get_Entry	
	0xb970		$d.11	
	0xb998		$t.12	
	0xb999		gpIndex_Set_Entry	
	0xbaa0		$d.13	
	0xbad0		$t.14	
	0xbad1		gpIndex_Rename_Entry	
	0xbc90		$d.15	
	0xbcd0		$t.16	
	0xbcd1		gpIndex_Get_Enum_Entry	
	0xbe80		$d.17	
	0xbea8		$t.18	
	0xbea9		gpIndex_Get_Index_Info	
	0xbef8		$d.19	
	0xbf08		$t.20	
	0xbf09		index_Read_File	
	0xc10c		$d.21	
	0xc15c		$t.22	
	0xc15d		index_Init_Object_Entry	
	0xc291		index_Write_Index_file	
	0xc47c		$d.23	
.text	0xc4c0	0xe20	/local/mnt/workspace/CRMBuilds/TZ.BF.4.0.7.1-00006-S660AAAAANAZT-2_20200329_233006/b/HK11/trustzone_images/core/bsp/trustzone/qsapps/applib32/build/KAJAANAA/applib32.lib(gpPersistObjVersion.o)	
	0xc4c0		$t.1	
	0xc4c0		.text	
	0xc4c1		version_Is_Rpmb_Usage_Enabled	
	0xc550		$d.2	
	0xc570		$t.4	
	0xc571		gpVersion_Get_Version	
	0xc6b0		$d.5	
	0xc6e8		$t.6	
	0xc6e9		version_Init_Table	
	0xcaf4		$d.7	
	0xcb98		$t.8	
	0xcb99		gpVersion_Set_Version	
	0xcd38		$d.9	
	0xcd6c		$t.10	
	0xcd6d		gpVersion_Inc_Version	
	0xcda0		$d.11	
	0xcda8		$t.12	
	0xcda9		gpVersion_Delete_Version	
	0xceb0		$d.13	
	0xced8		$t.14	
	0xced9		version_Protect_And_Write_Rpmb_File	
	0xd01c		$d.15	
	0xd048		$t.16	
	0xd049		version_Read_And_Verify_Rpmb_File	
	0xd210		$d.17	
	0xd258		$t.18	
	0xd259		version_Write_Rpmb_Partition	
	0xd2c8		$d.19	
kthread_shared	0xd2e0	0x2c	/local/mnt/workspace/CRMBuilds/TZ.BF.4.0.7.1-00006-S660AAAAANAZT-2_20200329_233006/b/HK11/trustzone_images/core/bsp/trustzone/qsapps/applib32/build/KAJAANAA/applib32.lib(kthread_shared.o)	
	0xd2e0		$a.0	
	0xd2e0		kthread_shared	
	0xd2e0		mink_generic_syscall	
.text	0xd30c	0xa4	/local/mnt/workspace/CRMBuilds/TZ.BF.4.0.7.1-00006-S660AAAAANAZT-2_20200329_233006/b/HK11/trustzone_images/core/bsp/trustzone/qsapps/applib32/build/KAJAANAA/applib32.lib(qsee_core_shim.o)	
	0xd30c		$t.1	
	0xd30c		.text	
	0xd30d		qsee_exec_protect_memory	
	0xd331		qsee_is_sw_fuse_blown	
	0xd351		qsee_blow_sw_fuse	
	0xd371		qsee_hdmi_status_read	
	0xd391		qsee_get_tz_app_id	
.text	0xd3b0	0x180	/local/mnt/workspace/CRMBuilds/TZ.BF.4.0.7.1-00006-S660AAAAANAZT-2_20200329_233006/b/HK11/trustzone_images/core/bsp/trustzone/qsapps/applib32/build/KAJAANAA/applib32.lib(stor.o)	
	0xd3b0		$t.1	
	0xd3b0		.text	
	0xd3b1		check_rpmb_handle	
	0xd3d1		qsee_stor_device_init	
	0xd3ed		qsee_stor_open_partition	
	0xd415		qsee_stor_device_get_info	
	0xd439		qsee_stor_client_get_info	
	0xd45d		qsee_stor_add_partition	
	0xd481		qsee_stor_read_sectors	
	0xd4b9		qsee_stor_write_sectors	
	0xd4f1		qsee_stor_read_wp_config	
	0xd501		qsee_stor_write_wp_config	
	0xd511		qsee_stor_remove_client	
.text	0xd530	0x148c	/local/mnt/workspace/CRMBuilds/TZ.BF.4.0.7.1-00006-S660AAAAANAZT-2_20200329_233006/b/HK11/trustzone_images/core/bsp/trustzone/qsapps/applib32/build/KAJAANAA/applib32.lib(stor_gpt.o)	
	0xd530		$t.1	
	0xd530		.text	
	0xd531		add_gpt_device_handle	
	0xd644		$d.2	
	0xd648		$t.4	
	0xd649		add_gpt_client	
	0xd730		$d.5	
	0xd734		$t.6	
	0xd735		gpt_dev_init	
	0xd938		$d.7	
	0xd940		$t.8	
	0xd941		gpt_qsee_read_sectors	
	0xdbc8		$d.9	
	0xdbd8		$t.10	
	0xdbd9		gpt_qsee_write_sectors	
	0xde10		$d.11	
	0xde24		$t.12	
	0xde25		gpt_add_partitions	
	0xe121		gpt_config_partitions	
	0xe29d		gpt_init	
	0xe4bc		$d.13	
	0xe4cc		$t.14	
	0xe4cd		gpt_open_partition	
	0xe5b4		$d.15	
	0xe5bc		$t.16	
	0xe5bd		gpt_device_get_info	
	0xe6ac		$d.17	
	0xe6b4		$t.18	
	0xe6b5		gpt_client_get_info	
	0xe798		$d.19	
	0xe7a0		$t.20	
	0xe7a1		gpt_add_partition	
	0xe7f8		$d.21	
	0xe800		$t.22	
	0xe801		gpt_read_sectors	
	0xe8d4		$d.23	
	0xe8d8		$t.24	
	0xe8d9		gpt_write_sectors	
	0xe9b8		$d.25	
.text	0xe9bc	0x1d4	/local/mnt/workspace/CRMBuilds/TZ.BF.4.0.7.1-00006-S660AAAAANAZT-2_20200329_233006/b/HK11/trustzone_images/core/bsp/trustzone/qsapps/applib32/build/KAJAANAA/applib32.lib(stor_rpmbw.o)	
	0xe9bc		$t.1	
	0xe9bc		.text	
	0xe9bd		rpmbw_init	
	0xe9e9		rpmbw_open_partition	
	0xea19		rpmbw_device_get_info	
	0xea49		rpmbw_client_get_info	
	0xea79		rpmbw_add_partition	
	0xeaa5		rpmbw_read_sectors	
	0xead9		rpmbw_write_sectors	
	0xeb0d		rpmbw_read_wp_config	
	0xeb39		rpmbw_write_wp_config	
	0xeb65		rpmbw_remove_client	
.text	0xeb90	0x28	/local/mnt/workspace/CRMBuilds/TZ.BF.4.0.7.1-00006-S660AAAAANAZT-2_20200329_233006/b/HK11/trustzone_images/core/bsp/trustzone/qsapps/applib32/build/KAJAANAA/applib32.lib(qsee_cfg_prop_shim.o)	
	0xeb90		$t.1	
	0xeb90		.text	
	0xeb91		qsee_cfg_getpropval	
.text	0xebb8	0x56	/local/mnt/workspace/CRMBuilds/TZ.BF.4.0.7.1-00006-S660AAAAANAZT-2_20200329_233006/b/HK11/trustzone_images/core/bsp/trustzone/qsapps/applib32/build/KAJAANAA/applib32.lib(strlcat.o)	
	0xebb8		$t.1	
	0xebb8		.text	
	0xebb9		strlcat	
.text	0xec10	0x30	/local/mnt/workspace/CRMBuilds/TZ.BF.4.0.7.1-00006-S660AAAAANAZT-2_20200329_233006/b/HK11/trustzone_images/core/bsp/trustzone/qsapps/applib32/build/KAJAANAA/applib32.lib(strlcpy.o)	
	0xec10		$t.1	
	0xec10		.text	
	0xec11		strlcpy	
.text	0xec40	0x7e	/local/mnt/workspace/CRMBuilds/TZ.BF.4.0.7.1-00006-S660AAAAANAZT-2_20200329_233006/b/HK11/trustzone_images/core/bsp/trustzone/qsapps/applib32/build/KAJAANAA/applib32.lib(memchr.o)	
	0xec40		$t.1	
	0xec40		.text	
	0xec41		memchr	
.text	0xecc0	0x46	/local/mnt/workspace/CRMBuilds/TZ.BF.4.0.7.1-00006-S660AAAAANAZT-2_20200329_233006/b/HK11/trustzone_images/core/bsp/trustzone/qsapps/applib32/build/KAJAANAA/applib32.lib(strncmp.o)	
	0xecc0		$t.1	
	0xecc0		.text	
	0xecc1		strncmp	
.text	0xed08	0x958	/local/mnt/workspace/CRMBuilds/TZ.BF.4.0.7.1-00006-S660AAAAANAZT-2_20200329_233006/b/HK11/trustzone_images/core/bsp/trustzone/qsapps/applib32/build/KAJAANAA/applib32.lib(gpPersistObjCrypto.o)	
	0xed08		$t.1	
	0xed08		.text	
	0xed09		gpCrypto_Encrypt	
	0xeeec		$d.2	
	0xef4c		$t.4	
	0xef4d		crypto_Generate_Keys	
	0xf034		$d.5	
	0xf058		$t.6	
	0xf059		gpCrypto_Integrity_Protect	
	0xf10c		$d.7	
	0xf12c		$t.8	
	0xf12d		crypto_Hash	
	0xf190		$d.9	
	0xf1a0		$t.10	
	0xf1a1		crypto_Hmac	
	0xf214		$d.11	
	0xf228		$t.12	
	0xf229		gpCrypto_Decrypt	
	0xf3c8		$d.13	
	0xf410		$t.14	
	0xf411		gpCrypto_Integrity_Verify	
	0xf600		$d.15	
.text	0xf660	0x384	/local/mnt/workspace/CRMBuilds/TZ.BF.4.0.7.1-00006-S660AAAAANAZT-2_20200329_233006/b/HK11/trustzone_images/core/bsp/trustzone/qsapps/applib32/build/KAJAANAA/applib32.lib(gpPersistObjFileIO.o)	
	0xf660		$t.1	
	0xf660		.text	
	0xf661		fileIO_Read_Data	
	0xf6b0		$d.2	
	0xf6c0		$t.4	
	0xf6c1		fileIO_Write_Data	
	0xf714		$d.5	
	0xf724		$t.6	
	0xf725		fileIO_Remove_Data	
	0xf770		$d.7	
	0xf780		$t.8	
	0xf781		fileIO_Rename_Data	
	0xf7cc		$d.9	
	0xf7dc		$t.10	
	0xf7dd		gpFileIO_Read_File	
	0xf854		$d.11	
	0xf864		$t.12	
	0xf865		gpFileIO_Write_File	
	0xf8f4		$d.13	
	0xf904		$t.14	
	0xf905		gpFileIO_Remove_File	
	0xf958		$d.15	
	0xf968		$t.16	
	0xf969		gpFileIO_Rename_File	
	0xf9d4		$d.17	
.text	0xf9e4	0x440	/local/mnt/workspace/CRMBuilds/TZ.BF.4.0.7.1-00006-S660AAAAANAZT-2_20200329_233006/b/HK11/trustzone_images/core/bsp/trustzone/qsapps/applib32/build/KAJAANAA/applib32.lib(qsee_cipher.o)	
	0xf9e4		$t.1	
	0xf9e4		.text	
	0xf9e5		qsee_cipher_init	
	0xfa45		qsee_cipher_free_ctx	
	0xfa75		qsee_cipher_set_param	
	0xfb80		$d.3	
	0xfb84		$t.4	
	0xfb85		paramIsU32	
	0xfb98		$d.5	
	0xfb9c		$t.6	
	0xfb9d		qsee_cipher_get_param	
	0xfcb0		$d.7	
	0xfcb4		$t.8	
	0xfcb5		qsee_cipher_encrypt	
	0xfd3c		$d.9	
	0xfd44		$t.10	
	0xfd45		qsee_cipher_decrypt	
	0xfdcc		$d.11	
	0xfdd4		$t.12	
	0xfdd5		qsee_cipher_reset	
.text	0xfe24	0x4f8	/local/mnt/workspace/CRMBuilds/TZ.BF.4.0.7.1-00006-S660AAAAANAZT-2_20200329_233006/b/HK11/trustzone_images/core/bsp/trustzone/qsapps/applib32/build/KAJAANAA/applib32.lib(qsee_hash.o)	
	0xfe24		$t.1	
	0xfe24		.text	
	0xfe25		qsee_hash_init	
	0xfe85		qsee_hash_free_ctx	
	0xfeb5		qsee_hash_update	
	0xff24		$d.3	
	0xff28		$t.4	
	0xff29		qsee_hash_final	
	0xff98		$d.5	
	0xff9c		$t.6	
	0xff9d		qsee_hash_set_param	
	0x1009c		$d.7	
	0x100a0		$t.8	
	0x100a1		qsee_hash	
	0x10110		$d.9	
	0x10114		$t.10	
	0x10115		qsee_hashcipher_encrypt	
	0x101e8		$d.11	
	0x101f0		$t.12	
	0x101f1		qsee_hashcipher_decrypt	
	0x102c4		$d.13	
	0x102cc		$t.14	
	0x102cd		qsee_hash_reset	
.text	0x1031c	0x278	/local/mnt/workspace/CRMBuilds/TZ.BF.4.0.7.1-00006-S660AAAAANAZT-2_20200329_233006/b/HK11/trustzone_images/core/bsp/trustzone/qsapps/applib32/build/KAJAANAA/applib32.lib(qsee_hmac.o)	
	0x1031c		$t.1	
	0x1031c		.text	
	0x1031d		qsee_hmac_init	
	0x10339		qsee_hmac_new	
	0x1038d		qsee_hmac_free_ctx	
	0x103bd		qsee_hmac_update	
	0x1042c		$d.3	
	0x10430		$t.4	
	0x10431		qsee_hmac_final	
	0x104a0		$d.5	
	0x104a4		$t.6	
	0x104a5		qsee_hmac_set_param	
	0x10524		$d.7	
	0x10528		$t.8	
	0x10529		qsee_hmac	
.text	0x10594	0x42	/local/mnt/workspace/CRMBuilds/TZ.BF.4.0.7.1-00006-S660AAAAANAZT-2_20200329_233006/b/HK11/trustzone_images/core/bsp/trustzone/qsapps/applib32/build/KAJAANAA/applib32.lib(timesafe_memcmp.o)	
	0x10594		$t.1	
	0x10594		.text	
	0x10595		timesafe_memcmp	
.text	0x105d8	0x710	/local/mnt/workspace/CRMBuilds/TZ.BF.4.0.7.1-00006-S660AAAAANAZT-2_20200329_233006/b/HK11/trustzone_images/core/bsp/trustzone/qsapps/applib32/build/KAJAANAA/applib32.lib(gpFileService.o)	
	0x105d8		$t.1	
	0x105d8		.text	
	0x105d9		gpFileRead	
	0x107f8		$d.2	
	0x10820		$t.4	
	0x10821		gpFileWrite	
	0x10a48		$d.5	
	0x10a70		$t.6	
	0x10a71		gpFileRemove	
	0x10b80		$d.7	
	0x10ba0		$t.8	
	0x10ba1		gpFileRename	
	0x10cc8		$d.9	
.text	0x10ce8	0x4	/afs/localcell/cm/gv2.6/sysname/pkg.@sys/qct/software/llvm/release/arm/3.7.6/lib/clang/3.7.6/lib/linux/libclang_rt.builtins-arm.a(aeabi_memcpy.S.o)	
	0x10ce8		.text	
	0x10ce8		$a	
	0x10ce8		__aeabi_memcpy	
	0x10ce8		__aeabi_memcpy4	
	0x10ce8		__aeabi_memcpy8	
.text	0x10cec	0x1c	/afs/localcell/cm/gv2.6/sysname/pkg.@sys/qct/software/llvm/release/arm/3.7.6/lib/clang/3.7.6/lib/linux/libclang_rt.builtins-arm.a(aeabi_memset.S.o)	
	0x10cec		.text	
	0x10cec		$a	
	0x10cec		__aeabi_memset	
	0x10cec		__aeabi_memset4	
	0x10cec		__aeabi_memset8	
	0x10cfc		__aeabi_memclr	
	0x10cfc		__aeabi_memclr4	
	0x10cfc		__aeabi_memclr8	
.text	0x10d08	0x24	/afs/localcell/cm/gv2.6/sysname/pkg.@sys/qct/software/llvm/release/arm/3.7.6/lib/clang/3.7.6/lib/linux/libclang_rt.builtins-arm.a(aeabi_uldivmod.S.o)	
	0x10d08		.text	
	0x10d08		$a	
	0x10d08		__aeabi_uldivmod	
.text	0x10d2c	0x394	/afs/localcell/cm/gv2.6/sysname/pkg.@sys/qct/software/llvm/release/arm/3.7.6/lib/clang/3.7.6/lib/linux/libclang_rt.builtins-arm.a(udivmoddi4.c.o)	
	0x10d2c		$t.1	
	0x10d2c		.text	
	0x10d2d		__udivmoddi4	
.text	0x110c0	0x18	/afs/localcell/cm/gv2.6/sysname/pkg.@sys/qct/software/llvm/release/arm/3.7.6/lib/clang/3.7.6/lib/linux/libclang_rt.builtins-arm.a(umoddi3.c.o)	
	0x110c0		$t.1	
	0x110c0		.text	
	0x110c1		__umoddi3	
.text	0x110d8	0x200	/afs/localcell/cm/gv2.6/sysname/pkg.@sys/qct/software/llvm/release/arm/3.7.6/lib/clang/3.7.6/lib/linux/libclang_rt.builtins-arm.a(udivsi3.S.o)	
	0x110d8		.text	
	0x110d8		$t	
	0x110d9		__aeabi_uidiv	
	0x110d9		__udivsi3	
.text	0x112d8	0x178	/afs/localcell/cm/gv2.6/sysname/pkg.@sys/qct/software/llvm/release/arm/3.7.6/lib/clang/3.7.6/lib/linux/libclang_rt.builtins-arm.a(umodsi3.S.o)	
	0x112d8		.text	
	0x112d8		$t	
	0x112d9		__umodsi3	
.text	0x11450	0x6	/afs/localcell/cm/gv2.6/sysname/pkg.@sys/qct/software/llvm/release/arm/3.7.6/lib/clang/3.7.6/lib/linux/libclang_rt.builtins-arm.a(aeabi_div0.c.o)	
	0x11450		$t.1	
	0x11450		.text	
	0x11451		__aeabi_idiv0	
	0x11455		__aeabi_ldiv0	
.text	0x11458	0x48	/local/mnt/workspace/CRMBuilds/TZ.BF.4.0.7.1-00006-S660AAAAANAZT-2_20200329_233006/b/HK11/trustzone_images/core/bsp/trustzone/qsapps/applib32/build/KAJAANAA/applib32.lib(memset.o)	
	0x11458		$t.1	
	0x11458		.text	
	0x11459		memset	
.text	0x114a0	0x334	/local/mnt/workspace/CRMBuilds/TZ.BF.4.0.7.1-00006-S660AAAAANAZT-2_20200329_233006/b/HK11/trustzone_images/core/bsp/trustzone/qsapps/applib32/build/KAJAANAA/applib32.lib(memcpy.o)	
	0x114a0		$t.1	
	0x114a0		.text	
	0x114a1		memcpy	
KEEP ((tzapp_syscall_asm ))
tzapp_syscall_asm	0x11800	0x60	/local/mnt/workspace/CRMBuilds/TZ.BF.4.0.7.1-00006-S660AAAAANAZT-2_20200329_233006/b/HK11/trustzone_images/core/bsp/trustzone/qsapps/applib32/build/KAJAANAA/applib32.lib(tzapp_syscall.o)	
	0x11800		$a.0	
	0x11800		tzapp_syscall_asm	
	0x11800		app_export_init_info_to_qsee	
	0x11838		qsee_generic_syscall	
	0x1185c		qsee_generic_syscall_u64	
(.rodata )
.rodata	0x11860	0x4	/local/mnt/workspace/CRMBuilds/TZ.BF.4.0.7.1-00006-S660AAAAANAZT-2_20200329_233006/b/HK11/trustzone_images/apps/bsp/trustzone/qsapps/secureindicator/build/KAJAANAA/secureindicator/objects/secureindicator/oem/src/si_oem.o	
	0x11860		$d.3	
	0x11860		.rodata	
	0x11860		approved_list_len	
.rodata	0x11864	0x10	/local/mnt/workspace/CRMBuilds/TZ.BF.4.0.7.1-00006-S660AAAAANAZT-2_20200329_233006/b/HK11/trustzone_images/apps/bsp/trustzone/qsapps/secureindicator/build/KAJAANAA/metadata.o	
	0x11864		$d.4	
	0x11864		.rodata	
	0x11864		TA_ACCEPT_BUF_SIZE	
	0x11868		ta_multiSession	
	0x1186c		ta_customProperties	
	0x11870		TA_CUSTOM_PROPERTIES_NUM	
.rodata	0x11874	0x1c	/local/mnt/workspace/CRMBuilds/TZ.BF.4.0.7.1-00006-S660AAAAANAZT-2_20200329_233006/b/HK11/trustzone_images/core/securemsm/sse/qsee/SecureDisplay/libpng/build/secureindicator/scorpion/KAJAANAA/libpng.lib(pngrutil.o)	
	0x11874		$d.21	
	0x11874		png_read_finish_row.png_pass_ystart	
	0x11874		.rodata	
	0x1187b		png_read_finish_row.png_pass_yinc	
	0x11882		png_read_start_row.png_pass_start	
	0x11889		png_read_start_row.png_pass_inc	
.rodata	0x11890	0x2000	/local/mnt/workspace/CRMBuilds/TZ.BF.4.0.7.1-00006-S660AAAAANAZT-2_20200329_233006/b/HK11/trustzone_images/core/securemsm/sse/qsee/SecureDisplay/zlib/build/secureindicator/scorpion/KAJAANAA/zlib.lib(crc32.o)	
	0x11890		$d.9	
	0x11890		crc_table	
	0x11890		.rodata	
.rodata	0x13890	0x8a6	/local/mnt/workspace/CRMBuilds/TZ.BF.4.0.7.1-00006-S660AAAAANAZT-2_20200329_233006/b/HK11/trustzone_images/core/securemsm/sse/qsee/SecureDisplay/zlib/build/secureindicator/scorpion/KAJAANAA/zlib.lib(inflate.o)	
	0x13890		$d.15	
	0x13890		inflate.order	
	0x13890		.rodata	
	0x138b6		fixedtables.lenfix	
	0x140b6		fixedtables.distfix	
.rodata	0x14136	0x12c	/local/mnt/workspace/CRMBuilds/TZ.BF.4.0.7.1-00006-S660AAAAANAZT-2_20200329_233006/b/HK11/trustzone_images/core/securemsm/sse/qsee/SecureDisplay/zlib/build/secureindicator/scorpion/KAJAANAA/zlib.lib(inftrees.o)	
	0x14136		$d.4	
	0x14136		.rodata	
	0x14136		inflate_copyright	
	0x14166		inflate_table.lbase	
	0x141a4		inflate_table.lext	
	0x141e2		inflate_table.dbase	
	0x14222		inflate_table.dext	
.rodata	0x14262	0x140	/local/mnt/workspace/CRMBuilds/TZ.BF.4.0.7.1-00006-S660AAAAANAZT-2_20200329_233006/b/HK11/trustzone_images/core/securemsm/sse/qsee/SecureDisplay/zlib/build/secureindicator/scorpion/KAJAANAA/zlib.lib(zutil.o)	
	0x14262		$d.7	
	0x14262		.rodata	
	0x14262		z_errmsg	
.rodata	0x143a2	0x1d0	/local/mnt/workspace/CRMBuilds/TZ.BF.4.0.7.1-00006-S660AAAAANAZT-2_20200329_233006/b/HK11/trustzone_images/core/bsp/trustzone/qsapps/applib32/build/KAJAANAA/applib32.lib(printf.o)	
	0x143a2		$d.19	
	0x143a2		states	
	0x143a2		.rodata	
.rodata	0x14580	0x20	/local/mnt/workspace/CRMBuilds/TZ.BF.4.0.7.1-00006-S660AAAAANAZT-2_20200329_233006/b/HK11/trustzone_images/core/bsp/trustzone/qsapps/applib32/build/KAJAANAA/applib32.lib(qsee_cipher.o)	
	0x14580		$d.13	
	0x14580		.Lswitch.table	
	0x14580		.rodata	
(EXCLUDE_FILE ( *metadata.o ).rodata.* ))
.rodata.str1.1	0x145a0	0x11	/local/mnt/workspace/CRMBuilds/TZ.BF.4.0.7.1-00006-S660AAAAANAZT-2_20200329_233006/b/HK11/trustzone_images/apps/bsp/trustzone/qsapps/secureindicator/build/KAJAANAA/secureindicator/objects/secureindicator/oem/src/si_oem.o	
	0x145a0		$d.1	
	0x145a0		.L.str	
	0x145a0		.rodata.str1.1	
.rodata.str1.1	0x145b1	0x21	/local/mnt/workspace/CRMBuilds/TZ.BF.4.0.7.1-00006-S660AAAAANAZT-2_20200329_233006/b/HK11/trustzone_images/apps/bsp/trustzone/qsapps/secureindicator/build/KAJAANAA/secureindicator/objects/secureindicator/src/si.o	
	0x145b1		$d.17	
	0x145b1		.L.str	
	0x145b1		.rodata.str1.1	
.rodata.str1.1	0x14cfd	0x16	/local/mnt/workspace/CRMBuilds/TZ.BF.4.0.7.1-00006-S660AAAAANAZT-2_20200329_233006/b/HK11/trustzone_images/apps/bsp/trustzone/qsapps/secureindicator/build/KAJAANAA/secureindicator/objects/secureindicator/src/si_main.o	
	0x14cfd		$d.8	
	0x14cfd		.L.str	
	0x14cfd		.rodata.str1.1	
.rodata.str1.1	0x14e0a	0xb7	/local/mnt/workspace/CRMBuilds/TZ.BF.4.0.7.1-00006-S660AAAAANAZT-2_20200329_233006/b/HK11/trustzone_images/core/securemsm/sse/qsee/SecureDisplay/libpng/build/secureindicator/scorpion/KAJAANAA/libpng.lib(png.o)	
	0x14e0a		$d.21	
	0x14e0a		.L.str	
	0x14e0a		.rodata.str1.1	
.rodata.str1.1	0x14fbd	0x1	/local/mnt/workspace/CRMBuilds/TZ.BF.4.0.7.1-00006-S660AAAAANAZT-2_20200329_233006/b/HK11/trustzone_images/core/securemsm/sse/qsee/SecureDisplay/libpng/build/secureindicator/scorpion/KAJAANAA/libpng.lib(pngerror.o)	
	0x14fbd		.L.str	
	0x14fbd		.rodata.str1.1	
.rodata.str1.1	0x14fbe	0xf	/local/mnt/workspace/CRMBuilds/TZ.BF.4.0.7.1-00006-S660AAAAANAZT-2_20200329_233006/b/HK11/trustzone_images/core/securemsm/sse/qsee/SecureDisplay/libpng/build/secureindicator/scorpion/KAJAANAA/libpng.lib(pngrutil.o)	
	0x14fbe		$d.22	
	0x14fbe		.L.str	
	0x14fbe		.rodata.str1.1	
.rodata.str1.1	0x14fd3	0x17	/local/mnt/workspace/CRMBuilds/TZ.BF.4.0.7.1-00006-S660AAAAANAZT-2_20200329_233006/b/HK11/trustzone_images/core/securemsm/sse/qsee/SecureDisplay/zlib/build/secureindicator/scorpion/KAJAANAA/zlib.lib(inflate.o)	
	0x14fd3		$d.16	
	0x14fd3		.L.str1	
	0x14fd3		.rodata.str1.1	
.rodata.str1.1	0x151a0	0x2	/local/mnt/workspace/CRMBuilds/TZ.BF.4.0.7.1-00006-S660AAAAANAZT-2_20200329_233006/b/HK11/trustzone_images/core/bsp/trustzone/qsapps/applib32/build/KAJAANAA/applib32.lib(common_applib.o)	
	0x151a0		$d.34	
	0x151a0		.L.str	
	0x151a0		.rodata.str1.1	
.rodata.str1.1	0x151a9	0x16	/local/mnt/workspace/CRMBuilds/TZ.BF.4.0.7.1-00006-S660AAAAANAZT-2_20200329_233006/b/HK11/trustzone_images/core/bsp/trustzone/qsapps/applib32/build/KAJAANAA/applib32.lib(sfs_api.o)	
	0x151a9		$d.22	
	0x151a9		.L.str	
	0x151a9		.rodata.str1.1	
.rodata.str1.1	0x15267	0xa	/local/mnt/workspace/CRMBuilds/TZ.BF.4.0.7.1-00006-S660AAAAANAZT-2_20200329_233006/b/HK11/trustzone_images/core/bsp/trustzone/qsapps/applib32/build/KAJAANAA/applib32.lib(printf.o)	
	0x15267		$d.20	
	0x15267		.L.str	
	0x15267		.rodata.str1.1	
.rodata.cst16	0x15278	0x10	/local/mnt/workspace/CRMBuilds/TZ.BF.4.0.7.1-00006-S660AAAAANAZT-2_20200329_233006/b/HK11/trustzone_images/core/bsp/trustzone/qsapps/applib32/build/KAJAANAA/applib32.lib(printf.o)	
	0x15278		$d.21	
	0x15278		xdigits	
	0x15278		.rodata.cst16	
.rodata.str1.1	0x1533b	0x1c	/local/mnt/workspace/CRMBuilds/TZ.BF.4.0.7.1-00006-S660AAAAANAZT-2_20200329_233006/b/HK11/trustzone_images/core/bsp/trustzone/qsapps/applib32/build/KAJAANAA/applib32.lib(gpPersistentObjects.o)	
	0x1533b		$d.28	
	0x1533b		.L.str	
	0x1533b		.rodata.str1.1	
.rodata.str1.1	0x15a4c	0x1c	/local/mnt/workspace/CRMBuilds/TZ.BF.4.0.7.1-00006-S660AAAAANAZT-2_20200329_233006/b/HK11/trustzone_images/core/bsp/trustzone/qsapps/applib32/build/KAJAANAA/applib32.lib(gpPersistObjVersion.o)	
	0x15a4c		$d.20	
[...]
	0xf094		$d.14	
	0xf094		.debug_loc	
.debug_loc	0x70f64	0x65	/local/mnt/workspace/CRMBuilds/TZ.BF.4.0.7.1-00006-S660AAAAANAZT-2_20200329_233006/b/HK11/trustzone_images/core/bsp/trustzone/qsapps/applib32/build/KAJAANAA/applib32.lib(memset.o)	
	0xf4cf		$d.6	
	0xf4cf		.debug_loc	
.debug_loc	0x70fc9	0x282	/local/mnt/workspace/CRMBuilds/TZ.BF.4.0.7.1-00006-S660AAAAANAZT-2_20200329_233006/b/HK11/trustzone_images/core/bsp/trustzone/qsapps/applib32/build/KAJAANAA/applib32.lib(memcpy.o)	
	0xf534		$d.6	
	0xf534		.debug_loc	

.debug_ranges	0x7124b	0x898
.debug_ranges	0x7124b	0x38	/local/mnt/workspace/CRMBuilds/TZ.BF.4.0.7.1-00006-S660AAAAANAZT-2_20200329_233006/b/HK11/trustzone_images/apps/bsp/trustzone/qsapps/secureindicator/build/KAJAANAA/secureindicator/objects/secureindicator/src/si.o	
	0x0		$d.22	
	0x0		.debug_ranges	
.debug_ranges	0x71283	0x30	/local/mnt/workspace/CRMBuilds/TZ.BF.4.0.7.1-00006-S660AAAAANAZT-2_20200329_233006/b/HK11/trustzone_images/core/securemsm/sse/qsee/SecureDisplay/libpng/build/secureindicator/scorpion/KAJAANAA/libpng.lib(pngread.o)	
	0x38		$d.10	
	0x38		.debug_ranges	
.debug_ranges	0x712b3	0xa0	/local/mnt/workspace/CRMBuilds/TZ.BF.4.0.7.1-00006-S660AAAAANAZT-2_20200329_233006/b/HK11/trustzone_images/core/securemsm/sse/qsee/SecureDisplay/libpng/build/secureindicator/scorpion/KAJAANAA/libpng.lib(pngrutil.o)	
	0x68		$d.26	
	0x68		.debug_ranges	
.debug_ranges	0x71353	0x30	/local/mnt/workspace/CRMBuilds/TZ.BF.4.0.7.1-00006-S660AAAAANAZT-2_20200329_233006/b/HK11/trustzone_images/core/securemsm/sse/qsee/SecureDisplay/zlib/build/secureindicator/scorpion/KAJAANAA/zlib.lib(crc32.o)	
	0x108		$d.13	
	0x108		.debug_ranges	
.debug_ranges	0x71383	0x18	/local/mnt/workspace/CRMBuilds/TZ.BF.4.0.7.1-00006-S660AAAAANAZT-2_20200329_233006/b/HK11/trustzone_images/core/securemsm/sse/qsee/SecureDisplay/zlib/build/secureindicator/scorpion/KAJAANAA/zlib.lib(inflate.o)	
	0x138		$d.20	
	0x138		.debug_ranges	
.debug_ranges	0x7139b	0x98	/local/mnt/workspace/CRMBuilds/TZ.BF.4.0.7.1-00006-S660AAAAANAZT-2_20200329_233006/b/HK11/trustzone_images/core/bsp/trustzone/qsapps/applib32/build/KAJAANAA/applib32.lib(common_applib.o)	
	0x150		$d.39	
	0x150		.debug_ranges	
.debug_ranges	0x71433	0x48	/local/mnt/workspace/CRMBuilds/TZ.BF.4.0.7.1-00006-S660AAAAANAZT-2_20200329_233006/b/HK11/trustzone_images/core/bsp/trustzone/qsapps/applib32/build/KAJAANAA/applib32.lib(mink_shared_code.o)	
	0x1e8		$d.9	
	0x1e8		.debug_ranges	
.debug_ranges	0x7147b	0x18	/local/mnt/workspace/CRMBuilds/TZ.BF.4.0.7.1-00006-S660AAAAANAZT-2_20200329_233006/b/HK11/trustzone_images/core/bsp/trustzone/qsapps/applib32/build/KAJAANAA/applib32.lib(qsee_env.o)	
	0x230		$d.17	
	0x230		.debug_ranges	
.debug_ranges	0x71493	0x30	/local/mnt/workspace/CRMBuilds/TZ.BF.4.0.7.1-00006-S660AAAAANAZT-2_20200329_233006/b/HK11/trustzone_images/core/bsp/trustzone/qsapps/applib32/build/KAJAANAA/applib32.lib(qsee_appmessage.o)	
	0x248		$d.9	
	0x248		.debug_ranges	
.debug_ranges	0x714c3	0x70	/local/mnt/workspace/CRMBuilds/TZ.BF.4.0.7.1-00006-S660AAAAANAZT-2_20200329_233006/b/HK11/trustzone_images/core/bsp/trustzone/qsapps/applib32/build/KAJAANAA/applib32.lib(printf.o)	
	0x278		$d.25	
	0x278		.debug_ranges	
.debug_ranges	0x71533	0x1b8	/local/mnt/workspace/CRMBuilds/TZ.BF.4.0.7.1-00006-S660AAAAANAZT-2_20200329_233006/b/HK11/trustzone_images/core/bsp/trustzone/qsapps/applib32/build/KAJAANAA/applib32.lib(gpPersistObjData.o)	
	0x2e8		$d.40	
	0x2e8		.debug_ranges	
.debug_ranges	0x716eb	0x30	/local/mnt/workspace/CRMBuilds/TZ.BF.4.0.7.1-00006-S660AAAAANAZT-2_20200329_233006/b/HK11/trustzone_images/core/bsp/trustzone/qsapps/applib32/build/KAJAANAA/applib32.lib(gpPersistObjHandler.o)	
	0x4a0		$d.20	
	0x4a0		.debug_ranges	
.debug_ranges	0x7171b	0xb8	/local/mnt/workspace/CRMBuilds/TZ.BF.4.0.7.1-00006-S660AAAAANAZT-2_20200329_233006/b/HK11/trustzone_images/core/bsp/trustzone/qsapps/applib32/build/KAJAANAA/applib32.lib(gpPersistObjIndex.o)	
	0x4d0		$d.28	
	0x4d0		.debug_ranges	
.debug_ranges	0x717d3	0xe0	/local/mnt/workspace/CRMBuilds/TZ.BF.4.0.7.1-00006-S660AAAAANAZT-2_20200329_233006/b/HK11/trustzone_images/core/bsp/trustzone/qsapps/applib32/build/KAJAANAA/applib32.lib(gpPersistObjVersion.o)	
	0x588		$d.25	
	0x588		.debug_ranges	
.debug_ranges	0x718b3	0x30	/local/mnt/workspace/CRMBuilds/TZ.BF.4.0.7.1-00006-S660AAAAANAZT-2_20200329_233006/b/HK11/trustzone_images/core/bsp/trustzone/qsapps/applib32/build/KAJAANAA/applib32.lib(gpPersistObjCrypto.o)	
	0x668		$d.20	
	0x668		.debug_ranges	
.debug_ranges	0x718e3	0xd8	/local/mnt/workspace/CRMBuilds/TZ.BF.4.0.7.1-00006-S660AAAAANAZT-2_20200329_233006/b/HK11/trustzone_images/core/bsp/trustzone/qsapps/applib32/build/KAJAANAA/applib32.lib(qsee_cipher.o)	
	0x698		$d.17	
	0x698		.debug_ranges	
.debug_ranges	0x719bb	0xc8	/local/mnt/workspace/CRMBuilds/TZ.BF.4.0.7.1-00006-S660AAAAANAZT-2_20200329_233006/b/HK11/trustzone_images/core/bsp/trustzone/qsapps/applib32/build/KAJAANAA/applib32.lib(qsee_hash.o)	
	0x770		$d.18	
	0x770		.debug_ranges	
.debug_ranges	0x71a83	0x60	/local/mnt/workspace/CRMBuilds/TZ.BF.4.0.7.1-00006-S660AAAAANAZT-2_20200329_233006/b/HK11/trustzone_images/core/bsp/trustzone/qsapps/applib32/build/KAJAANAA/applib32.lib(qsee_hmac.o)	
	0x838		$d.12	
	0x838		.debug_ranges	

.comment	0x71ae3	0x24
.comment	0x71ae3	0x1	/local/mnt/workspace/CRMBuilds/TZ.BF.4.0.7.1-00006-S660AAAAANAZT-2_20200329_233006/b/HK11/trustzone_images/apps/bsp/trustzone/qsapps/secureindicator/build/KAJAANAA/secureindicator/objects/secureindicator/oem/src/si_oem.o	
	0x0		$d.9	
	0x0		.comment	

.debug_frame	0x71b07	0x3348
.debug_frame	0x71b07	0x10c	/local/mnt/workspace/CRMBuilds/TZ.BF.4.0.7.1-00006-S660AAAAANAZT-2_20200329_233006/b/HK11/trustzone_images/apps/bsp/trustzone/qsapps/secureindicator/build/KAJAANAA/secureindicator/objects/secureindicator/src/si.o	
	0x0		$d.27	
	0x0		.debug_frame	
.debug_frame	0x71c13	0x70	/local/mnt/workspace/CRMBuilds/TZ.BF.4.0.7.1-00006-S660AAAAANAZT-2_20200329_233006/b/HK11/trustzone_images/apps/bsp/trustzone/qsapps/secureindicator/build/KAJAANAA/secureindicator/objects/secureindicator/src/si_main.o	
	0x10c		$d.16	
	0x10c		.debug_frame	
.debug_frame	0x71c83	0xc8	/local/mnt/workspace/CRMBuilds/TZ.BF.4.0.7.1-00006-S660AAAAANAZT-2_20200329_233006/b/HK11/trustzone_images/core/bsp/trustzone/qsapps/applib32/build/KAJAANAA/tzapp_lib_main.o	
	0x17c		$d.10	
	0x17c		.debug_frame	
.debug_frame	0x71d4b	0x218	/local/mnt/workspace/CRMBuilds/TZ.BF.4.0.7.1-00006-S660AAAAANAZT-2_20200329_233006/b/HK11/trustzone_images/core/securemsm/sse/qsee/SecureDisplay/libpng/build/secureindicator/scorpion/KAJAANAA/libpng.lib(png.o)	
	0x244		$d.29	
	0x244		.debug_frame	
.debug_frame	0x71f63	0x90	/local/mnt/workspace/CRMBuilds/TZ.BF.4.0.7.1-00006-S660AAAAANAZT-2_20200329_233006/b/HK11/trustzone_images/core/securemsm/sse/qsee/SecureDisplay/libpng/build/secureindicator/scorpion/KAJAANAA/libpng.lib(pngerror.o)	
	0x45c		$d.12	
	0x45c		.debug_frame	
.debug_frame	0x71ff3	0x98	/local/mnt/workspace/CRMBuilds/TZ.BF.4.0.7.1-00006-S660AAAAANAZT-2_20200329_233006/b/HK11/trustzone_images/core/securemsm/sse/qsee/SecureDisplay/libpng/build/secureindicator/scorpion/KAJAANAA/libpng.lib(pngget.o)	
	0x4ec		$d.10	
	0x4ec		.debug_frame	
.debug_frame	0x7208b	0x100	/local/mnt/workspace/CRMBuilds/TZ.BF.4.0.7.1-00006-S660AAAAANAZT-2_20200329_233006/b/HK11/trustzone_images/core/securemsm/sse/qsee/SecureDisplay/libpng/build/secureindicator/scorpion/KAJAANAA/libpng.lib(pngmem.o)	
	0x584		$d.12	
	0x584		.debug_frame	
.debug_frame	0x7218b	0x1a0	/local/mnt/workspace/CRMBuilds/TZ.BF.4.0.7.1-00006-S660AAAAANAZT-2_20200329_233006/b/HK11/trustzone_images/core/securemsm/sse/qsee/SecureDisplay/libpng/build/secureindicator/scorpion/KAJAANAA/libpng.lib(pngread.o)	
	0x684		$d.15	
	0x684		.debug_frame	
.debug_frame	0x7232b	0x3c	/local/mnt/workspace/CRMBuilds/TZ.BF.4.0.7.1-00006-S660AAAAANAZT-2_20200329_233006/b/HK11/trustzone_images/core/securemsm/sse/qsee/SecureDisplay/libpng/build/secureindicator/scorpion/KAJAANAA/libpng.lib(pngrio.o)	
	0x824		$d.9	
	0x824		.debug_frame	
.debug_frame	0x72367	0x2fc	/local/mnt/workspace/CRMBuilds/TZ.BF.4.0.7.1-00006-S660AAAAANAZT-2_20200329_233006/b/HK11/trustzone_images/core/securemsm/sse/qsee/SecureDisplay/libpng/build/secureindicator/scorpion/KAJAANAA/libpng.lib(pngrutil.o)	
	0x860		$d.31	
	0x860		.debug_frame	
.debug_frame	0x72663	0x84	/local/mnt/workspace/CRMBuilds/TZ.BF.4.0.7.1-00006-S660AAAAANAZT-2_20200329_233006/b/HK11/trustzone_images/core/securemsm/sse/qsee/SecureDisplay/libpng/build/secureindicator/scorpion/KAJAANAA/libpng.lib(pngset.o)	
	0xb5c		$d.10	
	0xb5c		.debug_frame	
.debug_frame	0x726e7	0xc8	/local/mnt/workspace/CRMBuilds/TZ.BF.4.0.7.1-00006-S660AAAAANAZT-2_20200329_233006/b/HK11/trustzone_images/core/securemsm/sse/qsee/SecureDisplay/zlib/build/secureindicator/scorpion/KAJAANAA/zlib.lib(crc32.o)	
	0xbe0		$d.18	
	0xbe0		.debug_frame	
.debug_frame	0x727af	0x200	/local/mnt/workspace/CRMBuilds/TZ.BF.4.0.7.1-00006-S660AAAAANAZT-2_20200329_233006/b/HK11/trustzone_images/core/securemsm/sse/qsee/SecureDisplay/zlib/build/secureindicator/scorpion/KAJAANAA/zlib.lib(inflate.o)	
	0xca8		$d.25	
	0xca8		.debug_frame	
.debug_frame	0x729af	0x3c	/local/mnt/workspace/CRMBuilds/TZ.BF.4.0.7.1-00006-S660AAAAANAZT-2_20200329_233006/b/HK11/trustzone_images/core/securemsm/sse/qsee/SecureDisplay/zlib/build/secureindicator/scorpion/KAJAANAA/zlib.lib(inftrees.o)	
	0xea8		$d.12	
	0xea8		.debug_frame	
.debug_frame	0x729eb	0x70	/local/mnt/workspace/CRMBuilds/TZ.BF.4.0.7.1-00006-S660AAAAANAZT-2_20200329_233006/b/HK11/trustzone_images/core/securemsm/sse/qsee/SecureDisplay/zlib/build/secureindicator/scorpion/KAJAANAA/zlib.lib(zutil.o)	
	0xee4		$d.16	
	0xee4		.debug_frame	
.debug_frame	0x72a5b	0x74	/local/mnt/workspace/CRMBuilds/TZ.BF.4.0.7.1-00006-S660AAAAANAZT-2_20200329_233006/b/HK11/trustzone_images/core/securemsm/sse/qsee/SecureDisplay/zlib/build/secureindicator/scorpion/KAJAANAA/zlib.lib(adler32.o)	
	0xf54		$d.10	
	0xf54		.debug_frame	
.debug_frame	0x72acf	0x38	/local/mnt/workspace/CRMBuilds/TZ.BF.4.0.7.1-00006-S660AAAAANAZT-2_20200329_233006/b/HK11/trustzone_images/core/securemsm/sse/qsee/SecureDisplay/zlib/build/secureindicator/scorpion/KAJAANAA/zlib.lib(inffast.o)	
	0xfc8		$d.12	
	0xfc8		.debug_frame	
.debug_frame	0x72b07	0x30	/local/mnt/workspace/CRMBuilds/TZ.BF.4.0.7.1-00006-S660AAAAANAZT-2_20200329_233006/b/HK11/trustzone_images/core/bsp/trustzone/qsapps/applib32/build/KAJAANAA/applib32.lib(memscpy.o)	
	0x1000		$d.10	
	0x1000		.debug_frame	
.debug_frame	0x72b37	0x30	/local/mnt/workspace/CRMBuilds/TZ.BF.4.0.7.1-00006-S660AAAAANAZT-2_20200329_233006/b/HK11/trustzone_images/core/bsp/trustzone/qsapps/applib32/build/KAJAANAA/applib32.lib(timesafe_strncmp.o)	
	0x1030		$d.10	
	0x1030		.debug_frame	
.debug_frame	0x72b67	0x3fc	/local/mnt/workspace/CRMBuilds/TZ.BF.4.0.7.1-00006-S660AAAAANAZT-2_20200329_233006/b/HK11/trustzone_images/core/bsp/trustzone/qsapps/applib32/build/KAJAANAA/applib32.lib(common_applib.o)	
	0x1060		$d.44	
	0x1060		.debug_frame	
.debug_frame	0x72f63	0x258	/local/mnt/workspace/CRMBuilds/TZ.BF.4.0.7.1-00006-S660AAAAANAZT-2_20200329_233006/b/HK11/trustzone_images/core/bsp/trustzone/qsapps/applib32/build/KAJAANAA/applib32.lib(prxy_services.o)	
	0x145c		$d.73	
	0x145c		.debug_frame	
.debug_frame	0x731bb	0xa4	/local/mnt/workspace/CRMBuilds/TZ.BF.4.0.7.1-00006-S660AAAAANAZT-2_20200329_233006/b/HK11/trustzone_images/core/bsp/trustzone/qsapps/applib32/build/KAJAANAA/applib32.lib(mink_shared_code.o)	
	0x16b4		$d.14	
	0x16b4		.debug_frame	
.debug_frame	0x7325f	0xac	/local/mnt/workspace/CRMBuilds/TZ.BF.4.0.7.1-00006-S660AAAAANAZT-2_20200329_233006/b/HK11/trustzone_images/core/bsp/trustzone/qsapps/applib32/build/KAJAANAA/applib32.lib(qsee_env.o)	
	0x1758		$d.22	
	0x1758		.debug_frame	
.debug_frame	0x7330b	0x34	/local/mnt/workspace/CRMBuilds/TZ.BF.4.0.7.1-00006-S660AAAAANAZT-2_20200329_233006/b/HK11/trustzone_images/core/bsp/trustzone/qsapps/applib32/build/KAJAANAA/applib32.lib(qsee_prng.o)	
	0x1804		$d.11	
	0x1804		.debug_frame	
.debug_frame	0x7333f	0x74	/local/mnt/workspace/CRMBuilds/TZ.BF.4.0.7.1-00006-S660AAAAANAZT-2_20200329_233006/b/HK11/trustzone_images/core/bsp/trustzone/qsapps/applib32/build/KAJAANAA/applib32.lib(qsee_appmessage.o)	
	0x1838		$d.14	
	0x1838		.debug_frame	
.debug_frame	0x733b3	0x198	/local/mnt/workspace/CRMBuilds/TZ.BF.4.0.7.1-00006-S660AAAAANAZT-2_20200329_233006/b/HK11/trustzone_images/core/bsp/trustzone/qsapps/applib32/build/KAJAANAA/applib32.lib(sfs_api.o)	
	0x18ac		$d.30	
	0x18ac		.debug_frame	
.debug_frame	0x7354b	0x30	/local/mnt/workspace/CRMBuilds/TZ.BF.4.0.7.1-00006-S660AAAAANAZT-2_20200329_233006/b/HK11/trustzone_images/core/bsp/trustzone/qsapps/applib32/build/KAJAANAA/applib32.lib(secure_memset.o)	
	0x1a44		$d.10	
	0x1a44		.debug_frame	
.debug_frame	0x7357b	0x20	/local/mnt/workspace/CRMBuilds/TZ.BF.4.0.7.1-00006-S660AAAAANAZT-2_20200329_233006/b/HK11/trustzone_images/core/bsp/trustzone/qsapps/applib32/build/KAJAANAA/applib32.lib(memcmp.o)	
	0x1a74		$d.10	
	0x1a74		.debug_frame	
.debug_frame	0x7359b	0x20	/local/mnt/workspace/CRMBuilds/TZ.BF.4.0.7.1-00006-S660AAAAANAZT-2_20200329_233006/b/HK11/trustzone_images/core/bsp/trustzone/qsapps/applib32/build/KAJAANAA/applib32.lib(strlen.o)	
	0x1a94		$d.10	
	0x1a94		.debug_frame	
.debug_frame	0x735bb	0x154	/local/mnt/workspace/CRMBuilds/TZ.BF.4.0.7.1-00006-S660AAAAANAZT-2_20200329_233006/b/HK11/trustzone_images/core/bsp/trustzone/qsapps/applib32/build/KAJAANAA/applib32.lib(printf.o)	
	0x1ab4		$d.30	
	0x1ab4		.debug_frame	
.debug_frame	0x7370f	0x2c	/local/mnt/workspace/CRMBuilds/TZ.BF.4.0.7.1-00006-S660AAAAANAZT-2_20200329_233006/b/HK11/trustzone_images/core/bsp/trustzone/qsapps/applib32/build/KAJAANAA/applib32.lib(abort.o)	
	0x1c08		$d.8	
	0x1c08		.debug_frame	
.debug_frame	0x7373b	0x134	/local/mnt/workspace/CRMBuilds/TZ.BF.4.0.7.1-00006-S660AAAAANAZT-2_20200329_233006/b/HK11/trustzone_images/core/bsp/trustzone/qsapps/applib32/build/KAJAANAA/applib32.lib(gpPersistObjCommon.o)	
	0x1c34		$d.22	
	0x1c34		.debug_frame	
.debug_frame	0x7386f	0x1f0	/local/mnt/workspace/CRMBuilds/TZ.BF.4.0.7.1-00006-S660AAAAANAZT-2_20200329_233006/b/HK11/trustzone_images/core/bsp/trustzone/qsapps/applib32/build/KAJAANAA/applib32.lib(gpPersistentObjects.o)	
	0x1d68		$d.36	
	0x1d68		.debug_frame	
.debug_frame	0x73a5f	0x2bc	/local/mnt/workspace/CRMBuilds/TZ.BF.4.0.7.1-00006-S660AAAAANAZT-2_20200329_233006/b/HK11/trustzone_images/core/bsp/trustzone/qsapps/applib32/build/KAJAANAA/applib32.lib(gpPersistObjData.o)	
	0x1f58		$d.45	
	0x1f58		.debug_frame	
.debug_frame	0x73d1b	0x118	/local/mnt/workspace/CRMBuilds/TZ.BF.4.0.7.1-00006-S660AAAAANAZT-2_20200329_233006/b/HK11/trustzone_images/core/bsp/trustzone/qsapps/applib32/build/KAJAANAA/applib32.lib(gpPersistObjHandler.o)	
	0x2214		$d.25	
	0x2214		.debug_frame	
.debug_frame	0x73e33	0x1dc	/local/mnt/workspace/CRMBuilds/TZ.BF.4.0.7.1-00006-S660AAAAANAZT-2_20200329_233006/b/HK11/trustzone_images/core/bsp/trustzone/qsapps/applib32/build/KAJAANAA/applib32.lib(gpPersistObjIndex.o)	
	0x232c		$d.33	
	0x232c		.debug_frame	
.debug_frame	0x7400f	0x168	/local/mnt/workspace/CRMBuilds/TZ.BF.4.0.7.1-00006-S660AAAAANAZT-2_20200329_233006/b/HK11/trustzone_images/core/bsp/trustzone/qsapps/applib32/build/KAJAANAA/applib32.lib(gpPersistObjVersion.o)	
	0x2508		$d.30	
	0x2508		.debug_frame	
.debug_frame	0x74177	0x9c	/local/mnt/workspace/CRMBuilds/TZ.BF.4.0.7.1-00006-S660AAAAANAZT-2_20200329_233006/b/HK11/trustzone_images/core/bsp/trustzone/qsapps/applib32/build/KAJAANAA/applib32.lib(qsee_core_shim.o)	
	0x2670		$d.10	
	0x2670		.debug_frame	
.debug_frame	0x74213	0xd0	/local/mnt/workspace/CRMBuilds/TZ.BF.4.0.7.1-00006-S660AAAAANAZT-2_20200329_233006/b/HK11/trustzone_images/core/bsp/trustzone/qsapps/applib32/build/KAJAANAA/applib32.lib(stor.o)	
	0x270c		$d.10	
	0x270c		.debug_frame	
.debug_frame	0x742e3	0x254	/local/mnt/workspace/CRMBuilds/TZ.BF.4.0.7.1-00006-S660AAAAANAZT-2_20200329_233006/b/HK11/trustzone_images/core/bsp/trustzone/qsapps/applib32/build/KAJAANAA/applib32.lib(stor_gpt.o)	
	0x27dc		$d.34	
	0x27dc		.debug_frame	
.debug_frame	0x74537	0x128	/local/mnt/workspace/CRMBuilds/TZ.BF.4.0.7.1-00006-S660AAAAANAZT-2_20200329_233006/b/HK11/trustzone_images/core/bsp/trustzone/qsapps/applib32/build/KAJAANAA/applib32.lib(stor_rpmbw.o)	
	0x2a30		$d.10	
	0x2a30		.debug_frame	
.debug_frame	0x7465f	0x2c	/local/mnt/workspace/CRMBuilds/TZ.BF.4.0.7.1-00006-S660AAAAANAZT-2_20200329_233006/b/HK11/trustzone_images/core/bsp/trustzone/qsapps/applib32/build/KAJAANAA/applib32.lib(qsee_cfg_prop_shim.o)	
	0x2b58		$d.10	
	0x2b58		.debug_frame	
.debug_frame	0x7468b	0x30	/local/mnt/workspace/CRMBuilds/TZ.BF.4.0.7.1-00006-S660AAAAANAZT-2_20200329_233006/b/HK11/trustzone_images/core/bsp/trustzone/qsapps/applib32/build/KAJAANAA/applib32.lib(strlcat.o)	
	0x2b84		$d.10	
	0x2b84		.debug_frame	
.debug_frame	0x746bb	0x20	/local/mnt/workspace/CRMBuilds/TZ.BF.4.0.7.1-00006-S660AAAAANAZT-2_20200329_233006/b/HK11/trustzone_images/core/bsp/trustzone/qsapps/applib32/build/KAJAANAA/applib32.lib(strlcpy.o)	
	0x2bb4		$d.10	
	0x2bb4		.debug_frame	
.debug_frame	0x746db	0x28	/local/mnt/workspace/CRMBuilds/TZ.BF.4.0.7.1-00006-S660AAAAANAZT-2_20200329_233006/b/HK11/trustzone_images/core/bsp/trustzone/qsapps/applib32/build/KAJAANAA/applib32.lib(memchr.o)	
	0x2bd4		$d.10	
	0x2bd4		.debug_frame	
.debug_frame	0x74703	0x28	/local/mnt/workspace/CRMBuilds/TZ.BF.4.0.7.1-00006-S660AAAAANAZT-2_20200329_233006/b/HK11/trustzone_images/core/bsp/trustzone/qsapps/applib32/build/KAJAANAA/applib32.lib(strncmp.o)	
	0x2bfc		$d.10	
	0x2bfc		.debug_frame	
.debug_frame	0x7472b	0x11c	/local/mnt/workspace/CRMBuilds/TZ.BF.4.0.7.1-00006-S660AAAAANAZT-2_20200329_233006/b/HK11/trustzone_images/core/bsp/trustzone/qsapps/applib32/build/KAJAANAA/applib32.lib(gpPersistObjCrypto.o)	
	0x2c24		$d.25	
	0x2c24		.debug_frame	
.debug_frame	0x74847	0x11c	/local/mnt/workspace/CRMBuilds/TZ.BF.4.0.7.1-00006-S660AAAAANAZT-2_20200329_233006/b/HK11/trustzone_images/core/bsp/trustzone/qsapps/applib32/build/KAJAANAA/applib32.lib(gpPersistObjFileIO.o)	
	0x2d40		$d.26	
	0x2d40		.debug_frame	
.debug_frame	0x74963	0x134	/local/mnt/workspace/CRMBuilds/TZ.BF.4.0.7.1-00006-S660AAAAANAZT-2_20200329_233006/b/HK11/trustzone_images/core/bsp/trustzone/qsapps/applib32/build/KAJAANAA/applib32.lib(qsee_cipher.o)	
	0x2e5c		$d.22	
	0x2e5c		.debug_frame	
.debug_frame	0x74a97	0x170	/local/mnt/workspace/CRMBuilds/TZ.BF.4.0.7.1-00006-S660AAAAANAZT-2_20200329_233006/b/HK11/trustzone_images/core/bsp/trustzone/qsapps/applib32/build/KAJAANAA/applib32.lib(qsee_hash.o)	
	0x2f90		$d.23	
	0x2f90		.debug_frame	
.debug_frame	0x74c07	0x114	/local/mnt/workspace/CRMBuilds/TZ.BF.4.0.7.1-00006-S660AAAAANAZT-2_20200329_233006/b/HK11/trustzone_images/core/bsp/trustzone/qsapps/applib32/build/KAJAANAA/applib32.lib(qsee_hmac.o)	
	0x3100		$d.17	
	0x3100		.debug_frame	
.debug_frame	0x74d1b	0x28	/local/mnt/workspace/CRMBuilds/TZ.BF.4.0.7.1-00006-S660AAAAANAZT-2_20200329_233006/b/HK11/trustzone_images/core/bsp/trustzone/qsapps/applib32/build/KAJAANAA/applib32.lib(timesafe_memcmp.o)	
	0x3214		$d.10	
	0x3214		.debug_frame	
.debug_frame	0x74d43	0xb8	/local/mnt/workspace/CRMBuilds/TZ.BF.4.0.7.1-00006-S660AAAAANAZT-2_20200329_233006/b/HK11/trustzone_images/core/bsp/trustzone/qsapps/applib32/build/KAJAANAA/applib32.lib(gpFileService.o)	
	0x323c		$d.18	
	0x323c		.debug_frame	
.debug_frame	0x74dfb	0x20	/local/mnt/workspace/CRMBuilds/TZ.BF.4.0.7.1-00006-S660AAAAANAZT-2_20200329_233006/b/HK11/trustzone_images/core/bsp/trustzone/qsapps/applib32/build/KAJAANAA/applib32.lib(memset.o)	
	0x32f4		$d.10	
	0x32f4		.debug_frame	
.debug_frame	0x74e1b	0x34	/local/mnt/workspace/CRMBuilds/TZ.BF.4.0.7.1-00006-S660AAAAANAZT-2_20200329_233006/b/HK11/trustzone_images/core/bsp/trustzone/qsapps/applib32/build/KAJAANAA/applib32.lib(memcpy.o)	
	0x3314		$d.10	
	0x3314		.debug_frame	

.shstrtab	0x74e4f	0x11e

.symtab	0x74f70	0x1ca90

.strtab	0x91a00	0x1ccd8