Archive member included because of file (symbol)
/local/mnt/workspace/CRMBuilds/TZ.BF.4.0.7.1-00006-S660AAAAANAZT-2_20200329_233006/b/HK11/trustzone_images/core/bsp/trustzone/qsapps/applib32/build/KAJAANAA/applib32.lib(memscpy.o)
		/local/mnt/workspace/CRMBuilds/TZ.BF.4.0.7.1-00006-S660AAAAANAZT-2_20200329_233006/b/HK11/trustzone_images/core/services/utils/build/smplcert/scorpion/KAJAANAA/memheap_lite.o (memscpy)
/local/mnt/workspace/CRMBuilds/TZ.BF.4.0.7.1-00006-S660AAAAANAZT-2_20200329_233006/b/HK11/trustzone_images/core/bsp/trustzone/qsapps/applib32/build/KAJAANAA/applib32.lib(common_applib.o)
		/local/mnt/workspace/CRMBuilds/TZ.BF.4.0.7.1-00006-S660AAAAANAZT-2_20200329_233006/b/HK11/trustzone_images/core/bsp/trustzone/qsapps/applib32/build/KAJAANAA/tzapp_entry.o (get_app_md)
/local/mnt/workspace/CRMBuilds/TZ.BF.4.0.7.1-00006-S660AAAAANAZT-2_20200329_233006/b/HK11/trustzone_images/core/bsp/trustzone/qsapps/applib32/build/KAJAANAA/applib32.lib(prxy_services.o)
		/local/mnt/workspace/CRMBuilds/TZ.BF.4.0.7.1-00006-S660AAAAANAZT-2_20200329_233006/b/HK11/trustzone_images/core/bsp/trustzone/qsapps/smplcert/build/KAJAANAA/smplcert/objects/smplcert/src/app_main.o (qsee_log)
/local/mnt/workspace/CRMBuilds/TZ.BF.4.0.7.1-00006-S660AAAAANAZT-2_20200329_233006/b/HK11/trustzone_images/core/bsp/trustzone/qsapps/applib32/build/KAJAANAA/applib32.lib(tzapp_syscall.o)
		/local/mnt/workspace/CRMBuilds/TZ.BF.4.0.7.1-00006-S660AAAAANAZT-2_20200329_233006/b/HK11/trustzone_images/core/bsp/trustzone/qsapps/applib32/build/KAJAANAA/tzapp_entry.o (app_export_init_info_to_qsee)
/local/mnt/workspace/CRMBuilds/TZ.BF.4.0.7.1-00006-S660AAAAANAZT-2_20200329_233006/b/HK11/trustzone_images/core/bsp/trustzone/qsapps/applib32/build/KAJAANAA/applib32.lib(mink_shared_code.o)
		/local/mnt/workspace/CRMBuilds/TZ.BF.4.0.7.1-00006-S660AAAAANAZT-2_20200329_233006/b/HK11/trustzone_images/core/bsp/trustzone/qsapps/applib32/build/KAJAANAA/applib32.lib(common_applib.o) (minkIPC)
/local/mnt/workspace/CRMBuilds/TZ.BF.4.0.7.1-00006-S660AAAAANAZT-2_20200329_233006/b/HK11/trustzone_images/core/bsp/trustzone/qsapps/applib32/build/KAJAANAA/applib32.lib(qsee_env.o)
		/local/mnt/workspace/CRMBuilds/TZ.BF.4.0.7.1-00006-S660AAAAANAZT-2_20200329_233006/b/HK11/trustzone_images/core/bsp/trustzone/qsapps/applib32/build/KAJAANAA/applib32.lib(common_applib.o) (qsee_open)
/local/mnt/workspace/CRMBuilds/TZ.BF.4.0.7.1-00006-S660AAAAANAZT-2_20200329_233006/b/HK11/trustzone_images/core/bsp/trustzone/qsapps/applib32/build/KAJAANAA/applib32.lib(qsee_prng.o)
		/local/mnt/workspace/CRMBuilds/TZ.BF.4.0.7.1-00006-S660AAAAANAZT-2_20200329_233006/b/HK11/trustzone_images/core/services/utils/build/smplcert/scorpion/KAJAANAA/memheap_lite.o (qsee_prng_getdata)
/local/mnt/workspace/CRMBuilds/TZ.BF.4.0.7.1-00006-S660AAAAANAZT-2_20200329_233006/b/HK11/trustzone_images/core/bsp/trustzone/qsapps/applib32/build/KAJAANAA/applib32.lib(secure_memset.o)
		/local/mnt/workspace/CRMBuilds/TZ.BF.4.0.7.1-00006-S660AAAAANAZT-2_20200329_233006/b/HK11/trustzone_images/core/bsp/trustzone/qsapps/applib32/build/KAJAANAA/applib32.lib(common_applib.o) (secure_memset)
/local/mnt/workspace/CRMBuilds/TZ.BF.4.0.7.1-00006-S660AAAAANAZT-2_20200329_233006/b/HK11/trustzone_images/core/bsp/trustzone/qsapps/applib32/build/KAJAANAA/applib32.lib(strlen.o)
		/local/mnt/workspace/CRMBuilds/TZ.BF.4.0.7.1-00006-S660AAAAANAZT-2_20200329_233006/b/HK11/trustzone_images/core/bsp/trustzone/qsapps/applib32/build/KAJAANAA/applib32.lib(common_applib.o) (strlen)
/local/mnt/workspace/CRMBuilds/TZ.BF.4.0.7.1-00006-S660AAAAANAZT-2_20200329_233006/b/HK11/trustzone_images/core/bsp/trustzone/qsapps/applib32/build/KAJAANAA/applib32.lib(printf.o)
		/local/mnt/workspace/CRMBuilds/TZ.BF.4.0.7.1-00006-S660AAAAANAZT-2_20200329_233006/b/HK11/trustzone_images/core/bsp/trustzone/qsapps/applib32/build/KAJAANAA/applib32.lib(prxy_services.o) (vsnprintf)
/local/mnt/workspace/CRMBuilds/TZ.BF.4.0.7.1-00006-S660AAAAANAZT-2_20200329_233006/b/HK11/trustzone_images/core/bsp/trustzone/qsapps/applib32/build/KAJAANAA/applib32.lib(kthread_shared.o)
		/local/mnt/workspace/CRMBuilds/TZ.BF.4.0.7.1-00006-S660AAAAANAZT-2_20200329_233006/b/HK11/trustzone_images/core/bsp/trustzone/qsapps/applib32/build/KAJAANAA/applib32.lib(mink_shared_code.o) (mink_generic_syscall)
/local/mnt/workspace/CRMBuilds/TZ.BF.4.0.7.1-00006-S660AAAAANAZT-2_20200329_233006/b/HK11/trustzone_images/core/bsp/trustzone/qsapps/applib32/build/KAJAANAA/applib32.lib(memchr.o)
		/local/mnt/workspace/CRMBuilds/TZ.BF.4.0.7.1-00006-S660AAAAANAZT-2_20200329_233006/b/HK11/trustzone_images/core/bsp/trustzone/qsapps/applib32/build/KAJAANAA/applib32.lib(printf.o) (memchr)
/afs/localcell/cm/gv2.6/sysname/pkg.@sys/qct/software/llvm/release/arm/3.7.6/lib/clang/3.7.6/lib/linux/libclang_rt.builtins-arm.a(aeabi_memcpy.S.o)
		/local/mnt/workspace/CRMBuilds/TZ.BF.4.0.7.1-00006-S660AAAAANAZT-2_20200329_233006/b/HK11/trustzone_images/core/bsp/trustzone/qsapps/applib32/build/KAJAANAA/applib32.lib(memscpy.o) (__aeabi_memcpy)
/afs/localcell/cm/gv2.6/sysname/pkg.@sys/qct/software/llvm/release/arm/3.7.6/lib/clang/3.7.6/lib/linux/libclang_rt.builtins-arm.a(aeabi_memset.S.o)
		/local/mnt/workspace/CRMBuilds/TZ.BF.4.0.7.1-00006-S660AAAAANAZT-2_20200329_233006/b/HK11/trustzone_images/core/services/utils/build/smplcert/scorpion/KAJAANAA/memheap_lite.o (__aeabi_memset)
/afs/localcell/cm/gv2.6/sysname/pkg.@sys/qct/software/llvm/release/arm/3.7.6/lib/clang/3.7.6/lib/linux/libclang_rt.builtins-arm.a(aeabi_uldivmod.S.o)
		/local/mnt/workspace/CRMBuilds/TZ.BF.4.0.7.1-00006-S660AAAAANAZT-2_20200329_233006/b/HK11/trustzone_images/core/bsp/trustzone/qsapps/applib32/build/KAJAANAA/applib32.lib(printf.o) (__aeabi_uldivmod)
/afs/localcell/cm/gv2.6/sysname/pkg.@sys/qct/software/llvm/release/arm/3.7.6/lib/clang/3.7.6/lib/linux/libclang_rt.builtins-arm.a(udivmoddi4.c.o)
		/afs/localcell/cm/gv2.6/sysname/pkg.@sys/qct/software/llvm/release/arm/3.7.6/lib/clang/3.7.6/lib/linux/libclang_rt.builtins-arm.a(aeabi_uldivmod.S.o) (__udivmoddi4)
/afs/localcell/cm/gv2.6/sysname/pkg.@sys/qct/software/llvm/release/arm/3.7.6/lib/clang/3.7.6/lib/linux/libclang_rt.builtins-arm.a(umoddi3.c.o)
		/local/mnt/workspace/CRMBuilds/TZ.BF.4.0.7.1-00006-S660AAAAANAZT-2_20200329_233006/b/HK11/trustzone_images/core/bsp/trustzone/qsapps/applib32/build/KAJAANAA/applib32.lib(printf.o) (__umoddi3)
/afs/localcell/cm/gv2.6/sysname/pkg.@sys/qct/software/llvm/release/arm/3.7.6/lib/clang/3.7.6/lib/linux/libclang_rt.builtins-arm.a(udivsi3.S.o)
		/afs/localcell/cm/gv2.6/sysname/pkg.@sys/qct/software/llvm/release/arm/3.7.6/lib/clang/3.7.6/lib/linux/libclang_rt.builtins-arm.a(udivmoddi4.c.o) (__aeabi_uidiv)
/afs/localcell/cm/gv2.6/sysname/pkg.@sys/qct/software/llvm/release/arm/3.7.6/lib/clang/3.7.6/lib/linux/libclang_rt.builtins-arm.a(umodsi3.S.o)
		/afs/localcell/cm/gv2.6/sysname/pkg.@sys/qct/software/llvm/release/arm/3.7.6/lib/clang/3.7.6/lib/linux/libclang_rt.builtins-arm.a(udivmoddi4.c.o) (__umodsi3)
/afs/localcell/cm/gv2.6/sysname/pkg.@sys/qct/software/llvm/release/arm/3.7.6/lib/clang/3.7.6/lib/linux/libclang_rt.builtins-arm.a(aeabi_div0.c.o)
		/afs/localcell/cm/gv2.6/sysname/pkg.@sys/qct/software/llvm/release/arm/3.7.6/lib/clang/3.7.6/lib/linux/libclang_rt.builtins-arm.a(udivsi3.S.o) (__aeabi_idiv0)
/local/mnt/workspace/CRMBuilds/TZ.BF.4.0.7.1-00006-S660AAAAANAZT-2_20200329_233006/b/HK11/trustzone_images/core/bsp/trustzone/qsapps/applib32/build/KAJAANAA/applib32.lib(memset.o)
		/afs/localcell/cm/gv2.6/sysname/pkg.@sys/qct/software/llvm/release/arm/3.7.6/lib/clang/3.7.6/lib/linux/libclang_rt.builtins-arm.a(aeabi_memset.S.o) (memset)
/local/mnt/workspace/CRMBuilds/TZ.BF.4.0.7.1-00006-S660AAAAANAZT-2_20200329_233006/b/HK11/trustzone_images/core/bsp/trustzone/qsapps/applib32/build/KAJAANAA/applib32.lib(memcpy.o)
		/afs/localcell/cm/gv2.6/sysname/pkg.@sys/qct/software/llvm/release/arm/3.7.6/lib/clang/3.7.6/lib/linux/libclang_rt.builtins-arm.a(aeabi_memcpy.S.o) (memcpy)

Allocating common symbols
Common symbol	size	file

apps_request_resp	0x14	/local/mnt/workspace/CRMBuilds/TZ.BF.4.0.7.1-00006-S660AAAAANAZT-2_20200329_233006/b/HK11/trustzone_images/core/bsp/trustzone/qsapps/applib32/build/KAJAANAA/applib32.lib(common_applib.o)

Linker Script and memory map
START GROUP
LOAD /local/mnt/workspace/CRMBuilds/TZ.BF.4.0.7.1-00006-S660AAAAANAZT-2_20200329_233006/b/HK11/trustzone_images/core/bsp/trustzone/qsapps/smplcert/build/KAJAANAA/smplcert/objects/smplcert/src/app_main.o
LOAD /local/mnt/workspace/CRMBuilds/TZ.BF.4.0.7.1-00006-S660AAAAANAZT-2_20200329_233006/b/HK11/trustzone_images/core/bsp/trustzone/qsapps/smplcert/build/KAJAANAA/smplcert/objects/smplcert/src/CCertValidate.o
LOAD /local/mnt/workspace/CRMBuilds/TZ.BF.4.0.7.1-00006-S660AAAAANAZT-2_20200329_233006/b/HK11/trustzone_images/core/services/utils/build/smplcert/scorpion/KAJAANAA/memheap_lite.o
LOAD /local/mnt/workspace/CRMBuilds/TZ.BF.4.0.7.1-00006-S660AAAAANAZT-2_20200329_233006/b/HK11/trustzone_images/core/bsp/trustzone/qsapps/applib32/build/KAJAANAA/tzapp_entry.o
LOAD /local/mnt/workspace/CRMBuilds/TZ.BF.4.0.7.1-00006-S660AAAAANAZT-2_20200329_233006/b/HK11/trustzone_images/core/bsp/trustzone/qsapps/applib32/build/KAJAANAA/tzapp_lib_main.o
LOAD /local/mnt/workspace/CRMBuilds/TZ.BF.4.0.7.1-00006-S660AAAAANAZT-2_20200329_233006/b/HK11/trustzone_images/core/bsp/trustzone/qsapps/smplcert/build/KAJAANAA/metadata.o
LOAD /local/mnt/workspace/CRMBuilds/TZ.BF.4.0.7.1-00006-S660AAAAANAZT-2_20200329_233006/b/HK11/trustzone_images/core/bsp/trustzone/qsapps/applib32/build/KAJAANAA/applib32.lib(memscpy.o) 
LOAD /local/mnt/workspace/CRMBuilds/TZ.BF.4.0.7.1-00006-S660AAAAANAZT-2_20200329_233006/b/HK11/trustzone_images/core/bsp/trustzone/qsapps/applib32/build/KAJAANAA/applib32.lib(common_applib.o) 
LOAD /local/mnt/workspace/CRMBuilds/TZ.BF.4.0.7.1-00006-S660AAAAANAZT-2_20200329_233006/b/HK11/trustzone_images/core/bsp/trustzone/qsapps/applib32/build/KAJAANAA/applib32.lib(prxy_services.o) 
LOAD /local/mnt/workspace/CRMBuilds/TZ.BF.4.0.7.1-00006-S660AAAAANAZT-2_20200329_233006/b/HK11/trustzone_images/core/bsp/trustzone/qsapps/applib32/build/KAJAANAA/applib32.lib(tzapp_syscall.o) 
LOAD /local/mnt/workspace/CRMBuilds/TZ.BF.4.0.7.1-00006-S660AAAAANAZT-2_20200329_233006/b/HK11/trustzone_images/core/bsp/trustzone/qsapps/applib32/build/KAJAANAA/applib32.lib(mink_shared_code.o) 
LOAD /local/mnt/workspace/CRMBuilds/TZ.BF.4.0.7.1-00006-S660AAAAANAZT-2_20200329_233006/b/HK11/trustzone_images/core/bsp/trustzone/qsapps/applib32/build/KAJAANAA/applib32.lib(qsee_env.o) 
LOAD /local/mnt/workspace/CRMBuilds/TZ.BF.4.0.7.1-00006-S660AAAAANAZT-2_20200329_233006/b/HK11/trustzone_images/core/bsp/trustzone/qsapps/applib32/build/KAJAANAA/applib32.lib(qsee_prng.o) 
LOAD /local/mnt/workspace/CRMBuilds/TZ.BF.4.0.7.1-00006-S660AAAAANAZT-2_20200329_233006/b/HK11/trustzone_images/core/bsp/trustzone/qsapps/applib32/build/KAJAANAA/applib32.lib(secure_memset.o) 
LOAD /local/mnt/workspace/CRMBuilds/TZ.BF.4.0.7.1-00006-S660AAAAANAZT-2_20200329_233006/b/HK11/trustzone_images/core/bsp/trustzone/qsapps/applib32/build/KAJAANAA/applib32.lib(strlen.o) 
LOAD /local/mnt/workspace/CRMBuilds/TZ.BF.4.0.7.1-00006-S660AAAAANAZT-2_20200329_233006/b/HK11/trustzone_images/core/bsp/trustzone/qsapps/applib32/build/KAJAANAA/applib32.lib(printf.o) 
LOAD /local/mnt/workspace/CRMBuilds/TZ.BF.4.0.7.1-00006-S660AAAAANAZT-2_20200329_233006/b/HK11/trustzone_images/core/bsp/trustzone/qsapps/applib32/build/KAJAANAA/applib32.lib(kthread_shared.o) 
LOAD /local/mnt/workspace/CRMBuilds/TZ.BF.4.0.7.1-00006-S660AAAAANAZT-2_20200329_233006/b/HK11/trustzone_images/core/bsp/trustzone/qsapps/applib32/build/KAJAANAA/applib32.lib(memchr.o) 
LOAD /afs/localcell/cm/gv2.6/sysname/pkg.@sys/qct/software/llvm/release/arm/3.7.6/lib/clang/3.7.6/lib/linux/libclang_rt.builtins-arm.a(aeabi_memcpy.S.o) 
LOAD /afs/localcell/cm/gv2.6/sysname/pkg.@sys/qct/software/llvm/release/arm/3.7.6/lib/clang/3.7.6/lib/linux/libclang_rt.builtins-arm.a(aeabi_memset.S.o) 
LOAD /afs/localcell/cm/gv2.6/sysname/pkg.@sys/qct/software/llvm/release/arm/3.7.6/lib/clang/3.7.6/lib/linux/libclang_rt.builtins-arm.a(aeabi_uldivmod.S.o) 
LOAD /afs/localcell/cm/gv2.6/sysname/pkg.@sys/qct/software/llvm/release/arm/3.7.6/lib/clang/3.7.6/lib/linux/libclang_rt.builtins-arm.a(udivmoddi4.c.o) 
LOAD /afs/localcell/cm/gv2.6/sysname/pkg.@sys/qct/software/llvm/release/arm/3.7.6/lib/clang/3.7.6/lib/linux/libclang_rt.builtins-arm.a(umoddi3.c.o) 
LOAD /afs/localcell/cm/gv2.6/sysname/pkg.@sys/qct/software/llvm/release/arm/3.7.6/lib/clang/3.7.6/lib/linux/libclang_rt.builtins-arm.a(udivsi3.S.o) 
LOAD /afs/localcell/cm/gv2.6/sysname/pkg.@sys/qct/software/llvm/release/arm/3.7.6/lib/clang/3.7.6/lib/linux/libclang_rt.builtins-arm.a(umodsi3.S.o) 
LOAD /afs/localcell/cm/gv2.6/sysname/pkg.@sys/qct/software/llvm/release/arm/3.7.6/lib/clang/3.7.6/lib/linux/libclang_rt.builtins-arm.a(aeabi_div0.c.o) 
LOAD /local/mnt/workspace/CRMBuilds/TZ.BF.4.0.7.1-00006-S660AAAAANAZT-2_20200329_233006/b/HK11/trustzone_images/core/bsp/trustzone/qsapps/applib32/build/KAJAANAA/applib32.lib(memset.o) 
LOAD /local/mnt/workspace/CRMBuilds/TZ.BF.4.0.7.1-00006-S660AAAAANAZT-2_20200329_233006/b/HK11/trustzone_images/core/bsp/trustzone/qsapps/applib32/build/KAJAANAA/applib32.lib(memcpy.o) 
END GROUP

Linker scripts used (including INCLUDE command)
/local/mnt/workspace/CRMBuilds/TZ.BF.4.0.7.1-00006-S660AAAAANAZT-2_20200329_233006/b/HK11/trustzone_images/core/bsp/trustzone/qsapps/smplcert/build/KAJAANAA/smplcert.scl

	0x0	0x0

.text	0x0	0x3628
KEEP ((TZAPPENTRYCODE ))
	text_section_base(0x0) = .( 0x0 );
TZAPPENTRYCODE	0x0	0x4c	/local/mnt/workspace/CRMBuilds/TZ.BF.4.0.7.1-00006-S660AAAAANAZT-2_20200329_233006/b/HK11/trustzone_images/core/bsp/trustzone/qsapps/applib32/build/KAJAANAA/tzapp_entry.o	
	0x0		$a.0	
	0x0		TZAPPENTRYCODE	
	0x0		TZAPPENTRY	
	0x0		__main	
	0x0		_main	
	0x3c		get_cmnlib_ctx_ptr	
	0x44		$d.1	
(.text .text.* kthread_shared )
.text	0x4c	0x7c	/local/mnt/workspace/CRMBuilds/TZ.BF.4.0.7.1-00006-S660AAAAANAZT-2_20200329_233006/b/HK11/trustzone_images/core/bsp/trustzone/qsapps/smplcert/build/KAJAANAA/smplcert/objects/smplcert/src/app_main.o	
	0x4c		$t.1	
	0x4c		.text	
	0x4d		tz_module_open	
	0x88		$d.2	
	0x8c		$t.4	
	0x8d		tz_app_init	
	0x9c		$d.5	
	0xa0		$t.6	
	0xa1		tz_app_cmd_handler	
	0xb0		$d.7	
	0xb4		$t.8	
	0xb5		tz_app_shutdown	
	0xc4		$d.9	
.text	0xc8	0x4e	/local/mnt/workspace/CRMBuilds/TZ.BF.4.0.7.1-00006-S660AAAAANAZT-2_20200329_233006/b/HK11/trustzone_images/core/bsp/trustzone/qsapps/smplcert/build/KAJAANAA/smplcert/objects/smplcert/src/CCertValidate.o	
	0xc8		$t.1	
	0xc8		.text	
	0xc9		CCertValidate_open	
	0xd8		$d.2	
	0xdc		$t.4	
	0xdd		CCertValidate_invoke	
.text	0x118	0x67e	/local/mnt/workspace/CRMBuilds/TZ.BF.4.0.7.1-00006-S660AAAAANAZT-2_20200329_233006/b/HK11/trustzone_images/core/services/utils/build/smplcert/scorpion/KAJAANAA/memheap_lite.o	
	0x118		$t.1	
	0x118		.text	
	0x119		mem_heap_get_random_num	
	0x135		mem_init_heap	
	0x26c		$d.3	
	0x274		$t.4	
	0x275		mem_heap_enter_crit_sect	
	0x289		mem_heap_leave_crit_sect	
	0x28d		mem_init_block_header	
	0x2b5		mem_deinit_heap	
	0x315		mem_malloc	
	0x569		mem_get_next_block	
	0x5d1		mem_free	
	0x6f9		mem_get_buffer_size	
	0x709		mem_realloc	
.text	0x798	0xa0	/local/mnt/workspace/CRMBuilds/TZ.BF.4.0.7.1-00006-S660AAAAANAZT-2_20200329_233006/b/HK11/trustzone_images/core/bsp/trustzone/qsapps/applib32/build/KAJAANAA/tzapp_lib_main.o	
	0x798		$t.1	
	0x798		.text	
	0x799		TEE_Panic	
	0x79d		GPMemoryMgmt_verifyHandle	
	0x7a1		GPMemoryMgmt_verifyDataAccess	
	0x7a5		CApp_handleRequest	
	0x7c9		CApp_invoke	
	0x821		secure_app_init	
	0x82d		secure_app_shutdown	
.text	0x838	0x18	/local/mnt/workspace/CRMBuilds/TZ.BF.4.0.7.1-00006-S660AAAAANAZT-2_20200329_233006/b/HK11/trustzone_images/core/bsp/trustzone/qsapps/applib32/build/KAJAANAA/applib32.lib(memscpy.o)	
	0x838		$t.1	
	0x838		.text	
	0x839		memscpy	
.text	0x850	0x888	/local/mnt/workspace/CRMBuilds/TZ.BF.4.0.7.1-00006-S660AAAAANAZT-2_20200329_233006/b/HK11/trustzone_images/core/bsp/trustzone/qsapps/applib32/build/KAJAANAA/applib32.lib(common_applib.o)	
	0x850		.text	
	0x850		$t.1	
	0x851		qsee_err_fatal	
	0x871		platform_err_fatal	
	0x875		platform_get_random	
	0x879		__stack_chk_fail	
	0x87d		_sys_command_string	
	0x884		$d.3	
	0x888		$t.4	
	0x889		get_app_req_resp	
	0x890		$d.5	
	0x894		$t.6	
	0x895		qsee_read_register	
	0x8b5		qsee_request_service	
	0x928		$d.7	
	0x92c		$t.8	
	0x92d		qsee_prepare_shared_buf_for_nosecure_read	
	0x94d		qsee_prepare_shared_buf_for_secure_read	
	0x96d		qsee_set_global_flag	
	0x98d		qsee_get_global_flag	
	0x9ad		qsee_oem_process_cmd	
	0x9d1		qsee_enforce_hdmi_hdcp_encryption	
	0x9f1		qsee_write_hdcp2p2_key_riv_enable	
	0xa19		qsee_read_hdcp2p2_min_encryption_level	
	0xa39		qsee_write_hdcp2p2_min_encryption_level	
	0xa59		qsee_get_hdcp_min_enc_level	
	0xa79		qsee_get_chipset_family	
	0xa99		qsee_set_hdcp_min_enc_level	
	0xab9		qsee_write_hdcp1_key	
	0xad9		qsee_set_hdcp_cpi_assert	
	0xaf9		qsee_get_secure_state	
	0xb19		__wrap_malloc	
	0xb21		qsee_realloc	
	0xb4c		$d.9	
	0xb50		$t.10	
	0xb51		realloc	
	0xb55		qsee_malloc	
	0xb5d		qsee_realloc_common	
	0xbc8		$d.11	
	0xbd0		$t.12	
	0xbd1		__wrap_free	
	0xbd5		qsee_free	
	0xbf4		$d.13	
	0xbfc		$t.14	
	0xbfd		qsee_cmnlib_malloc	
	0xc1c		$d.15	
	0xc24		$t.16	
	0xc25		qsee_cmnlib_free	
	0xc44		$d.17	
	0xc4c		$t.18	
	0xc5d		tzlib_app_entry	
	0xda0		$d.19	
	0xdf0		$t.20	
	0xdf1		get_ta_app_name	
	0xdfc		$d.21	
	0xe00		$t.22	
	0xe01		get_app_heap_size	
	0xe10		$d.23	
	0xe18		$t.24	
	0xe19		get_app_md	
	0xed8		$d.25	
	0xf00		$t.26	
	0xf01		CElfFile_invoke	
	0xf8c		$d.27	
	0xf94		$t.28	
	0xf95		get_app_stack_size	
	0xfa4		$d.29	
	0xfac		$t.30	
	0xfad		AppModule_invoke	
	0x10c0		$d.31	
.text	0x10d8	0x550	/local/mnt/workspace/CRMBuilds/TZ.BF.4.0.7.1-00006-S660AAAAANAZT-2_20200329_233006/b/HK11/trustzone_images/core/bsp/trustzone/qsapps/applib32/build/KAJAANAA/applib32.lib(prxy_services.o)	
	0x10d8		.text	
	0x10d8		$t.1	
	0x10d9		qsee_kdf	
	0x1108		$d.2	
	0x110c		$t.4	
	0x110d		qsee_log	
	0x11b4		$d.5	
	0x11bc		$t.6	
	0x11bd		qsee_log_set_mask	
	0x11dc		$d.7	
	0x11e0		$t.8	
	0x11e1		qsee_log_get_mask	
	0x1208		$d.9	
	0x120c		$t.10	
	0x120d		open	
	0x1234		$d.11	
	0x1238		$t.12	
	0x1239		read	
	0x1258		$d.13	
	0x125c		$t.14	
	0x125d		write	
	0x127c		$d.15	
	0x1280		$t.16	
	0x1281		close	
	0x12a0		$d.17	
	0x12a4		$t.18	
	0x12a5		lstat	
	0x12c4		$d.19	
	0x12c8		$t.20	
	0x12c9		mkdir	
	0x12e8		$d.21	
	0x12ec		$t.22	
	0x12ed		frename	
	0x130c		$d.23	
	0x1310		$t.24	
	0x1311		opendir	
	0x1330		$d.25	
	0x1334		$t.26	
	0x1335		readdir	
	0x1354		$d.27	
	0x1358		$t.28	
	0x1359		rmdir	
	0x1378		$d.29	
	0x137c		$t.30	
	0x137d		testdir	
	0x139c		$d.31	
	0x13a0		$t.32	
	0x13a1		file_get_partition_free_size	
	0x13c0		$d.33	
	0x13c4		$t.34	
	0x13c5		fstat	
	0x13e4		$d.35	
	0x13e8		$t.36	
	0x13e9		lseek	
	0x1408		$d.37	
	0x140c		$t.38	
	0x140d		time_getsystime	
	0x142c		$d.39	
	0x1430		$t.40	
	0x1431		time_getutcsec	
	0x1450		$d.41	
	0x1454		$t.42	
	0x1455		time_is_leap_year	
	0x1474		$d.43	
	0x1478		$t.44	
	0x1479		remove	
	0x1498		$d.45	
	0x149c		$t.46	
	0x149d		unlink	
	0x14bc		$d.47	
	0x14c0		$t.48	
	0x14c1		link	
	0x14e0		$d.49	
	0x14e4		$t.50	
	0x14e5		telldir	
	0x1504		$d.51	
	0x1508		$t.52	
	0x1509		fsync	
	0x1528		$d.53	
	0x152c		$t.54	
	0x152d		openat	
	0x1554		$d.55	
	0x1558		$t.56	
	0x1559		unlinkat	
	0x1578		$d.57	
	0x157c		$t.58	
	0x157d		fcntl	
	0x15a4		$d.59	
	0x15a8		$t.60	
	0x15a9		creat	
	0x15c8		$d.61	
	0x15cc		$t.62	
	0x15cd		file_dir_chown_chmod	
	0x15fc		$d.63	
	0x1600		$t.64	
	0x1601		get_error_number	
	0x1624		$d.65	
.text	0x1628	0x290	/local/mnt/workspace/CRMBuilds/TZ.BF.4.0.7.1-00006-S660AAAAANAZT-2_20200329_233006/b/HK11/trustzone_images/core/bsp/trustzone/qsapps/applib32/build/KAJAANAA/applib32.lib(mink_shared_code.o)	
	0x1628		$t.1	
	0x1628		.text	
	0x1629		UThread_syscall	
	0x1649		minkIPC	
	0x1750		$d.3	
	0x175c		$t.4	
	0x175d		minkServerLoop	
	0x1879		minkServerEntry	
	0x18b4		$d.5	
.text	0x18b8	0x214	/local/mnt/workspace/CRMBuilds/TZ.BF.4.0.7.1-00006-S660AAAAANAZT-2_20200329_233006/b/HK11/trustzone_images/core/bsp/trustzone/qsapps/applib32/build/KAJAANAA/applib32.lib(qsee_env.o)	
	0x18b8		$t.1	
	0x18b8		.text	
	0x18b9		qsee_set_env	
	0x18d0		$d.2	
	0x18d4		$t.4	
	0x18d5		qsee_open	
	0x1930		$d.5	
	0x1938		$t.6	
	0x1939		qsee_open_singleton	
	0x1954		$d.7	
	0x198a		$t.8	
	0x1a28		$d.9	
	0x1a2c		$t.10	
	0x1a2d		qsee_printf_ap	
	0x1a84		$d.11	
	0x1a8c		$t.12	
	0x1a8d		qsee_printf	
	0x1ac8		$d.13	
.text	0x1acc	0x58	/local/mnt/workspace/CRMBuilds/TZ.BF.4.0.7.1-00006-S660AAAAANAZT-2_20200329_233006/b/HK11/trustzone_images/core/bsp/trustzone/qsapps/applib32/build/KAJAANAA/applib32.lib(qsee_prng.o)	
	0x1acc		$t.1	
	0x1acc		.text	
	0x1acd		qsee_prng_getdata	
	0x1b20		$d.2	
.text	0x1b24	0x1a	/local/mnt/workspace/CRMBuilds/TZ.BF.4.0.7.1-00006-S660AAAAANAZT-2_20200329_233006/b/HK11/trustzone_images/core/bsp/trustzone/qsapps/applib32/build/KAJAANAA/applib32.lib(secure_memset.o)	
	0x1b24		$t.1	
	0x1b24		.text	
	0x1b25		secure_memset	
.text	0x1b40	0x3c	/local/mnt/workspace/CRMBuilds/TZ.BF.4.0.7.1-00006-S660AAAAANAZT-2_20200329_233006/b/HK11/trustzone_images/core/bsp/trustzone/qsapps/applib32/build/KAJAANAA/applib32.lib(strlen.o)	
	0x1b40		$t.1	
	0x1b40		.text	
	0x1b41		strlen	
.text	0x1b7c	0xb44	/local/mnt/workspace/CRMBuilds/TZ.BF.4.0.7.1-00006-S660AAAAANAZT-2_20200329_233006/b/HK11/trustzone_images/core/bsp/trustzone/qsapps/applib32/build/KAJAANAA/applib32.lib(printf.o)	
	0x1b7c		$t.1	
	0x1b7c		.text	
	0x1b7d		__towrite	
	0x1bb5		vfprintf	
	0x1c84		$d.3	
	0x1c88		$t.4	
	0x1c89		printf_core	
	0x1fb2		$d.5	
	0x1fc8		$t.6	
	0x204a		$d.7	
	0x205a		$t.8	
	0x2398		$d.9	
	0x2408		$t.10	
	0x2409		vsnprintf	
	0x2494		$d.11	
	0x249c		$t.12	
	0x249d		sn_write	
	0x24c5		snprintf	
	0x24fc		$d.13	
	0x2500		$t.14	
	0x2501		out	
	0x2591		getint	
	0x25bd		pop_arg	
	0x25cc		$d.15	
	0x25d4		$t.16	
	0x263d		pad	
	0x26bc		$d.17	
kthread_shared	0x26c0	0x2c	/local/mnt/workspace/CRMBuilds/TZ.BF.4.0.7.1-00006-S660AAAAANAZT-2_20200329_233006/b/HK11/trustzone_images/core/bsp/trustzone/qsapps/applib32/build/KAJAANAA/applib32.lib(kthread_shared.o)	
	0x26c0		$a.0	
	0x26c0		kthread_shared	
	0x26c0		mink_generic_syscall	
.text	0x26ec	0x7e	/local/mnt/workspace/CRMBuilds/TZ.BF.4.0.7.1-00006-S660AAAAANAZT-2_20200329_233006/b/HK11/trustzone_images/core/bsp/trustzone/qsapps/applib32/build/KAJAANAA/applib32.lib(memchr.o)	
	0x26ec		$t.1	
	0x26ec		.text	
	0x26ed		memchr	
.text	0x276c	0x4	/afs/localcell/cm/gv2.6/sysname/pkg.@sys/qct/software/llvm/release/arm/3.7.6/lib/clang/3.7.6/lib/linux/libclang_rt.builtins-arm.a(aeabi_memcpy.S.o)	
	0x276c		.text	
	0x276c		$a	
	0x276c		__aeabi_memcpy	
	0x276c		__aeabi_memcpy4	
	0x276c		__aeabi_memcpy8	
.text	0x2770	0x1c	/afs/localcell/cm/gv2.6/sysname/pkg.@sys/qct/software/llvm/release/arm/3.7.6/lib/clang/3.7.6/lib/linux/libclang_rt.builtins-arm.a(aeabi_memset.S.o)	
	0x2770		.text	
	0x2770		$a	
	0x2770		__aeabi_memset	
	0x2770		__aeabi_memset4	
	0x2770		__aeabi_memset8	
	0x2780		__aeabi_memclr	
	0x2780		__aeabi_memclr4	
	0x2780		__aeabi_memclr8	
.text	0x278c	0x24	/afs/localcell/cm/gv2.6/sysname/pkg.@sys/qct/software/llvm/release/arm/3.7.6/lib/clang/3.7.6/lib/linux/libclang_rt.builtins-arm.a(aeabi_uldivmod.S.o)	
	0x278c		.text	
	0x278c		$a	
	0x278c		__aeabi_uldivmod	
.text	0x27b0	0x394	/afs/localcell/cm/gv2.6/sysname/pkg.@sys/qct/software/llvm/release/arm/3.7.6/lib/clang/3.7.6/lib/linux/libclang_rt.builtins-arm.a(udivmoddi4.c.o)	
	0x27b0		$t.1	
	0x27b0		.text	
	0x27b1		__udivmoddi4	
.text	0x2b44	0x18	/afs/localcell/cm/gv2.6/sysname/pkg.@sys/qct/software/llvm/release/arm/3.7.6/lib/clang/3.7.6/lib/linux/libclang_rt.builtins-arm.a(umoddi3.c.o)	
	0x2b44		$t.1	
	0x2b44		.text	
	0x2b45		__umoddi3	
.text	0x2b5c	0x200	/afs/localcell/cm/gv2.6/sysname/pkg.@sys/qct/software/llvm/release/arm/3.7.6/lib/clang/3.7.6/lib/linux/libclang_rt.builtins-arm.a(udivsi3.S.o)	
	0x2b5c		.text	
	0x2b5c		$t	
	0x2b5d		__aeabi_uidiv	
	0x2b5d		__udivsi3	
.text	0x2d5c	0x178	/afs/localcell/cm/gv2.6/sysname/pkg.@sys/qct/software/llvm/release/arm/3.7.6/lib/clang/3.7.6/lib/linux/libclang_rt.builtins-arm.a(umodsi3.S.o)	
	0x2d5c		.text	
	0x2d5c		$t	
	0x2d5d		__umodsi3	
.text	0x2ed4	0x6	/afs/localcell/cm/gv2.6/sysname/pkg.@sys/qct/software/llvm/release/arm/3.7.6/lib/clang/3.7.6/lib/linux/libclang_rt.builtins-arm.a(aeabi_div0.c.o)	
	0x2ed4		$t.1	
	0x2ed4		.text	
	0x2ed5		__aeabi_idiv0	
	0x2ed9		__aeabi_ldiv0	
.text	0x2edc	0x48	/local/mnt/workspace/CRMBuilds/TZ.BF.4.0.7.1-00006-S660AAAAANAZT-2_20200329_233006/b/HK11/trustzone_images/core/bsp/trustzone/qsapps/applib32/build/KAJAANAA/applib32.lib(memset.o)	
	0x2edc		$t.1	
	0x2edc		.text	
	0x2edd		memset	
.text	0x2f24	0x334	/local/mnt/workspace/CRMBuilds/TZ.BF.4.0.7.1-00006-S660AAAAANAZT-2_20200329_233006/b/HK11/trustzone_images/core/bsp/trustzone/qsapps/applib32/build/KAJAANAA/applib32.lib(memcpy.o)	
	0x2f24		$t.1	
	0x2f24		.text	
	0x2f25		memcpy	
KEEP ((tzapp_syscall_asm ))
tzapp_syscall_asm	0x3300	0x60	/local/mnt/workspace/CRMBuilds/TZ.BF.4.0.7.1-00006-S660AAAAANAZT-2_20200329_233006/b/HK11/trustzone_images/core/bsp/trustzone/qsapps/applib32/build/KAJAANAA/applib32.lib(tzapp_syscall.o)	
	0x3300		$a.0	
	0x3300		tzapp_syscall_asm	
	0x3300		app_export_init_info_to_qsee	
	0x3338		qsee_generic_syscall	
	0x335c		qsee_generic_syscall_u64	
(.rodata )
.rodata	0x3360	0x10	/local/mnt/workspace/CRMBuilds/TZ.BF.4.0.7.1-00006-S660AAAAANAZT-2_20200329_233006/b/HK11/trustzone_images/core/bsp/trustzone/qsapps/smplcert/build/KAJAANAA/metadata.o	
	0x3360		$d.4	
	0x3360		.rodata	
	0x3360		TA_ACCEPT_BUF_SIZE	
	0x3364		ta_multiSession	
	0x3368		ta_customProperties	
	0x336c		TA_CUSTOM_PROPERTIES_NUM	
.rodata	0x3370	0x1d0	/local/mnt/workspace/CRMBuilds/TZ.BF.4.0.7.1-00006-S660AAAAANAZT-2_20200329_233006/b/HK11/trustzone_images/core/bsp/trustzone/qsapps/applib32/build/KAJAANAA/applib32.lib(printf.o)	
	0x3370		$d.19	
	0x3370		states	
	0x3370		.rodata	
(EXCLUDE_FILE ( *metadata.o ).rodata.* ))
.rodata.str1.1	0x3540	0x2e	/local/mnt/workspace/CRMBuilds/TZ.BF.4.0.7.1-00006-S660AAAAANAZT-2_20200329_233006/b/HK11/trustzone_images/core/bsp/trustzone/qsapps/smplcert/build/KAJAANAA/smplcert/objects/smplcert/src/app_main.o	
	0x3540		$d.10	
	0x3540		.L.str	
	0x3540		.rodata.str1.1	
.rodata.str1.1	0x35cf	0x2	/local/mnt/workspace/CRMBuilds/TZ.BF.4.0.7.1-00006-S660AAAAANAZT-2_20200329_233006/b/HK11/trustzone_images/core/bsp/trustzone/qsapps/applib32/build/KAJAANAA/applib32.lib(common_applib.o)	
	0x35cf		$d.34	
	0x35cf		.L.str	
	0x35cf		.rodata.str1.1	
.rodata.str1.1	0x35d8	0xa	/local/mnt/workspace/CRMBuilds/TZ.BF.4.0.7.1-00006-S660AAAAANAZT-2_20200329_233006/b/HK11/trustzone_images/core/bsp/trustzone/qsapps/applib32/build/KAJAANAA/applib32.lib(printf.o)	
	0x35d8		$d.20	
	0x35d8		.L.str	
	0x35d8		.rodata.str1.1	
.rodata.cst16	0x35e9	0x10	/local/mnt/workspace/CRMBuilds/TZ.BF.4.0.7.1-00006-S660AAAAANAZT-2_20200329_233006/b/HK11/trustzone_images/core/bsp/trustzone/qsapps/applib32/build/KAJAANAA/applib32.lib(printf.o)	
	0x35e9		$d.21	
	0x35e9		xdigits	
	0x35e9		.rodata.cst16	
(.rodata.str1.1 )
.rodata.str1.1	0x35f9	0x9	/local/mnt/workspace/CRMBuilds/TZ.BF.4.0.7.1-00006-S660AAAAANAZT-2_20200329_233006/b/HK11/trustzone_images/core/bsp/trustzone/qsapps/smplcert/build/KAJAANAA/metadata.o	
	0x35f9		$d.2	
	0x35f9		.L.str	
	0x35f9		.rodata.str1.1	

.sentinel	0x3628	0x32
(.rodata.sentinel )
.rodata.sentinel	0x3628	0x32	/local/mnt/workspace/CRMBuilds/TZ.BF.4.0.7.1-00006-S660AAAAANAZT-2_20200329_233006/b/HK11/trustzone_images/core/bsp/trustzone/qsapps/smplcert/build/KAJAANAA/metadata.o	
	0x3628		$d.1	
	0x3628		.rodata.sentinel	
	0x3628		TA_METADATA	
	text_section_limit(0x365a) = .( 0x365a );
	ASSERT(0x1) = ASSERT( SIZEOF(.sentinel = 0x32 ) != 0( 0x0 ) );
.rodata.sentinel	0x3628	0x32	/local/mnt/workspace/CRMBuilds/TZ.BF.4.0.7.1-00006-S660AAAAANAZT-2_20200329_233006/b/HK11/trustzone_images/core/bsp/trustzone/qsapps/smplcert/build/KAJAANAA/metadata.o	
	0x3628		$d.1	
	0x3628		.rodata.sentinel	
	0x3628		TA_METADATA	

.metadata_check	0x365a	0x0
(.rodata.* )
	ASSERT(0x1) = ASSERT( SIZEOF(.metadata_check = 0x0 ) == 0( 0x0 ) );

.data	0x4000	0x24c0
(.data TZAPPENTRYSTACK .bss COMMON )
	data_section_base(0x4000) = .( 0x4000 );
	0x4000	0x14	/local/mnt/workspace/CRMBuilds/TZ.BF.4.0.7.1-00006-S660AAAAANAZT-2_20200329_233006/b/HK11/trustzone_images/core/bsp/trustzone/qsapps/applib32/build/KAJAANAA/applib32.lib(common_applib.o)	
	0x4000		apps_request_resp	
TZAPPENTRYSTACK	0x4020	0x80	/local/mnt/workspace/CRMBuilds/TZ.BF.4.0.7.1-00006-S660AAAAANAZT-2_20200329_233006/b/HK11/trustzone_images/core/bsp/trustzone/qsapps/applib32/build/KAJAANAA/tzapp_entry.o	
	0x4020		app_entry_stack_end	
	0x4020		TZAPPENTRYSTACK	
.bss	0x40a0	0x2000	/local/mnt/workspace/CRMBuilds/TZ.BF.4.0.7.1-00006-S660AAAAANAZT-2_20200329_233006/b/HK11/trustzone_images/core/bsp/trustzone/qsapps/smplcert/build/KAJAANAA/metadata.o	
	0x40a0		.bss	
	0x40a0		ta_acceptBuf	
.data	0x60a0	0x24	/local/mnt/workspace/CRMBuilds/TZ.BF.4.0.7.1-00006-S660AAAAANAZT-2_20200329_233006/b/HK11/trustzone_images/core/bsp/trustzone/qsapps/applib32/build/KAJAANAA/applib32.lib(common_applib.o)	
	0x60a0		.data	
	0x60a0		magic_num	
	0x60b4		$d.33	
	0x60b4		magic_num_index_array	
	0x60c0		__stack_chk_guard	
.bss	0x60d0	0x298	/local/mnt/workspace/CRMBuilds/TZ.BF.4.0.7.1-00006-S660AAAAANAZT-2_20200329_233006/b/HK11/trustzone_images/core/bsp/trustzone/qsapps/applib32/build/KAJAANAA/applib32.lib(common_applib.o)	
	0x60d0		$d.32	
	0x60d0		.bss	
	0x60d0		pgCmnlib	
	0x60d4		mem_magic_number	
	0x60e0		_MergedGlobals	
.bss	0x6370	0x150	/local/mnt/workspace/CRMBuilds/TZ.BF.4.0.7.1-00006-S660AAAAANAZT-2_20200329_233006/b/HK11/trustzone_images/core/bsp/trustzone/qsapps/applib32/build/KAJAANAA/applib32.lib(qsee_env.o)	
	0x6370		_MergedGlobals	
	0x6370		.bss	
	data_section_limit(0x64c0) = .( 0x64c0 );
	0x4000	0x14	/local/mnt/workspace/CRMBuilds/TZ.BF.4.0.7.1-00006-S660AAAAANAZT-2_20200329_233006/b/HK11/trustzone_images/core/bsp/trustzone/qsapps/applib32/build/KAJAANAA/applib32.lib(common_applib.o)	
	0x4000		apps_request_resp	
TZAPPENTRYSTACK	0x4020	0x80	/local/mnt/workspace/CRMBuilds/TZ.BF.4.0.7.1-00006-S660AAAAANAZT-2_20200329_233006/b/HK11/trustzone_images/core/bsp/trustzone/qsapps/applib32/build/KAJAANAA/tzapp_entry.o	
	0x4020		app_entry_stack_end	
	0x4020		TZAPPENTRYSTACK	
.bss	0x40a0	0x2000	/local/mnt/workspace/CRMBuilds/TZ.BF.4.0.7.1-00006-S660AAAAANAZT-2_20200329_233006/b/HK11/trustzone_images/core/bsp/trustzone/qsapps/smplcert/build/KAJAANAA/metadata.o	
	0x40a0		.bss	
	0x40a0		ta_acceptBuf	
.data	0x60a0	0x24	/local/mnt/workspace/CRMBuilds/TZ.BF.4.0.7.1-00006-S660AAAAANAZT-2_20200329_233006/b/HK11/trustzone_images/core/bsp/trustzone/qsapps/applib32/build/KAJAANAA/applib32.lib(common_applib.o)	
	0x60a0		.data	
	0x60a0		magic_num	
	0x60b4		$d.33	
	0x60b4		magic_num_index_array	
	0x60c0		__stack_chk_guard	
.bss	0x60d0	0x298	/local/mnt/workspace/CRMBuilds/TZ.BF.4.0.7.1-00006-S660AAAAANAZT-2_20200329_233006/b/HK11/trustzone_images/core/bsp/trustzone/qsapps/applib32/build/KAJAANAA/applib32.lib(common_applib.o)	
	0x60d0		$d.32	
	0x60d0		.bss	
	0x60d0		pgCmnlib	
	0x60d4		mem_magic_number	
	0x60e0		_MergedGlobals	
.bss	0x6370	0x150	/local/mnt/workspace/CRMBuilds/TZ.BF.4.0.7.1-00006-S660AAAAANAZT-2_20200329_233006/b/HK11/trustzone_images/core/bsp/trustzone/qsapps/applib32/build/KAJAANAA/applib32.lib(qsee_env.o)	
	0x6370		_MergedGlobals	
	0x6370		.bss	

.rel.text	0x64c0	0x0
(.rel.text )

.rel.rodata	0x64c0	0x0
(.rel.rodata )

.data.rel.ro.local	0x64c0	0x88
(.data.rel.ro.local )
.data.rel.ro.local	0x64c0	0x88	/local/mnt/workspace/CRMBuilds/TZ.BF.4.0.7.1-00006-S660AAAAANAZT-2_20200329_233006/b/HK11/trustzone_images/core/bsp/trustzone/qsapps/applib32/build/KAJAANAA/applib32.lib(printf.o)	
	0x64c0		$d.18	
	0x64c0		.Lvsnprintf.f	
	0x64c0		.data.rel.ro.local	

.data.rel.ro	0x6548	0x0
(.data.rel.ro )

.rel.data	0x6548	0x0
(.rel.data )

.rel.plt	0x6548	0x0
(.rel.plt )

.data.rel	0x6548	0x0
(.data.rel )

.data.rel.local	0x6548	0x10
(.data.rel.local )
.data.rel.local	0x6548	0xc	/local/mnt/workspace/CRMBuilds/TZ.BF.4.0.7.1-00006-S660AAAAANAZT-2_20200329_233006/b/HK11/trustzone_images/core/bsp/trustzone/qsapps/smplcert/build/KAJAANAA/metadata.o	
	0x6548		$d.3	
	0x6548		.data.rel.local	
	0x6548		TA_APP_NAME	
	0x654c		ta_version	
	0x6550		ta_description	
.data.rel.local	0x6554	0x4	/local/mnt/workspace/CRMBuilds/TZ.BF.4.0.7.1-00006-S660AAAAANAZT-2_20200329_233006/b/HK11/trustzone_images/core/bsp/trustzone/qsapps/applib32/build/KAJAANAA/applib32.lib(common_applib.o)	
	0x6554		$d.35	
	0x6554		.data.rel.local	
	0x6554		dummy_str	

INIT_ARRAY	0x6558	0x0
(.init_array )
	FILL(0x0) = FILL( 0x0 );
	__init_array_start(0x6558) = .( 0x6558 );
	__init_array_end(0x6558) = .( 0x6558 );

FINI_ARRAY	0x6558	0x0
(.fini_array )
	FILL(0x0) = FILL( 0x0 );
	__fini_array_start(0x6558) = .( 0x6558 );
	__fini_array_end(0x6558) = .( 0x6558 );

GP_APP_STACK	0x6558	0x8000
	app_stack_base(0x6558) = .( 0x6558 );
	.(0xe558) = .( 0x6558 ) + 32768( 0x8000 );
	app_stack_limit(0xe558) = .( 0xe558 );

GP_APP_HEAP	0xe558	0x8000
	app_heap_base(0xe558) = .( 0xe558 );
	.(0x16558) = .( 0xe558 ) + 32768( 0x8000 );
	app_heap_limit(0x16558) = .( 0x16558 );

.got	0x17000	0x7c
(.got.plt )
(.igot.plt )
(.got )
(.igot )

.dynamic	0x18000	0x88
(.dynamic )

.rel.dyn	0x19000	0x110
(.rel.dyn )

.gnu.attributes	0x0	0x0
KEEP ((.gnu.attributes ))

.note.gnu.arm.ident	0x0	0x0
KEEP ((.note.gnu.arm.ident ))

/DISCARD/	0x0	0x0
(.hash )
(.dynsym )
(.dynstr )
(.ARM.exidx* )
(.note.GNU-stack )
(.gnu_debuglink )
(.gnu.lto_* )
(.init )
(.fini )

.ARM.attributes	0x8110	0x10

.debug_info	0x8120	0x75ae
.debug_info	0x8120	0x228	/local/mnt/workspace/CRMBuilds/TZ.BF.4.0.7.1-00006-S660AAAAANAZT-2_20200329_233006/b/HK11/trustzone_images/core/bsp/trustzone/qsapps/smplcert/build/KAJAANAA/smplcert/objects/smplcert/src/app_main.o	
	0x0		$d.12	
	0x0		.debug_info	
.debug_info	0x8348	0x275	/local/mnt/workspace/CRMBuilds/TZ.BF.4.0.7.1-00006-S660AAAAANAZT-2_20200329_233006/b/HK11/trustzone_images/core/bsp/trustzone/qsapps/smplcert/build/KAJAANAA/smplcert/objects/smplcert/src/CCertValidate.o	
	0x228		$d.6	
	0x228		.debug_info	
.debug_info	0x85bd	0x800	/local/mnt/workspace/CRMBuilds/TZ.BF.4.0.7.1-00006-S660AAAAANAZT-2_20200329_233006/b/HK11/trustzone_images/core/services/utils/build/smplcert/scorpion/KAJAANAA/memheap_lite.o	
	0x49d		$d.6	
	0x49d		.debug_info	
.debug_info	0x8dbd	0x3c7	/local/mnt/workspace/CRMBuilds/TZ.BF.4.0.7.1-00006-S660AAAAANAZT-2_20200329_233006/b/HK11/trustzone_images/core/bsp/trustzone/qsapps/applib32/build/KAJAANAA/tzapp_lib_main.o	
	0xc9d		$d.4	
	0xc9d		.debug_info	
.debug_info	0x9184	0x131	/local/mnt/workspace/CRMBuilds/TZ.BF.4.0.7.1-00006-S660AAAAANAZT-2_20200329_233006/b/HK11/trustzone_images/core/bsp/trustzone/qsapps/smplcert/build/KAJAANAA/metadata.o	
	0x1064		$d.6	
	0x1064		.debug_info	
.debug_info	0x92b5	0xa0	/local/mnt/workspace/CRMBuilds/TZ.BF.4.0.7.1-00006-S660AAAAANAZT-2_20200329_233006/b/HK11/trustzone_images/core/bsp/trustzone/qsapps/applib32/build/KAJAANAA/applib32.lib(memscpy.o)	
	0x1195		$d.4	
	0x1195		.debug_info	
.debug_info	0x9355	0x1495	/local/mnt/workspace/CRMBuilds/TZ.BF.4.0.7.1-00006-S660AAAAANAZT-2_20200329_233006/b/HK11/trustzone_images/core/bsp/trustzone/qsapps/applib32/build/KAJAANAA/applib32.lib(common_applib.o)	
	0x1235		$d.37	
	0x1235		.debug_info	
.debug_info	0xa7ea	0x3283	/local/mnt/workspace/CRMBuilds/TZ.BF.4.0.7.1-00006-S660AAAAANAZT-2_20200329_233006/b/HK11/trustzone_images/core/bsp/trustzone/qsapps/applib32/build/KAJAANAA/applib32.lib(prxy_services.o)	
	0x26ca		$d.67	
	0x26ca		.debug_info	
.debug_info	0xda6d	0x4f6	/local/mnt/workspace/CRMBuilds/TZ.BF.4.0.7.1-00006-S660AAAAANAZT-2_20200329_233006/b/HK11/trustzone_images/core/bsp/trustzone/qsapps/applib32/build/KAJAANAA/applib32.lib(mink_shared_code.o)	
	0x594d		$d.7	
	0x594d		.debug_info	
.debug_info	0xdf63	0x64d	/local/mnt/workspace/CRMBuilds/TZ.BF.4.0.7.1-00006-S660AAAAANAZT-2_20200329_233006/b/HK11/trustzone_images/core/bsp/trustzone/qsapps/applib32/build/KAJAANAA/applib32.lib(qsee_env.o)	
	0x5e43		$d.15	
	0x5e43		.debug_info	
.debug_info	0xe5b0	0x2ad	/local/mnt/workspace/CRMBuilds/TZ.BF.4.0.7.1-00006-S660AAAAANAZT-2_20200329_233006/b/HK11/trustzone_images/core/bsp/trustzone/qsapps/applib32/build/KAJAANAA/applib32.lib(qsee_prng.o)	
	0x6490		$d.5	
	0x6490		.debug_info	
.debug_info	0xe85d	0xb6	/local/mnt/workspace/CRMBuilds/TZ.BF.4.0.7.1-00006-S660AAAAANAZT-2_20200329_233006/b/HK11/trustzone_images/core/bsp/trustzone/qsapps/applib32/build/KAJAANAA/applib32.lib(secure_memset.o)	
	0x673d		$d.4	
	0x673d		.debug_info	
.debug_info	0xe913	0xa5	/local/mnt/workspace/CRMBuilds/TZ.BF.4.0.7.1-00006-S660AAAAANAZT-2_20200329_233006/b/HK11/trustzone_images/core/bsp/trustzone/qsapps/applib32/build/KAJAANAA/applib32.lib(strlen.o)	
	0x67f3		$d.4	
	0x67f3		.debug_info	
.debug_info	0xe9b8	0xa74	/local/mnt/workspace/CRMBuilds/TZ.BF.4.0.7.1-00006-S660AAAAANAZT-2_20200329_233006/b/HK11/trustzone_images/core/bsp/trustzone/qsapps/applib32/build/KAJAANAA/applib32.lib(printf.o)	
	0x6898		$d.23	
	0x6898		.debug_info	
.debug_info	0xf42c	0xe8	/local/mnt/workspace/CRMBuilds/TZ.BF.4.0.7.1-00006-S660AAAAANAZT-2_20200329_233006/b/HK11/trustzone_images/core/bsp/trustzone/qsapps/applib32/build/KAJAANAA/applib32.lib(memchr.o)	
	0x730c		$d.4	
	0x730c		.debug_info	
.debug_info	0xf514	0xb6	/local/mnt/workspace/CRMBuilds/TZ.BF.4.0.7.1-00006-S660AAAAANAZT-2_20200329_233006/b/HK11/trustzone_images/core/bsp/trustzone/qsapps/applib32/build/KAJAANAA/applib32.lib(memset.o)	
	0x73f4		$d.4	
	0x73f4		.debug_info	
.debug_info	0xf5ca	0x104	/local/mnt/workspace/CRMBuilds/TZ.BF.4.0.7.1-00006-S660AAAAANAZT-2_20200329_233006/b/HK11/trustzone_images/core/bsp/trustzone/qsapps/applib32/build/KAJAANAA/applib32.lib(memcpy.o)	
	0x74aa		$d.4	
	0x74aa		.debug_info	

.debug_abbrev	0xf6ce	0x14aa
.debug_abbrev	0xf6ce	0xee	/local/mnt/workspace/CRMBuilds/TZ.BF.4.0.7.1-00006-S660AAAAANAZT-2_20200329_233006/b/HK11/trustzone_images/core/bsp/trustzone/qsapps/smplcert/build/KAJAANAA/smplcert/objects/smplcert/src/app_main.o	
	0x0		$d.13	
	0x0		.debug_abbrev	
.debug_abbrev	0xf7bc	0x128	/local/mnt/workspace/CRMBuilds/TZ.BF.4.0.7.1-00006-S660AAAAANAZT-2_20200329_233006/b/HK11/trustzone_images/core/bsp/trustzone/qsapps/smplcert/build/KAJAANAA/smplcert/objects/smplcert/src/CCertValidate.o	
	0xee		$d.7	
	0xee		.debug_abbrev	
.debug_abbrev	0xf8e4	0x1b4	/local/mnt/workspace/CRMBuilds/TZ.BF.4.0.7.1-00006-S660AAAAANAZT-2_20200329_233006/b/HK11/trustzone_images/core/services/utils/build/smplcert/scorpion/KAJAANAA/memheap_lite.o	
	0x216		$d.7	
	0x216		.debug_abbrev	
.debug_abbrev	0xfa98	0x139	/local/mnt/workspace/CRMBuilds/TZ.BF.4.0.7.1-00006-S660AAAAANAZT-2_20200329_233006/b/HK11/trustzone_images/core/bsp/trustzone/qsapps/applib32/build/KAJAANAA/tzapp_lib_main.o	
	0x3ca		$d.5	
	0x3ca		.debug_abbrev	
.debug_abbrev	0xfbd1	0x7d	/local/mnt/workspace/CRMBuilds/TZ.BF.4.0.7.1-00006-S660AAAAANAZT-2_20200329_233006/b/HK11/trustzone_images/core/bsp/trustzone/qsapps/smplcert/build/KAJAANAA/metadata.o	
	0x503		$d.7	
	0x503		.debug_abbrev	
.debug_abbrev	0xfc4e	0x87	/local/mnt/workspace/CRMBuilds/TZ.BF.4.0.7.1-00006-S660AAAAANAZT-2_20200329_233006/b/HK11/trustzone_images/core/bsp/trustzone/qsapps/applib32/build/KAJAANAA/applib32.lib(memscpy.o)	
	0x580		$d.5	
	0x580		.debug_abbrev	
.debug_abbrev	0xfcd5	0x33c	/local/mnt/workspace/CRMBuilds/TZ.BF.4.0.7.1-00006-S660AAAAANAZT-2_20200329_233006/b/HK11/trustzone_images/core/bsp/trustzone/qsapps/applib32/build/KAJAANAA/applib32.lib(common_applib.o)	
	0x607		$d.38	
	0x607		.debug_abbrev	
.debug_abbrev	0x10011	0x246	/local/mnt/workspace/CRMBuilds/TZ.BF.4.0.7.1-00006-S660AAAAANAZT-2_20200329_233006/b/HK11/trustzone_images/core/bsp/trustzone/qsapps/applib32/build/KAJAANAA/applib32.lib(prxy_services.o)	
	0x943		$d.68	
	0x943		.debug_abbrev	
.debug_abbrev	0x10257	0x17f	/local/mnt/workspace/CRMBuilds/TZ.BF.4.0.7.1-00006-S660AAAAANAZT-2_20200329_233006/b/HK11/trustzone_images/core/bsp/trustzone/qsapps/applib32/build/KAJAANAA/applib32.lib(mink_shared_code.o)	
	0xb89		$d.8	
	0xb89		.debug_abbrev	
.debug_abbrev	0x103d6	0x17a	/local/mnt/workspace/CRMBuilds/TZ.BF.4.0.7.1-00006-S660AAAAANAZT-2_20200329_233006/b/HK11/trustzone_images/core/bsp/trustzone/qsapps/applib32/build/KAJAANAA/applib32.lib(qsee_env.o)	
	0xd08		$d.16	
	0xd08		.debug_abbrev	
.debug_abbrev	0x10550	0x133	/local/mnt/workspace/CRMBuilds/TZ.BF.4.0.7.1-00006-S660AAAAANAZT-2_20200329_233006/b/HK11/trustzone_images/core/bsp/trustzone/qsapps/applib32/build/KAJAANAA/applib32.lib(qsee_prng.o)	
	0xe82		$d.6	
	0xe82		.debug_abbrev	
.debug_abbrev	0x10683	0x80	/local/mnt/workspace/CRMBuilds/TZ.BF.4.0.7.1-00006-S660AAAAANAZT-2_20200329_233006/b/HK11/trustzone_images/core/bsp/trustzone/qsapps/applib32/build/KAJAANAA/applib32.lib(secure_memset.o)	
	0xfb5		$d.5	
	0xfb5		.debug_abbrev	
.debug_abbrev	0x10703	0x87	/local/mnt/workspace/CRMBuilds/TZ.BF.4.0.7.1-00006-S660AAAAANAZT-2_20200329_233006/b/HK11/trustzone_images/core/bsp/trustzone/qsapps/applib32/build/KAJAANAA/applib32.lib(strlen.o)	
	0x1035		$d.5	
	0x1035		.debug_abbrev	
.debug_abbrev	0x1078a	0x24f	/local/mnt/workspace/CRMBuilds/TZ.BF.4.0.7.1-00006-S660AAAAANAZT-2_20200329_233006/b/HK11/trustzone_images/core/bsp/trustzone/qsapps/applib32/build/KAJAANAA/applib32.lib(printf.o)	
	0x10bc		$d.24	
	0x10bc		.debug_abbrev	
.debug_abbrev	0x109d9	0x88	/local/mnt/workspace/CRMBuilds/TZ.BF.4.0.7.1-00006-S660AAAAANAZT-2_20200329_233006/b/HK11/trustzone_images/core/bsp/trustzone/qsapps/applib32/build/KAJAANAA/applib32.lib(memchr.o)	
	0x130b		$d.5	
	0x130b		.debug_abbrev	
.debug_abbrev	0x10a61	0x82	/local/mnt/workspace/CRMBuilds/TZ.BF.4.0.7.1-00006-S660AAAAANAZT-2_20200329_233006/b/HK11/trustzone_images/core/bsp/trustzone/qsapps/applib32/build/KAJAANAA/applib32.lib(memset.o)	
	0x1393		$d.5	
	0x1393		.debug_abbrev	
.debug_abbrev	0x10ae3	0x95	/local/mnt/workspace/CRMBuilds/TZ.BF.4.0.7.1-00006-S660AAAAANAZT-2_20200329_233006/b/HK11/trustzone_images/core/bsp/trustzone/qsapps/applib32/build/KAJAANAA/applib32.lib(memcpy.o)	
	0x1415		$d.5	
	0x1415		.debug_abbrev	

.debug_line	0x10b78	0x43a3
.debug_line	0x10b78	0x282	/local/mnt/workspace/CRMBuilds/TZ.BF.4.0.7.1-00006-S660AAAAANAZT-2_20200329_233006/b/HK11/trustzone_images/core/bsp/trustzone/qsapps/smplcert/build/KAJAANAA/smplcert/objects/smplcert/src/app_main.o	
	0x0		$d.19	
	0x0		.debug_line	
.debug_line	0x10dfa	0x207	/local/mnt/workspace/CRMBuilds/TZ.BF.4.0.7.1-00006-S660AAAAANAZT-2_20200329_233006/b/HK11/trustzone_images/core/bsp/trustzone/qsapps/smplcert/build/KAJAANAA/smplcert/objects/smplcert/src/CCertValidate.o	
	0x282		$d.14	
	0x282		.debug_line	
.debug_line	0x11001	0x6c1	/local/mnt/workspace/CRMBuilds/TZ.BF.4.0.7.1-00006-S660AAAAANAZT-2_20200329_233006/b/HK11/trustzone_images/core/services/utils/build/smplcert/scorpion/KAJAANAA/memheap_lite.o	
	0x489		$d.14	
	0x489		.debug_line	
.debug_line	0x116c2	0x2dd	/local/mnt/workspace/CRMBuilds/TZ.BF.4.0.7.1-00006-S660AAAAANAZT-2_20200329_233006/b/HK11/trustzone_images/core/bsp/trustzone/qsapps/applib32/build/KAJAANAA/tzapp_lib_main.o	
	0xb4a		$d.11	
	0xb4a		.debug_line	
.debug_line	0x1199f	0xc8	/local/mnt/workspace/CRMBuilds/TZ.BF.4.0.7.1-00006-S660AAAAANAZT-2_20200329_233006/b/HK11/trustzone_images/core/bsp/trustzone/qsapps/smplcert/build/KAJAANAA/metadata.o	
	0xe27		$d.11	
	0xe27		.debug_line	
.debug_line	0x11a67	0x111	/local/mnt/workspace/CRMBuilds/TZ.BF.4.0.7.1-00006-S660AAAAANAZT-2_20200329_233006/b/HK11/trustzone_images/core/bsp/trustzone/qsapps/applib32/build/KAJAANAA/applib32.lib(memscpy.o)	
	0xeef		$d.11	
	0xeef		.debug_line	
.debug_line	0x11b78	0xa7f	/local/mnt/workspace/CRMBuilds/TZ.BF.4.0.7.1-00006-S660AAAAANAZT-2_20200329_233006/b/HK11/trustzone_images/core/bsp/trustzone/qsapps/applib32/build/KAJAANAA/applib32.lib(common_applib.o)	
	0x1000		$d.45	
	0x1000		.debug_line	
.debug_line	0x125f7	0xe7c	/local/mnt/workspace/CRMBuilds/TZ.BF.4.0.7.1-00006-S660AAAAANAZT-2_20200329_233006/b/HK11/trustzone_images/core/bsp/trustzone/qsapps/applib32/build/KAJAANAA/applib32.lib(prxy_services.o)	
	0x1a7f		$d.74	
	0x1a7f		.debug_line	
.debug_line	0x13473	0x3c0	/local/mnt/workspace/CRMBuilds/TZ.BF.4.0.7.1-00006-S660AAAAANAZT-2_20200329_233006/b/HK11/trustzone_images/core/bsp/trustzone/qsapps/applib32/build/KAJAANAA/applib32.lib(mink_shared_code.o)	
	0x28fb		$d.15	
	0x28fb		.debug_line	
.debug_line	0x13833	0x311	/local/mnt/workspace/CRMBuilds/TZ.BF.4.0.7.1-00006-S660AAAAANAZT-2_20200329_233006/b/HK11/trustzone_images/core/bsp/trustzone/qsapps/applib32/build/KAJAANAA/applib32.lib(qsee_env.o)	
	0x2cbb		$d.23	
	0x2cbb		.debug_line	
.debug_line	0x13b44	0x28d	/local/mnt/workspace/CRMBuilds/TZ.BF.4.0.7.1-00006-S660AAAAANAZT-2_20200329_233006/b/HK11/trustzone_images/core/bsp/trustzone/qsapps/applib32/build/KAJAANAA/applib32.lib(qsee_prng.o)	
	0x2fcc		$d.12	
	0x2fcc		.debug_line	
.debug_line	0x13dd1	0x132	/local/mnt/workspace/CRMBuilds/TZ.BF.4.0.7.1-00006-S660AAAAANAZT-2_20200329_233006/b/HK11/trustzone_images/core/bsp/trustzone/qsapps/applib32/build/KAJAANAA/applib32.lib(secure_memset.o)	
	0x3259		$d.11	
	0x3259		.debug_line	
.debug_line	0x13f03	0x161	/local/mnt/workspace/CRMBuilds/TZ.BF.4.0.7.1-00006-S660AAAAANAZT-2_20200329_233006/b/HK11/trustzone_images/core/bsp/trustzone/qsapps/applib32/build/KAJAANAA/applib32.lib(strlen.o)	
	0x338b		$d.11	
	0x338b		.debug_line	
.debug_line	0x14064	0x7a0	/local/mnt/workspace/CRMBuilds/TZ.BF.4.0.7.1-00006-S660AAAAANAZT-2_20200329_233006/b/HK11/trustzone_images/core/bsp/trustzone/qsapps/applib32/build/KAJAANAA/applib32.lib(printf.o)	
	0x34ec		$d.31	
	0x34ec		.debug_line	
.debug_line	0x14804	0x1bd	/local/mnt/workspace/CRMBuilds/TZ.BF.4.0.7.1-00006-S660AAAAANAZT-2_20200329_233006/b/HK11/trustzone_images/core/bsp/trustzone/qsapps/applib32/build/KAJAANAA/applib32.lib(memchr.o)	
	0x3c8c		$d.11	
	0x3c8c		.debug_line	
.debug_line	0x149c1	0x17a	/local/mnt/workspace/CRMBuilds/TZ.BF.4.0.7.1-00006-S660AAAAANAZT-2_20200329_233006/b/HK11/trustzone_images/core/bsp/trustzone/qsapps/applib32/build/KAJAANAA/applib32.lib(memset.o)	
	0x3e49		$d.11	
	0x3e49		.debug_line	
.debug_line	0x14b3b	0x3e0	/local/mnt/workspace/CRMBuilds/TZ.BF.4.0.7.1-00006-S660AAAAANAZT-2_20200329_233006/b/HK11/trustzone_images/core/bsp/trustzone/qsapps/applib32/build/KAJAANAA/applib32.lib(memcpy.o)	
	0x3fc3		$d.11	
	0x3fc3		.debug_line	

.debug_pubnames	0x14f1b	0xf7a
.debug_pubnames	0x14f1b	0x60	/local/mnt/workspace/CRMBuilds/TZ.BF.4.0.7.1-00006-S660AAAAANAZT-2_20200329_233006/b/HK11/trustzone_images/core/bsp/trustzone/qsapps/smplcert/build/KAJAANAA/smplcert/objects/smplcert/src/app_main.o	
	0x0		$d.15	
	0x0		.debug_pubnames	
.debug_pubnames	0x14f7b	0x5d	/local/mnt/workspace/CRMBuilds/TZ.BF.4.0.7.1-00006-S660AAAAANAZT-2_20200329_233006/b/HK11/trustzone_images/core/bsp/trustzone/qsapps/smplcert/build/KAJAANAA/smplcert/objects/smplcert/src/CCertValidate.o	
	0x60		$d.10	
	0x60		.debug_pubnames	
.debug_pubnames	0x14fd8	0x17e	/local/mnt/workspace/CRMBuilds/TZ.BF.4.0.7.1-00006-S660AAAAANAZT-2_20200329_233006/b/HK11/trustzone_images/core/services/utils/build/smplcert/scorpion/KAJAANAA/memheap_lite.o	
	0xbd		$d.10	
	0xbd		.debug_pubnames	
.debug_pubnames	0x15156	0xc3	/local/mnt/workspace/CRMBuilds/TZ.BF.4.0.7.1-00006-S660AAAAANAZT-2_20200329_233006/b/HK11/trustzone_images/core/bsp/trustzone/qsapps/applib32/build/KAJAANAA/tzapp_lib_main.o	
	0x23b		$d.7	
	0x23b		.debug_pubnames	
.debug_pubnames	0x15219	0xc5	/local/mnt/workspace/CRMBuilds/TZ.BF.4.0.7.1-00006-S660AAAAANAZT-2_20200329_233006/b/HK11/trustzone_images/core/bsp/trustzone/qsapps/smplcert/build/KAJAANAA/metadata.o	
	0x2fe		$d.8	
	0x2fe		.debug_pubnames	
.debug_pubnames	0x152de	0x1e	/local/mnt/workspace/CRMBuilds/TZ.BF.4.0.7.1-00006-S660AAAAANAZT-2_20200329_233006/b/HK11/trustzone_images/core/bsp/trustzone/qsapps/applib32/build/KAJAANAA/applib32.lib(memscpy.o)	
	0x3c3		$d.7	
	0x3c3		.debug_pubnames	
.debug_pubnames	0x152fc	0x565	/local/mnt/workspace/CRMBuilds/TZ.BF.4.0.7.1-00006-S660AAAAANAZT-2_20200329_233006/b/HK11/trustzone_images/core/bsp/trustzone/qsapps/applib32/build/KAJAANAA/applib32.lib(common_applib.o)	
	0x3e1		$d.41	
	0x3e1		.debug_pubnames	
.debug_pubnames	0x15861	0x1cd	/local/mnt/workspace/CRMBuilds/TZ.BF.4.0.7.1-00006-S660AAAAANAZT-2_20200329_233006/b/HK11/trustzone_images/core/bsp/trustzone/qsapps/applib32/build/KAJAANAA/applib32.lib(prxy_services.o)	
	0x946		$d.70	
	0x946		.debug_pubnames	
.debug_pubnames	0x15a2e	0x9c	/local/mnt/workspace/CRMBuilds/TZ.BF.4.0.7.1-00006-S660AAAAANAZT-2_20200329_233006/b/HK11/trustzone_images/core/bsp/trustzone/qsapps/applib32/build/KAJAANAA/applib32.lib(mink_shared_code.o)	
	0xb13		$d.11	
	0xb13		.debug_pubnames	
.debug_pubnames	0x15aca	0x219	/local/mnt/workspace/CRMBuilds/TZ.BF.4.0.7.1-00006-S660AAAAANAZT-2_20200329_233006/b/HK11/trustzone_images/core/bsp/trustzone/qsapps/applib32/build/KAJAANAA/applib32.lib(qsee_env.o)	
	0xbaf		$d.19	
	0xbaf		.debug_pubnames	
.debug_pubnames	0x15ce3	0x4b	/local/mnt/workspace/CRMBuilds/TZ.BF.4.0.7.1-00006-S660AAAAANAZT-2_20200329_233006/b/HK11/trustzone_images/core/bsp/trustzone/qsapps/applib32/build/KAJAANAA/applib32.lib(qsee_prng.o)	
	0xdc8		$d.8	
	0xdc8		.debug_pubnames	
.debug_pubnames	0x15d2e	0x24	/local/mnt/workspace/CRMBuilds/TZ.BF.4.0.7.1-00006-S660AAAAANAZT-2_20200329_233006/b/HK11/trustzone_images/core/bsp/trustzone/qsapps/applib32/build/KAJAANAA/applib32.lib(secure_memset.o)	
	0xe13		$d.7	
	0xe13		.debug_pubnames	
.debug_pubnames	0x15d52	0x1d	/local/mnt/workspace/CRMBuilds/TZ.BF.4.0.7.1-00006-S660AAAAANAZT-2_20200329_233006/b/HK11/trustzone_images/core/bsp/trustzone/qsapps/applib32/build/KAJAANAA/applib32.lib(strlen.o)	
	0xe37		$d.7	
	0xe37		.debug_pubnames	
.debug_pubnames	0x15d6f	0xcf	/local/mnt/workspace/CRMBuilds/TZ.BF.4.0.7.1-00006-S660AAAAANAZT-2_20200329_233006/b/HK11/trustzone_images/core/bsp/trustzone/qsapps/applib32/build/KAJAANAA/applib32.lib(printf.o)	
	0xe54		$d.27	
	0xe54		.debug_pubnames	
.debug_pubnames	0x15e3e	0x1d	/local/mnt/workspace/CRMBuilds/TZ.BF.4.0.7.1-00006-S660AAAAANAZT-2_20200329_233006/b/HK11/trustzone_images/core/bsp/trustzone/qsapps/applib32/build/KAJAANAA/applib32.lib(memchr.o)	
	0xf23		$d.7	
	0xf23		.debug_pubnames	
.debug_pubnames	0x15e5b	0x1d	/local/mnt/workspace/CRMBuilds/TZ.BF.4.0.7.1-00006-S660AAAAANAZT-2_20200329_233006/b/HK11/trustzone_images/core/bsp/trustzone/qsapps/applib32/build/KAJAANAA/applib32.lib(memset.o)	
	0xf40		$d.7	
	0xf40		.debug_pubnames	
.debug_pubnames	0x15e78	0x1d	/local/mnt/workspace/CRMBuilds/TZ.BF.4.0.7.1-00006-S660AAAAANAZT-2_20200329_233006/b/HK11/trustzone_images/core/bsp/trustzone/qsapps/applib32/build/KAJAANAA/applib32.lib(memcpy.o)	
	0xf5d		$d.7	
	0xf5d		.debug_pubnames	

.debug_pubtypes	0x15e95	0x249a
.debug_pubtypes	0x15e95	0xce	/local/mnt/workspace/CRMBuilds/TZ.BF.4.0.7.1-00006-S660AAAAANAZT-2_20200329_233006/b/HK11/trustzone_images/core/bsp/trustzone/qsapps/smplcert/build/KAJAANAA/smplcert/objects/smplcert/src/app_main.o	
	0x0		$d.16	
	0x0		.debug_pubtypes	
.debug_pubtypes	0x15f63	0xcc	/local/mnt/workspace/CRMBuilds/TZ.BF.4.0.7.1-00006-S660AAAAANAZT-2_20200329_233006/b/HK11/trustzone_images/core/bsp/trustzone/qsapps/smplcert/build/KAJAANAA/smplcert/objects/smplcert/src/CCertValidate.o	
	0xce		$d.11	
	0xce		.debug_pubtypes	
.debug_pubtypes	0x1602f	0x1ce	/local/mnt/workspace/CRMBuilds/TZ.BF.4.0.7.1-00006-S660AAAAANAZT-2_20200329_233006/b/HK11/trustzone_images/core/services/utils/build/smplcert/scorpion/KAJAANAA/memheap_lite.o	
	0x19a		$d.11	
	0x19a		.debug_pubtypes	
.debug_pubtypes	0x161fd	0xfa	/local/mnt/workspace/CRMBuilds/TZ.BF.4.0.7.1-00006-S660AAAAANAZT-2_20200329_233006/b/HK11/trustzone_images/core/bsp/trustzone/qsapps/applib32/build/KAJAANAA/tzapp_lib_main.o	
	0x368		$d.8	
	0x368		.debug_pubtypes	
.debug_pubtypes	0x162f7	0x4b	/local/mnt/workspace/CRMBuilds/TZ.BF.4.0.7.1-00006-S660AAAAANAZT-2_20200329_233006/b/HK11/trustzone_images/core/bsp/trustzone/qsapps/smplcert/build/KAJAANAA/metadata.o	
	0x462		$d.9	
	0x462		.debug_pubtypes	
.debug_pubtypes	0x16342	0x2e	/local/mnt/workspace/CRMBuilds/TZ.BF.4.0.7.1-00006-S660AAAAANAZT-2_20200329_233006/b/HK11/trustzone_images/core/bsp/trustzone/qsapps/applib32/build/KAJAANAA/applib32.lib(memscpy.o)	
	0x4ad		$d.8	
	0x4ad		.debug_pubtypes	
.debug_pubtypes	0x16370	0x4cb	/local/mnt/workspace/CRMBuilds/TZ.BF.4.0.7.1-00006-S660AAAAANAZT-2_20200329_233006/b/HK11/trustzone_images/core/bsp/trustzone/qsapps/applib32/build/KAJAANAA/applib32.lib(common_applib.o)	
	0x4db		$d.42	
	0x4db		.debug_pubtypes	
.debug_pubtypes	0x1683b	0x152f	/local/mnt/workspace/CRMBuilds/TZ.BF.4.0.7.1-00006-S660AAAAANAZT-2_20200329_233006/b/HK11/trustzone_images/core/bsp/trustzone/qsapps/applib32/build/KAJAANAA/applib32.lib(prxy_services.o)	
	0x9a6		$d.71	
	0x9a6		.debug_pubtypes	
.debug_pubtypes	0x17d6a	0xf8	/local/mnt/workspace/CRMBuilds/TZ.BF.4.0.7.1-00006-S660AAAAANAZT-2_20200329_233006/b/HK11/trustzone_images/core/bsp/trustzone/qsapps/applib32/build/KAJAANAA/applib32.lib(mink_shared_code.o)	
	0x1ed5		$d.12	
	0x1ed5		.debug_pubtypes	
.debug_pubtypes	0x17e62	0xfc	/local/mnt/workspace/CRMBuilds/TZ.BF.4.0.7.1-00006-S660AAAAANAZT-2_20200329_233006/b/HK11/trustzone_images/core/bsp/trustzone/qsapps/applib32/build/KAJAANAA/applib32.lib(qsee_env.o)	
	0x1fcd		$d.20	
	0x1fcd		.debug_pubtypes	
.debug_pubtypes	0x17f5e	0xe1	/local/mnt/workspace/CRMBuilds/TZ.BF.4.0.7.1-00006-S660AAAAANAZT-2_20200329_233006/b/HK11/trustzone_images/core/bsp/trustzone/qsapps/applib32/build/KAJAANAA/applib32.lib(qsee_prng.o)	
	0x20c9		$d.9	
	0x20c9		.debug_pubtypes	
.debug_pubtypes	0x1803f	0x54	/local/mnt/workspace/CRMBuilds/TZ.BF.4.0.7.1-00006-S660AAAAANAZT-2_20200329_233006/b/HK11/trustzone_images/core/bsp/trustzone/qsapps/applib32/build/KAJAANAA/applib32.lib(secure_memset.o)	
	0x21aa		$d.8	
	0x21aa		.debug_pubtypes	
.debug_pubtypes	0x18093	0x45	/local/mnt/workspace/CRMBuilds/TZ.BF.4.0.7.1-00006-S660AAAAANAZT-2_20200329_233006/b/HK11/trustzone_images/core/bsp/trustzone/qsapps/applib32/build/KAJAANAA/applib32.lib(strlen.o)	
	0x21fe		$d.8	
	0x21fe		.debug_pubtypes	
.debug_pubtypes	0x180d8	0x150	/local/mnt/workspace/CRMBuilds/TZ.BF.4.0.7.1-00006-S660AAAAANAZT-2_20200329_233006/b/HK11/trustzone_images/core/bsp/trustzone/qsapps/applib32/build/KAJAANAA/applib32.lib(printf.o)	
	0x2243		$d.28	
	0x2243		.debug_pubtypes	
.debug_pubtypes	0x18228	0x56	/local/mnt/workspace/CRMBuilds/TZ.BF.4.0.7.1-00006-S660AAAAANAZT-2_20200329_233006/b/HK11/trustzone_images/core/bsp/trustzone/qsapps/applib32/build/KAJAANAA/applib32.lib(memchr.o)	
	0x2393		$d.8	
	0x2393		.debug_pubtypes	
.debug_pubtypes	0x1827e	0x56	/local/mnt/workspace/CRMBuilds/TZ.BF.4.0.7.1-00006-S660AAAAANAZT-2_20200329_233006/b/HK11/trustzone_images/core/bsp/trustzone/qsapps/applib32/build/KAJAANAA/applib32.lib(memset.o)	
	0x23e9		$d.8	
	0x23e9		.debug_pubtypes	
.debug_pubtypes	0x182d4	0x5b	/local/mnt/workspace/CRMBuilds/TZ.BF.4.0.7.1-00006-S660AAAAANAZT-2_20200329_233006/b/HK11/trustzone_images/core/bsp/trustzone/qsapps/applib32/build/KAJAANAA/applib32.lib(memcpy.o)	
	0x243f		$d.8	
	0x243f		.debug_pubtypes	

.debug_str	0x1832f	0x5968
.debug_str	0x1832f	0x23	/local/mnt/workspace/CRMBuilds/TZ.BF.4.0.7.1-00006-S660AAAAANAZT-2_20200329_233006/b/HK11/trustzone_images/core/bsp/trustzone/qsapps/smplcert/build/KAJAANAA/smplcert/objects/smplcert/src/app_main.o	
	0x0		$d.11	
	0x0		.Linfo_string0	
	0x0		.debug_str	
.debug_str	0x18352	0xa3	/local/mnt/workspace/CRMBuilds/TZ.BF.4.0.7.1-00006-S660AAAAANAZT-2_20200329_233006/b/HK11/trustzone_images/core/bsp/trustzone/qsapps/smplcert/build/KAJAANAA/smplcert/objects/smplcert/src/app_main.o	
	0x23		.Linfo_string1	
.debug_str	0x183f5	0x74	/local/mnt/workspace/CRMBuilds/TZ.BF.4.0.7.1-00006-S660AAAAANAZT-2_20200329_233006/b/HK11/trustzone_images/core/bsp/trustzone/qsapps/smplcert/build/KAJAANAA/smplcert/objects/smplcert/src/app_main.o	
	0xc6		.Linfo_string2	
.debug_str	0x18469	0xf	/local/mnt/workspace/CRMBuilds/TZ.BF.4.0.7.1-00006-S660AAAAANAZT-2_20200329_233006/b/HK11/trustzone_images/core/bsp/trustzone/qsapps/smplcert/build/KAJAANAA/smplcert/objects/smplcert/src/app_main.o	
	0x13a		.Linfo_string3	
.debug_str	0x18478	0x4	/local/mnt/workspace/CRMBuilds/TZ.BF.4.0.7.1-00006-S660AAAAANAZT-2_20200329_233006/b/HK11/trustzone_images/core/bsp/trustzone/qsapps/smplcert/build/KAJAANAA/smplcert/objects/smplcert/src/app_main.o	
	0x149		.Linfo_string4	
.debug_str	0x1847c	0x8	/local/mnt/workspace/CRMBuilds/TZ.BF.4.0.7.1-00006-S660AAAAANAZT-2_20200329_233006/b/HK11/trustzone_images/core/bsp/trustzone/qsapps/smplcert/build/KAJAANAA/smplcert/objects/smplcert/src/app_main.o	
	0x14d		.Linfo_string5	
.debug_str	0x18484	0xc	/local/mnt/workspace/CRMBuilds/TZ.BF.4.0.7.1-00006-S660AAAAANAZT-2_20200329_233006/b/HK11/trustzone_images/core/bsp/trustzone/qsapps/smplcert/build/KAJAANAA/smplcert/objects/smplcert/src/app_main.o	
	0x155		.Linfo_string6	
.debug_str	0x18490	0x13	/local/mnt/workspace/CRMBuilds/TZ.BF.4.0.7.1-00006-S660AAAAANAZT-2_20200329_233006/b/HK11/trustzone_images/core/bsp/trustzone/qsapps/smplcert/build/KAJAANAA/smplcert/objects/smplcert/src/app_main.o	
	0x161		.Linfo_string7	
.debug_str	0x184a3	0x10	/local/mnt/workspace/CRMBuilds/TZ.BF.4.0.7.1-00006-S660AAAAANAZT-2_20200329_233006/b/HK11/trustzone_images/core/bsp/trustzone/qsapps/smplcert/build/KAJAANAA/smplcert/objects/smplcert/src/app_main.o	
	0x174		.Linfo_string8	
.debug_str	0x184b3	0x4	/local/mnt/workspace/CRMBuilds/TZ.BF.4.0.7.1-00006-S660AAAAANAZT-2_20200329_233006/b/HK11/trustzone_images/core/bsp/trustzone/qsapps/smplcert/build/KAJAANAA/smplcert/objects/smplcert/src/app_main.o	
	0x184		.Linfo_string9	
.debug_str	0x184b7	0xd	/local/mnt/workspace/CRMBuilds/TZ.BF.4.0.7.1-00006-S660AAAAANAZT-2_20200329_233006/b/HK11/trustzone_images/core/bsp/trustzone/qsapps/smplcert/build/KAJAANAA/smplcert/objects/smplcert/src/app_main.o	
	0x188		.Linfo_string10	
.debug_str	0x184c4	0x9	/local/mnt/workspace/CRMBuilds/TZ.BF.4.0.7.1-00006-S660AAAAANAZT-2_20200329_233006/b/HK11/trustzone_images/core/bsp/trustzone/qsapps/smplcert/build/KAJAANAA/smplcert/objects/smplcert/src/app_main.o	
	0x195		.Linfo_string11	
.debug_str	0x184cd	0x7	/local/mnt/workspace/CRMBuilds/TZ.BF.4.0.7.1-00006-S660AAAAANAZT-2_20200329_233006/b/HK11/trustzone_images/core/bsp/trustzone/qsapps/smplcert/build/KAJAANAA/smplcert/objects/smplcert/src/app_main.o	
	0x19e		.Linfo_string12	
.debug_str	0x184d4	0x7	/local/mnt/workspace/CRMBuilds/TZ.BF.4.0.7.1-00006-S660AAAAANAZT-2_20200329_233006/b/HK11/trustzone_images/core/bsp/trustzone/qsapps/smplcert/build/KAJAANAA/smplcert/objects/smplcert/src/app_main.o	
	0x1a5		.Linfo_string13	
.debug_str	0x184db	0xa	/local/mnt/workspace/CRMBuilds/TZ.BF.4.0.7.1-00006-S660AAAAANAZT-2_20200329_233006/b/HK11/trustzone_images/core/bsp/trustzone/qsapps/smplcert/build/KAJAANAA/smplcert/objects/smplcert/src/app_main.o	
	0x1ac		.Linfo_string14	
.debug_str	0x184e5	0x9	/local/mnt/workspace/CRMBuilds/TZ.BF.4.0.7.1-00006-S660AAAAANAZT-2_20200329_233006/b/HK11/trustzone_images/core/bsp/trustzone/qsapps/smplcert/build/KAJAANAA/smplcert/objects/smplcert/src/app_main.o	
	0x1b6		.Linfo_string15	
.debug_str	0x184ee	0x2	/local/mnt/workspace/CRMBuilds/TZ.BF.4.0.7.1-00006-S660AAAAANAZT-2_20200329_233006/b/HK11/trustzone_images/core/bsp/trustzone/qsapps/smplcert/build/KAJAANAA/smplcert/objects/smplcert/src/app_main.o	
	0x1bf		.Linfo_string16	
.debug_str	0x184f0	0x4	/local/mnt/workspace/CRMBuilds/TZ.BF.4.0.7.1-00006-S660AAAAANAZT-2_20200329_233006/b/HK11/trustzone_images/core/bsp/trustzone/qsapps/smplcert/build/KAJAANAA/smplcert/objects/smplcert/src/app_main.o	
	0x1c1		.Linfo_string17	
.debug_str	0x184f4	0x5	/local/mnt/workspace/CRMBuilds/TZ.BF.4.0.7.1-00006-S660AAAAANAZT-2_20200329_233006/b/HK11/trustzone_images/core/bsp/trustzone/qsapps/smplcert/build/KAJAANAA/smplcert/objects/smplcert/src/app_main.o	
	0x1c5		.Linfo_string18	
.debug_str	0x184f9	0x7	/local/mnt/workspace/CRMBuilds/TZ.BF.4.0.7.1-00006-S660AAAAANAZT-2_20200329_233006/b/HK11/trustzone_images/core/bsp/trustzone/qsapps/smplcert/build/KAJAANAA/smplcert/objects/smplcert/src/app_main.o	
	0x1ca		.Linfo_string19	
.debug_str	0x18500	0xa	/local/mnt/workspace/CRMBuilds/TZ.BF.4.0.7.1-00006-S660AAAAANAZT-2_20200329_233006/b/HK11/trustzone_images/core/bsp/trustzone/qsapps/smplcert/build/KAJAANAA/smplcert/objects/smplcert/src/app_main.o	
	0x1d1		.Linfo_string20	
.debug_str	0x1850a	0x3	/local/mnt/workspace/CRMBuilds/TZ.BF.4.0.7.1-00006-S660AAAAANAZT-2_20200329_233006/b/HK11/trustzone_images/core/bsp/trustzone/qsapps/smplcert/build/KAJAANAA/smplcert/objects/smplcert/src/app_main.o	
	0x1db		.Linfo_string21	
.debug_str	0x1850d	0xc	/local/mnt/workspace/CRMBuilds/TZ.BF.4.0.7.1-00006-S660AAAAANAZT-2_20200329_233006/b/HK11/trustzone_images/core/bsp/trustzone/qsapps/smplcert/build/KAJAANAA/smplcert/objects/smplcert/src/app_main.o	
	0x1de		.Linfo_string22	
.debug_str	0x18519	0x2	/local/mnt/workspace/CRMBuilds/TZ.BF.4.0.7.1-00006-S660AAAAANAZT-2_20200329_233006/b/HK11/trustzone_images/core/bsp/trustzone/qsapps/smplcert/build/KAJAANAA/smplcert/objects/smplcert/src/app_main.o	
	0x1ea		.Linfo_string23	
.debug_str	0x1851b	0xa	/local/mnt/workspace/CRMBuilds/TZ.BF.4.0.7.1-00006-S660AAAAANAZT-2_20200329_233006/b/HK11/trustzone_images/core/bsp/trustzone/qsapps/smplcert/build/KAJAANAA/smplcert/objects/smplcert/src/app_main.o	
	0x1ec		.Linfo_string24	
.debug_str	0x18525	0xd	/local/mnt/workspace/CRMBuilds/TZ.BF.4.0.7.1-00006-S660AAAAANAZT-2_20200329_233006/b/HK11/trustzone_images/core/bsp/trustzone/qsapps/smplcert/build/KAJAANAA/smplcert/objects/smplcert/src/app_main.o	
	0x1f6		.Linfo_string25	
.debug_str	0x18532	0xd	/local/mnt/workspace/CRMBuilds/TZ.BF.4.0.7.1-00006-S660AAAAANAZT-2_20200329_233006/b/HK11/trustzone_images/core/bsp/trustzone/qsapps/smplcert/build/KAJAANAA/smplcert/objects/smplcert/src/app_main.o	
	0x203		.Linfo_string26	
.debug_str	0x1853f	0x8	/local/mnt/workspace/CRMBuilds/TZ.BF.4.0.7.1-00006-S660AAAAANAZT-2_20200329_233006/b/HK11/trustzone_images/core/bsp/trustzone/qsapps/smplcert/build/KAJAANAA/smplcert/objects/smplcert/src/app_main.o	
	0x210		.Linfo_string27	
.debug_str	0x18547	0x7	/local/mnt/workspace/CRMBuilds/TZ.BF.4.0.7.1-00006-S660AAAAANAZT-2_20200329_233006/b/HK11/trustzone_images/core/bsp/trustzone/qsapps/smplcert/build/KAJAANAA/smplcert/objects/smplcert/src/app_main.o	
	0x218		.Linfo_string28	
.debug_str	0x1854e	0x5	/local/mnt/workspace/CRMBuilds/TZ.BF.4.0.7.1-00006-S660AAAAANAZT-2_20200329_233006/b/HK11/trustzone_images/core/bsp/trustzone/qsapps/smplcert/build/KAJAANAA/smplcert/objects/smplcert/src/app_main.o	
	0x21f		.Linfo_string29	
.debug_str	0x18553	0x4	/local/mnt/workspace/CRMBuilds/TZ.BF.4.0.7.1-00006-S660AAAAANAZT-2_20200329_233006/b/HK11/trustzone_images/core/bsp/trustzone/qsapps/smplcert/build/KAJAANAA/smplcert/objects/smplcert/src/app_main.o	
	0x224		.Linfo_string30	
.debug_str	0x18557	0x7	/local/mnt/workspace/CRMBuilds/TZ.BF.4.0.7.1-00006-S660AAAAANAZT-2_20200329_233006/b/HK11/trustzone_images/core/bsp/trustzone/qsapps/smplcert/build/KAJAANAA/smplcert/objects/smplcert/src/app_main.o	
	0x228		.Linfo_string31	
.debug_str	0x1855e	0x7	/local/mnt/workspace/CRMBuilds/TZ.BF.4.0.7.1-00006-S660AAAAANAZT-2_20200329_233006/b/HK11/trustzone_images/core/bsp/trustzone/qsapps/smplcert/build/KAJAANAA/smplcert/objects/smplcert/src/app_main.o	
	0x22f		.Linfo_string32	
.debug_str	0x18565	0x4	/local/mnt/workspace/CRMBuilds/TZ.BF.4.0.7.1-00006-S660AAAAANAZT-2_20200329_233006/b/HK11/trustzone_images/core/bsp/trustzone/qsapps/smplcert/build/KAJAANAA/smplcert/objects/smplcert/src/app_main.o	
	0x236		.Linfo_string33	
.debug_str	0x18569	0x7	/local/mnt/workspace/CRMBuilds/TZ.BF.4.0.7.1-00006-S660AAAAANAZT-2_20200329_233006/b/HK11/trustzone_images/core/bsp/trustzone/qsapps/smplcert/build/KAJAANAA/smplcert/objects/smplcert/src/app_main.o	
	0x23a		.Linfo_string34	
.debug_str	0x18570	0xa8	/local/mnt/workspace/CRMBuilds/TZ.BF.4.0.7.1-00006-S660AAAAANAZT-2_20200329_233006/b/HK11/trustzone_images/core/bsp/trustzone/qsapps/smplcert/build/KAJAANAA/smplcert/objects/smplcert/src/CCertValidate.o	
	0x241		.Linfo_string1	
.debug_str	0x18618	0x17	/local/mnt/workspace/CRMBuilds/TZ.BF.4.0.7.1-00006-S660AAAAANAZT-2_20200329_233006/b/HK11/trustzone_images/core/bsp/trustzone/qsapps/smplcert/build/KAJAANAA/smplcert/objects/smplcert/src/CCertValidate.o	
	0x2e9		.Linfo_string7	
.debug_str	0x1862f	0x4	/local/mnt/workspace/CRMBuilds/TZ.BF.4.0.7.1-00006-S660AAAAANAZT-2_20200329_233006/b/HK11/trustzone_images/core/bsp/trustzone/qsapps/smplcert/build/KAJAANAA/smplcert/objects/smplcert/src/CCertValidate.o	
	0x300		.Linfo_string10	
.debug_str	0x18633	0xc	/local/mnt/workspace/CRMBuilds/TZ.BF.4.0.7.1-00006-S660AAAAANAZT-2_20200329_233006/b/HK11/trustzone_images/core/bsp/trustzone/qsapps/smplcert/build/KAJAANAA/smplcert/objects/smplcert/src/CCertValidate.o	
	0x304		.Linfo_string11	
.debug_str	0x1863f	0xc	/local/mnt/workspace/CRMBuilds/TZ.BF.4.0.7.1-00006-S660AAAAANAZT-2_20200329_233006/b/HK11/trustzone_images/core/bsp/trustzone/qsapps/smplcert/build/KAJAANAA/smplcert/objects/smplcert/src/CCertValidate.o	
	0x310		.Linfo_string12	
.debug_str	0x1864b	0x9	/local/mnt/workspace/CRMBuilds/TZ.BF.4.0.7.1-00006-S660AAAAANAZT-2_20200329_233006/b/HK11/trustzone_images/core/bsp/trustzone/qsapps/smplcert/build/KAJAANAA/smplcert/objects/smplcert/src/CCertValidate.o	
	0x31c		.Linfo_string14	
.debug_str	0x18654	0x5	/local/mnt/workspace/CRMBuilds/TZ.BF.4.0.7.1-00006-S660AAAAANAZT-2_20200329_233006/b/HK11/trustzone_images/core/bsp/trustzone/qsapps/smplcert/build/KAJAANAA/smplcert/objects/smplcert/src/CCertValidate.o	
	0x325		.Linfo_string15	
.debug_str	0x18659	0x13	/local/mnt/workspace/CRMBuilds/TZ.BF.4.0.7.1-00006-S660AAAAANAZT-2_20200329_233006/b/HK11/trustzone_images/core/bsp/trustzone/qsapps/smplcert/build/KAJAANAA/smplcert/objects/smplcert/src/CCertValidate.o	
	0x32a		.Linfo_string16	
.debug_str	0x1866c	0x15	/local/mnt/workspace/CRMBuilds/TZ.BF.4.0.7.1-00006-S660AAAAANAZT-2_20200329_233006/b/HK11/trustzone_images/core/bsp/trustzone/qsapps/smplcert/build/KAJAANAA/smplcert/objects/smplcert/src/CCertValidate.o	
	0x33d		.Linfo_string17	
.debug_str	0x18681	0x2	/local/mnt/workspace/CRMBuilds/TZ.BF.4.0.7.1-00006-S660AAAAANAZT-2_20200329_233006/b/HK11/trustzone_images/core/bsp/trustzone/qsapps/smplcert/build/KAJAANAA/smplcert/objects/smplcert/src/CCertValidate.o	
	0x352		.Linfo_string33	
.debug_str	0x18683	0x3	/local/mnt/workspace/CRMBuilds/TZ.BF.4.0.7.1-00006-S660AAAAANAZT-2_20200329_233006/b/HK11/trustzone_images/core/bsp/trustzone/qsapps/smplcert/build/KAJAANAA/smplcert/objects/smplcert/src/CCertValidate.o	
	0x354		.Linfo_string34	
.debug_str	0x18686	0x2	/local/mnt/workspace/CRMBuilds/TZ.BF.4.0.7.1-00006-S660AAAAANAZT-2_20200329_233006/b/HK11/trustzone_images/core/bsp/trustzone/qsapps/smplcert/build/KAJAANAA/smplcert/objects/smplcert/src/CCertValidate.o	
	0x357		.Linfo_string35	
.debug_str	0x18688	0x2	/local/mnt/workspace/CRMBuilds/TZ.BF.4.0.7.1-00006-S660AAAAANAZT-2_20200329_233006/b/HK11/trustzone_images/core/bsp/trustzone/qsapps/smplcert/build/KAJAANAA/smplcert/objects/smplcert/src/CCertValidate.o	
	0x359		.Linfo_string36	
.debug_str	0x1868a	0x3	/local/mnt/workspace/CRMBuilds/TZ.BF.4.0.7.1-00006-S660AAAAANAZT-2_20200329_233006/b/HK11/trustzone_images/core/bsp/trustzone/qsapps/smplcert/build/KAJAANAA/smplcert/objects/smplcert/src/CCertValidate.o	
	0x35b		.Linfo_string37	
.debug_str	0x1868d	0x9	/local/mnt/workspace/CRMBuilds/TZ.BF.4.0.7.1-00006-S660AAAAANAZT-2_20200329_233006/b/HK11/trustzone_images/core/bsp/trustzone/qsapps/smplcert/build/KAJAANAA/smplcert/objects/smplcert/src/CCertValidate.o	
	0x35e		.Linfo_string38	
.debug_str	0x18696	0x9	/local/mnt/workspace/CRMBuilds/TZ.BF.4.0.7.1-00006-S660AAAAANAZT-2_20200329_233006/b/HK11/trustzone_images/core/bsp/trustzone/qsapps/smplcert/build/KAJAANAA/smplcert/objects/smplcert/src/CCertValidate.o	
	0x367		.Linfo_string39	
.debug_str	0x1869f	0x8d	/local/mnt/workspace/CRMBuilds/TZ.BF.4.0.7.1-00006-S660AAAAANAZT-2_20200329_233006/b/HK11/trustzone_images/core/services/utils/build/smplcert/scorpion/KAJAANAA/memheap_lite.o	
	0x370		.Linfo_string1	
.debug_str	0x1872c	0x6f	/local/mnt/workspace/CRMBuilds/TZ.BF.4.0.7.1-00006-S660AAAAANAZT-2_20200329_233006/b/HK11/trustzone_images/core/services/utils/build/smplcert/scorpion/KAJAANAA/memheap_lite.o	
	0x3fd		.Linfo_string2	
.debug_str	0x1879b	0xb	/local/mnt/workspace/CRMBuilds/TZ.BF.4.0.7.1-00006-S660AAAAANAZT-2_20200329_233006/b/HK11/trustzone_images/core/services/utils/build/smplcert/scorpion/KAJAANAA/memheap_lite.o	
	0x46c		.Linfo_string3	
.debug_str	0x187a6	0xb	/local/mnt/workspace/CRMBuilds/TZ.BF.4.0.7.1-00006-S660AAAAANAZT-2_20200329_233006/b/HK11/trustzone_images/core/services/utils/build/smplcert/scorpion/KAJAANAA/memheap_lite.o	
	0x477		.Linfo_string4	
.debug_str	0x187b1	0xb	/local/mnt/workspace/CRMBuilds/TZ.BF.4.0.7.1-00006-S660AAAAANAZT-2_20200329_233006/b/HK11/trustzone_images/core/services/utils/build/smplcert/scorpion/KAJAANAA/memheap_lite.o	
	0x482		.Linfo_string5	
.debug_str	0x187bc	0xe	/local/mnt/workspace/CRMBuilds/TZ.BF.4.0.7.1-00006-S660AAAAANAZT-2_20200329_233006/b/HK11/trustzone_images/core/services/utils/build/smplcert/scorpion/KAJAANAA/memheap_lite.o	
	0x48d		.Linfo_string6	
.debug_str	0x187ca	0xe	/local/mnt/workspace/CRMBuilds/TZ.BF.4.0.7.1-00006-S660AAAAANAZT-2_20200329_233006/b/HK11/trustzone_images/core/services/utils/build/smplcert/scorpion/KAJAANAA/memheap_lite.o	
	0x49b		.Linfo_string7	
.debug_str	0x187d8	0x8	/local/mnt/workspace/CRMBuilds/TZ.BF.4.0.7.1-00006-S660AAAAANAZT-2_20200329_233006/b/HK11/trustzone_images/core/services/utils/build/smplcert/scorpion/KAJAANAA/memheap_lite.o	
	0x4a9		.Linfo_string8	
.debug_str	0x187e0	0x6	/local/mnt/workspace/CRMBuilds/TZ.BF.4.0.7.1-00006-S660AAAAANAZT-2_20200329_233006/b/HK11/trustzone_images/core/services/utils/build/smplcert/scorpion/KAJAANAA/memheap_lite.o	
	0x4b1		.Linfo_string9	
.debug_str	0x187e6	0x12	/local/mnt/workspace/CRMBuilds/TZ.BF.4.0.7.1-00006-S660AAAAANAZT-2_20200329_233006/b/HK11/trustzone_images/core/services/utils/build/smplcert/scorpion/KAJAANAA/memheap_lite.o	
	0x4b7		.Linfo_string11	
.debug_str	0x187f8	0x5	/local/mnt/workspace/CRMBuilds/TZ.BF.4.0.7.1-00006-S660AAAAANAZT-2_20200329_233006/b/HK11/trustzone_images/core/services/utils/build/smplcert/scorpion/KAJAANAA/memheap_lite.o	
	0x4c9		.Linfo_string12	
.debug_str	0x187fd	0x17	/local/mnt/workspace/CRMBuilds/TZ.BF.4.0.7.1-00006-S660AAAAANAZT-2_20200329_233006/b/HK11/trustzone_images/core/services/utils/build/smplcert/scorpion/KAJAANAA/memheap_lite.o	
	0x4ce		.Linfo_string13	
.debug_str	0x18814	0x7	/local/mnt/workspace/CRMBuilds/TZ.BF.4.0.7.1-00006-S660AAAAANAZT-2_20200329_233006/b/HK11/trustzone_images/core/services/utils/build/smplcert/scorpion/KAJAANAA/memheap_lite.o	
	0x4e5		.Linfo_string14	
.debug_str	0x1881b	0xb	/local/mnt/workspace/CRMBuilds/TZ.BF.4.0.7.1-00006-S660AAAAANAZT-2_20200329_233006/b/HK11/trustzone_images/core/services/utils/build/smplcert/scorpion/KAJAANAA/memheap_lite.o	
	0x4ec		.Linfo_string15	
.debug_str	0x18826	0xe	/local/mnt/workspace/CRMBuilds/TZ.BF.4.0.7.1-00006-S660AAAAANAZT-2_20200329_233006/b/HK11/trustzone_images/core/services/utils/build/smplcert/scorpion/KAJAANAA/memheap_lite.o	
	0x4f7		.Linfo_string16	
.debug_str	0x18834	0xd	/local/mnt/workspace/CRMBuilds/TZ.BF.4.0.7.1-00006-S660AAAAANAZT-2_20200329_233006/b/HK11/trustzone_images/core/services/utils/build/smplcert/scorpion/KAJAANAA/memheap_lite.o	
	0x505		.Linfo_string17	
.debug_str	0x18841	0xf	/local/mnt/workspace/CRMBuilds/TZ.BF.4.0.7.1-00006-S660AAAAANAZT-2_20200329_233006/b/HK11/trustzone_images/core/services/utils/build/smplcert/scorpion/KAJAANAA/memheap_lite.o	
	0x512		.Linfo_string18	
.debug_str	0x18850	0x9	/local/mnt/workspace/CRMBuilds/TZ.BF.4.0.7.1-00006-S660AAAAANAZT-2_20200329_233006/b/HK11/trustzone_images/core/services/utils/build/smplcert/scorpion/KAJAANAA/memheap_lite.o	
	0x521		.Linfo_string19	
.debug_str	0x18859	0x7	/local/mnt/workspace/CRMBuilds/TZ.BF.4.0.7.1-00006-S660AAAAANAZT-2_20200329_233006/b/HK11/trustzone_images/core/services/utils/build/smplcert/scorpion/KAJAANAA/memheap_lite.o	
	0x52a		.Linfo_string20	
.debug_str	0x18860	0x6	/local/mnt/workspace/CRMBuilds/TZ.BF.4.0.7.1-00006-S660AAAAANAZT-2_20200329_233006/b/HK11/trustzone_images/core/services/utils/build/smplcert/scorpion/KAJAANAA/memheap_lite.o	
	0x531		.Linfo_string21	
.debug_str	0x18866	0xa	/local/mnt/workspace/CRMBuilds/TZ.BF.4.0.7.1-00006-S660AAAAANAZT-2_20200329_233006/b/HK11/trustzone_images/core/services/utils/build/smplcert/scorpion/KAJAANAA/memheap_lite.o	
	0x537		.Linfo_string22	
.debug_str	0x18870	0xa	/local/mnt/workspace/CRMBuilds/TZ.BF.4.0.7.1-00006-S660AAAAANAZT-2_20200329_233006/b/HK11/trustzone_images/core/services/utils/build/smplcert/scorpion/KAJAANAA/memheap_lite.o	
	0x541		.Linfo_string23	
.debug_str	0x1887a	0xc	/local/mnt/workspace/CRMBuilds/TZ.BF.4.0.7.1-00006-S660AAAAANAZT-2_20200329_233006/b/HK11/trustzone_images/core/services/utils/build/smplcert/scorpion/KAJAANAA/memheap_lite.o	
	0x54b		.Linfo_string24	
.debug_str	0x18886	0x18	/local/mnt/workspace/CRMBuilds/TZ.BF.4.0.7.1-00006-S660AAAAANAZT-2_20200329_233006/b/HK11/trustzone_images/core/services/utils/build/smplcert/scorpion/KAJAANAA/memheap_lite.o	
	0x557		.Linfo_string28	
.debug_str	0x1889e	0x16	/local/mnt/workspace/CRMBuilds/TZ.BF.4.0.7.1-00006-S660AAAAANAZT-2_20200329_233006/b/HK11/trustzone_images/core/services/utils/build/smplcert/scorpion/KAJAANAA/memheap_lite.o	
	0x56f		.Linfo_string29	
.debug_str	0x188b4	0xa	/local/mnt/workspace/CRMBuilds/TZ.BF.4.0.7.1-00006-S660AAAAANAZT-2_20200329_233006/b/HK11/trustzone_images/core/services/utils/build/smplcert/scorpion/KAJAANAA/memheap_lite.o	
	0x585		.Linfo_string30	
.debug_str	0x188be	0xc	/local/mnt/workspace/CRMBuilds/TZ.BF.4.0.7.1-00006-S660AAAAANAZT-2_20200329_233006/b/HK11/trustzone_images/core/services/utils/build/smplcert/scorpion/KAJAANAA/memheap_lite.o	
	0x58f		.Linfo_string31	
.debug_str	0x188ca	0xb	/local/mnt/workspace/CRMBuilds/TZ.BF.4.0.7.1-00006-S660AAAAANAZT-2_20200329_233006/b/HK11/trustzone_images/core/services/utils/build/smplcert/scorpion/KAJAANAA/memheap_lite.o	
	0x59b		.Linfo_string32	
.debug_str	0x188d5	0xd	/local/mnt/workspace/CRMBuilds/TZ.BF.4.0.7.1-00006-S660AAAAANAZT-2_20200329_233006/b/HK11/trustzone_images/core/services/utils/build/smplcert/scorpion/KAJAANAA/memheap_lite.o	
	0x5a6		.Linfo_string33	
.debug_str	0x188e2	0xc	/local/mnt/workspace/CRMBuilds/TZ.BF.4.0.7.1-00006-S660AAAAANAZT-2_20200329_233006/b/HK11/trustzone_images/core/services/utils/build/smplcert/scorpion/KAJAANAA/memheap_lite.o	
	0x5b3		.Linfo_string34	
.debug_str	0x188ee	0xb	/local/mnt/workspace/CRMBuilds/TZ.BF.4.0.7.1-00006-S660AAAAANAZT-2_20200329_233006/b/HK11/trustzone_images/core/services/utils/build/smplcert/scorpion/KAJAANAA/memheap_lite.o	
	0x5bf		.Linfo_string35	
.debug_str	0x188f9	0x9	/local/mnt/workspace/CRMBuilds/TZ.BF.4.0.7.1-00006-S660AAAAANAZT-2_20200329_233006/b/HK11/trustzone_images/core/services/utils/build/smplcert/scorpion/KAJAANAA/memheap_lite.o	
	0x5ca		.Linfo_string36	
.debug_str	0x18902	0xc	/local/mnt/workspace/CRMBuilds/TZ.BF.4.0.7.1-00006-S660AAAAANAZT-2_20200329_233006/b/HK11/trustzone_images/core/services/utils/build/smplcert/scorpion/KAJAANAA/memheap_lite.o	
	0x5d3		.Linfo_string37	
.debug_str	0x1890e	0xd	/local/mnt/workspace/CRMBuilds/TZ.BF.4.0.7.1-00006-S660AAAAANAZT-2_20200329_233006/b/HK11/trustzone_images/core/services/utils/build/smplcert/scorpion/KAJAANAA/memheap_lite.o	
	0x5df		.Linfo_string38	
.debug_str	0x1891b	0x12	/local/mnt/workspace/CRMBuilds/TZ.BF.4.0.7.1-00006-S660AAAAANAZT-2_20200329_233006/b/HK11/trustzone_images/core/services/utils/build/smplcert/scorpion/KAJAANAA/memheap_lite.o	
	0x5ec		.Linfo_string40	
.debug_str	0x1892d	0xd	/local/mnt/workspace/CRMBuilds/TZ.BF.4.0.7.1-00006-S660AAAAANAZT-2_20200329_233006/b/HK11/trustzone_images/core/services/utils/build/smplcert/scorpion/KAJAANAA/memheap_lite.o	
	0x5fe		.Linfo_string41	
.debug_str	0x1893a	0x12	/local/mnt/workspace/CRMBuilds/TZ.BF.4.0.7.1-00006-S660AAAAANAZT-2_20200329_233006/b/HK11/trustzone_images/core/services/utils/build/smplcert/scorpion/KAJAANAA/memheap_lite.o	
	0x60b		.Linfo_string42	
.debug_str	0x1894c	0x12	/local/mnt/workspace/CRMBuilds/TZ.BF.4.0.7.1-00006-S660AAAAANAZT-2_20200329_233006/b/HK11/trustzone_images/core/services/utils/build/smplcert/scorpion/KAJAANAA/memheap_lite.o	
	0x61d		.Linfo_string43	
.debug_str	0x1895e	0xf	/local/mnt/workspace/CRMBuilds/TZ.BF.4.0.7.1-00006-S660AAAAANAZT-2_20200329_233006/b/HK11/trustzone_images/core/services/utils/build/smplcert/scorpion/KAJAANAA/memheap_lite.o	
	0x62f		.Linfo_string44	
.debug_str	0x1896d	0xf	/local/mnt/workspace/CRMBuilds/TZ.BF.4.0.7.1-00006-S660AAAAANAZT-2_20200329_233006/b/HK11/trustzone_images/core/services/utils/build/smplcert/scorpion/KAJAANAA/memheap_lite.o	
	0x63e		.Linfo_string45	
.debug_str	0x1897c	0x10	/local/mnt/workspace/CRMBuilds/TZ.BF.4.0.7.1-00006-S660AAAAANAZT-2_20200329_233006/b/HK11/trustzone_images/core/services/utils/build/smplcert/scorpion/KAJAANAA/memheap_lite.o	
	0x64d		.Linfo_string46	
.debug_str	0x1898c	0x10	/local/mnt/workspace/CRMBuilds/TZ.BF.4.0.7.1-00006-S660AAAAANAZT-2_20200329_233006/b/HK11/trustzone_images/core/services/utils/build/smplcert/scorpion/KAJAANAA/memheap_lite.o	
	0x65d		.Linfo_string47	
.debug_str	0x1899c	0xe	/local/mnt/workspace/CRMBuilds/TZ.BF.4.0.7.1-00006-S660AAAAANAZT-2_20200329_233006/b/HK11/trustzone_images/core/services/utils/build/smplcert/scorpion/KAJAANAA/memheap_lite.o	
	0x66d		.Linfo_string48	
.debug_str	0x189aa	0x9	/local/mnt/workspace/CRMBuilds/TZ.BF.4.0.7.1-00006-S660AAAAANAZT-2_20200329_233006/b/HK11/trustzone_images/core/services/utils/build/smplcert/scorpion/KAJAANAA/memheap_lite.o	
	0x67b		.Linfo_string49	
.debug_str	0x189b3	0x15	/local/mnt/workspace/CRMBuilds/TZ.BF.4.0.7.1-00006-S660AAAAANAZT-2_20200329_233006/b/HK11/trustzone_images/core/services/utils/build/smplcert/scorpion/KAJAANAA/memheap_lite.o	
	0x684		.Linfo_string50	
.debug_str	0x189c8	0x11	/local/mnt/workspace/CRMBuilds/TZ.BF.4.0.7.1-00006-S660AAAAANAZT-2_20200329_233006/b/HK11/trustzone_images/core/services/utils/build/smplcert/scorpion/KAJAANAA/memheap_lite.o	
	0x699		.Linfo_string51	
.debug_str	0x189d9	0x16	/local/mnt/workspace/CRMBuilds/TZ.BF.4.0.7.1-00006-S660AAAAANAZT-2_20200329_233006/b/HK11/trustzone_images/core/services/utils/build/smplcert/scorpion/KAJAANAA/memheap_lite.o	
	0x6aa		.Linfo_string52	
.debug_str	0x189ef	0x14	/local/mnt/workspace/CRMBuilds/TZ.BF.4.0.7.1-00006-S660AAAAANAZT-2_20200329_233006/b/HK11/trustzone_images/core/services/utils/build/smplcert/scorpion/KAJAANAA/memheap_lite.o	
	0x6c0		.Linfo_string53	
.debug_str	0x18a03	0x9	/local/mnt/workspace/CRMBuilds/TZ.BF.4.0.7.1-00006-S660AAAAANAZT-2_20200329_233006/b/HK11/trustzone_images/core/services/utils/build/smplcert/scorpion/KAJAANAA/memheap_lite.o	
	0x6d4		.Linfo_string54	
.debug_str	0x18a0c	0xc	/local/mnt/workspace/CRMBuilds/TZ.BF.4.0.7.1-00006-S660AAAAANAZT-2_20200329_233006/b/HK11/trustzone_images/core/services/utils/build/smplcert/scorpion/KAJAANAA/memheap_lite.o	
	0x6dd		.Linfo_string55	
.debug_str	0x18a18	0x5	/local/mnt/workspace/CRMBuilds/TZ.BF.4.0.7.1-00006-S660AAAAANAZT-2_20200329_233006/b/HK11/trustzone_images/core/services/utils/build/smplcert/scorpion/KAJAANAA/memheap_lite.o	
	0x6e9		.Linfo_string56	
.debug_str	0x18a1d	0xd	/local/mnt/workspace/CRMBuilds/TZ.BF.4.0.7.1-00006-S660AAAAANAZT-2_20200329_233006/b/HK11/trustzone_images/core/services/utils/build/smplcert/scorpion/KAJAANAA/memheap_lite.o	
	0x6ee		.Linfo_string57	
.debug_str	0x18a2a	0xf	/local/mnt/workspace/CRMBuilds/TZ.BF.4.0.7.1-00006-S660AAAAANAZT-2_20200329_233006/b/HK11/trustzone_images/core/services/utils/build/smplcert/scorpion/KAJAANAA/memheap_lite.o	
	0x6fb		.Linfo_string58	
.debug_str	0x18a39	0x5	/local/mnt/workspace/CRMBuilds/TZ.BF.4.0.7.1-00006-S660AAAAANAZT-2_20200329_233006/b/HK11/trustzone_images/core/services/utils/build/smplcert/scorpion/KAJAANAA/memheap_lite.o	
	0x70a		.Linfo_string59	
.debug_str	0x18a3e	0x18	/local/mnt/workspace/CRMBuilds/TZ.BF.4.0.7.1-00006-S660AAAAANAZT-2_20200329_233006/b/HK11/trustzone_images/core/services/utils/build/smplcert/scorpion/KAJAANAA/memheap_lite.o	
	0x70f		.Linfo_string60	
[...]
	0x5681		.Linfo_string80	
.debug_str	0x1d9b6	0xc	/local/mnt/workspace/CRMBuilds/TZ.BF.4.0.7.1-00006-S660AAAAANAZT-2_20200329_233006/b/HK11/trustzone_images/core/bsp/trustzone/qsapps/applib32/build/KAJAANAA/applib32.lib(printf.o)	
	0x5687		.Linfo_string81	
.debug_str	0x1d9c2	0xc	/local/mnt/workspace/CRMBuilds/TZ.BF.4.0.7.1-00006-S660AAAAANAZT-2_20200329_233006/b/HK11/trustzone_images/core/bsp/trustzone/qsapps/applib32/build/KAJAANAA/applib32.lib(printf.o)	
	0x5693		.Linfo_string82	
.debug_str	0x1d9ce	0x9	/local/mnt/workspace/CRMBuilds/TZ.BF.4.0.7.1-00006-S660AAAAANAZT-2_20200329_233006/b/HK11/trustzone_images/core/bsp/trustzone/qsapps/applib32/build/KAJAANAA/applib32.lib(printf.o)	
	0x569f		.Linfo_string83	
.debug_str	0x1d9d7	0x5	/local/mnt/workspace/CRMBuilds/TZ.BF.4.0.7.1-00006-S660AAAAANAZT-2_20200329_233006/b/HK11/trustzone_images/core/bsp/trustzone/qsapps/applib32/build/KAJAANAA/applib32.lib(printf.o)	
	0x56a8		.Linfo_string84	
.debug_str	0x1d9dc	0xa	/local/mnt/workspace/CRMBuilds/TZ.BF.4.0.7.1-00006-S660AAAAANAZT-2_20200329_233006/b/HK11/trustzone_images/core/bsp/trustzone/qsapps/applib32/build/KAJAANAA/applib32.lib(printf.o)	
	0x56ad		.Linfo_string86	
.debug_str	0x1d9e6	0x9	/local/mnt/workspace/CRMBuilds/TZ.BF.4.0.7.1-00006-S660AAAAANAZT-2_20200329_233006/b/HK11/trustzone_images/core/bsp/trustzone/qsapps/applib32/build/KAJAANAA/applib32.lib(printf.o)	
	0x56b7		.Linfo_string87	
.debug_str	0x1d9ef	0xa	/local/mnt/workspace/CRMBuilds/TZ.BF.4.0.7.1-00006-S660AAAAANAZT-2_20200329_233006/b/HK11/trustzone_images/core/bsp/trustzone/qsapps/applib32/build/KAJAANAA/applib32.lib(printf.o)	
	0x56c0		.Linfo_string88	
.debug_str	0x1d9f9	0x9	/local/mnt/workspace/CRMBuilds/TZ.BF.4.0.7.1-00006-S660AAAAANAZT-2_20200329_233006/b/HK11/trustzone_images/core/bsp/trustzone/qsapps/applib32/build/KAJAANAA/applib32.lib(printf.o)	
	0x56ca		.Linfo_string89	
.debug_str	0x1da02	0xc	/local/mnt/workspace/CRMBuilds/TZ.BF.4.0.7.1-00006-S660AAAAANAZT-2_20200329_233006/b/HK11/trustzone_images/core/bsp/trustzone/qsapps/applib32/build/KAJAANAA/applib32.lib(printf.o)	
	0x56d3		.Linfo_string90	
.debug_str	0x1da0e	0x4	/local/mnt/workspace/CRMBuilds/TZ.BF.4.0.7.1-00006-S660AAAAANAZT-2_20200329_233006/b/HK11/trustzone_images/core/bsp/trustzone/qsapps/applib32/build/KAJAANAA/applib32.lib(printf.o)	
	0x56df		.Linfo_string91	
.debug_str	0x1da12	0x7	/local/mnt/workspace/CRMBuilds/TZ.BF.4.0.7.1-00006-S660AAAAANAZT-2_20200329_233006/b/HK11/trustzone_images/core/bsp/trustzone/qsapps/applib32/build/KAJAANAA/applib32.lib(printf.o)	
	0x56e3		.Linfo_string92	
.debug_str	0x1da19	0x8	/local/mnt/workspace/CRMBuilds/TZ.BF.4.0.7.1-00006-S660AAAAANAZT-2_20200329_233006/b/HK11/trustzone_images/core/bsp/trustzone/qsapps/applib32/build/KAJAANAA/applib32.lib(printf.o)	
	0x56ea		.Linfo_string93	
.debug_str	0x1da21	0x4	/local/mnt/workspace/CRMBuilds/TZ.BF.4.0.7.1-00006-S660AAAAANAZT-2_20200329_233006/b/HK11/trustzone_images/core/bsp/trustzone/qsapps/applib32/build/KAJAANAA/applib32.lib(printf.o)	
	0x56f2		.Linfo_string94	
.debug_str	0x1da25	0x9	/local/mnt/workspace/CRMBuilds/TZ.BF.4.0.7.1-00006-S660AAAAANAZT-2_20200329_233006/b/HK11/trustzone_images/core/bsp/trustzone/qsapps/applib32/build/KAJAANAA/applib32.lib(printf.o)	
	0x56f6		.Linfo_string95	
.debug_str	0x1da2e	0x8	/local/mnt/workspace/CRMBuilds/TZ.BF.4.0.7.1-00006-S660AAAAANAZT-2_20200329_233006/b/HK11/trustzone_images/core/bsp/trustzone/qsapps/applib32/build/KAJAANAA/applib32.lib(printf.o)	
	0x56ff		.Linfo_string96	
.debug_str	0x1da36	0x7	/local/mnt/workspace/CRMBuilds/TZ.BF.4.0.7.1-00006-S660AAAAANAZT-2_20200329_233006/b/HK11/trustzone_images/core/bsp/trustzone/qsapps/applib32/build/KAJAANAA/applib32.lib(printf.o)	
	0x5707		.Linfo_string97	
.debug_str	0x1da3d	0xc	/local/mnt/workspace/CRMBuilds/TZ.BF.4.0.7.1-00006-S660AAAAANAZT-2_20200329_233006/b/HK11/trustzone_images/core/bsp/trustzone/qsapps/applib32/build/KAJAANAA/applib32.lib(printf.o)	
	0x570e		.Linfo_string98	
.debug_str	0x1da49	0x4	/local/mnt/workspace/CRMBuilds/TZ.BF.4.0.7.1-00006-S660AAAAANAZT-2_20200329_233006/b/HK11/trustzone_images/core/bsp/trustzone/qsapps/applib32/build/KAJAANAA/applib32.lib(printf.o)	
	0x571a		.Linfo_string100	
.debug_str	0x1da4d	0xd	/local/mnt/workspace/CRMBuilds/TZ.BF.4.0.7.1-00006-S660AAAAANAZT-2_20200329_233006/b/HK11/trustzone_images/core/bsp/trustzone/qsapps/applib32/build/KAJAANAA/applib32.lib(printf.o)	
	0x571e		.Linfo_string101	
.debug_str	0x1da5a	0x4	/local/mnt/workspace/CRMBuilds/TZ.BF.4.0.7.1-00006-S660AAAAANAZT-2_20200329_233006/b/HK11/trustzone_images/core/bsp/trustzone/qsapps/applib32/build/KAJAANAA/applib32.lib(printf.o)	
	0x572b		.Linfo_string103	
.debug_str	0x1da5e	0xa	/local/mnt/workspace/CRMBuilds/TZ.BF.4.0.7.1-00006-S660AAAAANAZT-2_20200329_233006/b/HK11/trustzone_images/core/bsp/trustzone/qsapps/applib32/build/KAJAANAA/applib32.lib(printf.o)	
	0x572f		.Linfo_string108	
.debug_str	0x1da68	0x3	/local/mnt/workspace/CRMBuilds/TZ.BF.4.0.7.1-00006-S660AAAAANAZT-2_20200329_233006/b/HK11/trustzone_images/core/bsp/trustzone/qsapps/applib32/build/KAJAANAA/applib32.lib(printf.o)	
	0x5739		.Linfo_string111	
.debug_str	0x1da6b	0x8	/local/mnt/workspace/CRMBuilds/TZ.BF.4.0.7.1-00006-S660AAAAANAZT-2_20200329_233006/b/HK11/trustzone_images/core/bsp/trustzone/qsapps/applib32/build/KAJAANAA/applib32.lib(printf.o)	
	0x573c		.Linfo_string112	
.debug_str	0x1da73	0x4	/local/mnt/workspace/CRMBuilds/TZ.BF.4.0.7.1-00006-S660AAAAANAZT-2_20200329_233006/b/HK11/trustzone_images/core/bsp/trustzone/qsapps/applib32/build/KAJAANAA/applib32.lib(printf.o)	
	0x5744		.Linfo_string113	
.debug_str	0x1da77	0x5	/local/mnt/workspace/CRMBuilds/TZ.BF.4.0.7.1-00006-S660AAAAANAZT-2_20200329_233006/b/HK11/trustzone_images/core/bsp/trustzone/qsapps/applib32/build/KAJAANAA/applib32.lib(printf.o)	
	0x5748		.Linfo_string114	
.debug_str	0x1da7c	0x2	/local/mnt/workspace/CRMBuilds/TZ.BF.4.0.7.1-00006-S660AAAAANAZT-2_20200329_233006/b/HK11/trustzone_images/core/bsp/trustzone/qsapps/applib32/build/KAJAANAA/applib32.lib(printf.o)	
	0x574d		.Linfo_string115	
.debug_str	0x1da7e	0x3	/local/mnt/workspace/CRMBuilds/TZ.BF.4.0.7.1-00006-S660AAAAANAZT-2_20200329_233006/b/HK11/trustzone_images/core/bsp/trustzone/qsapps/applib32/build/KAJAANAA/applib32.lib(printf.o)	
	0x574f		.Linfo_string116	
.debug_str	0x1da81	0x3	/local/mnt/workspace/CRMBuilds/TZ.BF.4.0.7.1-00006-S660AAAAANAZT-2_20200329_233006/b/HK11/trustzone_images/core/bsp/trustzone/qsapps/applib32/build/KAJAANAA/applib32.lib(printf.o)	
	0x5752		.Linfo_string118	
.debug_str	0x1da84	0x3	/local/mnt/workspace/CRMBuilds/TZ.BF.4.0.7.1-00006-S660AAAAANAZT-2_20200329_233006/b/HK11/trustzone_images/core/bsp/trustzone/qsapps/applib32/build/KAJAANAA/applib32.lib(printf.o)	
	0x5755		.Linfo_string119	
.debug_str	0x1da87	0x3	/local/mnt/workspace/CRMBuilds/TZ.BF.4.0.7.1-00006-S660AAAAANAZT-2_20200329_233006/b/HK11/trustzone_images/core/bsp/trustzone/qsapps/applib32/build/KAJAANAA/applib32.lib(printf.o)	
	0x5758		.Linfo_string120	
.debug_str	0x1da8a	0x2	/local/mnt/workspace/CRMBuilds/TZ.BF.4.0.7.1-00006-S660AAAAANAZT-2_20200329_233006/b/HK11/trustzone_images/core/bsp/trustzone/qsapps/applib32/build/KAJAANAA/applib32.lib(printf.o)	
	0x575b		.Linfo_string121	
.debug_str	0x1da8c	0x7	/local/mnt/workspace/CRMBuilds/TZ.BF.4.0.7.1-00006-S660AAAAANAZT-2_20200329_233006/b/HK11/trustzone_images/core/bsp/trustzone/qsapps/applib32/build/KAJAANAA/applib32.lib(printf.o)	
	0x575d		.Linfo_string122	
.debug_str	0x1da93	0x7	/local/mnt/workspace/CRMBuilds/TZ.BF.4.0.7.1-00006-S660AAAAANAZT-2_20200329_233006/b/HK11/trustzone_images/core/bsp/trustzone/qsapps/applib32/build/KAJAANAA/applib32.lib(printf.o)	
	0x5764		.Linfo_string124	
.debug_str	0x1da9a	0x3	/local/mnt/workspace/CRMBuilds/TZ.BF.4.0.7.1-00006-S660AAAAANAZT-2_20200329_233006/b/HK11/trustzone_images/core/bsp/trustzone/qsapps/applib32/build/KAJAANAA/applib32.lib(printf.o)	
	0x576b		.Linfo_string125	
.debug_str	0x1da9d	0x3	/local/mnt/workspace/CRMBuilds/TZ.BF.4.0.7.1-00006-S660AAAAANAZT-2_20200329_233006/b/HK11/trustzone_images/core/bsp/trustzone/qsapps/applib32/build/KAJAANAA/applib32.lib(printf.o)	
	0x576e		.Linfo_string126	
.debug_str	0x1daa0	0x2	/local/mnt/workspace/CRMBuilds/TZ.BF.4.0.7.1-00006-S660AAAAANAZT-2_20200329_233006/b/HK11/trustzone_images/core/bsp/trustzone/qsapps/applib32/build/KAJAANAA/applib32.lib(printf.o)	
	0x5771		.Linfo_string132	
.debug_str	0x1daa2	0x9d	/local/mnt/workspace/CRMBuilds/TZ.BF.4.0.7.1-00006-S660AAAAANAZT-2_20200329_233006/b/HK11/trustzone_images/core/bsp/trustzone/qsapps/applib32/build/KAJAANAA/applib32.lib(memchr.o)	
	0x5773		.Linfo_string1	
.debug_str	0x1db3f	0x7	/local/mnt/workspace/CRMBuilds/TZ.BF.4.0.7.1-00006-S660AAAAANAZT-2_20200329_233006/b/HK11/trustzone_images/core/bsp/trustzone/qsapps/applib32/build/KAJAANAA/applib32.lib(memchr.o)	
	0x5810		.Linfo_string7	
.debug_str	0x1db46	0x9d	/local/mnt/workspace/CRMBuilds/TZ.BF.4.0.7.1-00006-S660AAAAANAZT-2_20200329_233006/b/HK11/trustzone_images/core/bsp/trustzone/qsapps/applib32/build/KAJAANAA/applib32.lib(memset.o)	
	0x5817		.Linfo_string1	
.debug_str	0x1dbe3	0x7	/local/mnt/workspace/CRMBuilds/TZ.BF.4.0.7.1-00006-S660AAAAANAZT-2_20200329_233006/b/HK11/trustzone_images/core/bsp/trustzone/qsapps/applib32/build/KAJAANAA/applib32.lib(memset.o)	
	0x58b4		.Linfo_string5	
.debug_str	0x1dbea	0x5	/local/mnt/workspace/CRMBuilds/TZ.BF.4.0.7.1-00006-S660AAAAANAZT-2_20200329_233006/b/HK11/trustzone_images/core/bsp/trustzone/qsapps/applib32/build/KAJAANAA/applib32.lib(memset.o)	
	0x58bb		.Linfo_string6	
.debug_str	0x1dbef	0x9d	/local/mnt/workspace/CRMBuilds/TZ.BF.4.0.7.1-00006-S660AAAAANAZT-2_20200329_233006/b/HK11/trustzone_images/core/bsp/trustzone/qsapps/applib32/build/KAJAANAA/applib32.lib(memcpy.o)	
	0x58c0		.Linfo_string1	
.debug_str	0x1dc8c	0x4	/local/mnt/workspace/CRMBuilds/TZ.BF.4.0.7.1-00006-S660AAAAANAZT-2_20200329_233006/b/HK11/trustzone_images/core/bsp/trustzone/qsapps/applib32/build/KAJAANAA/applib32.lib(memcpy.o)	
	0x595d		.Linfo_string6	
.debug_str	0x1dc90	0x7	/local/mnt/workspace/CRMBuilds/TZ.BF.4.0.7.1-00006-S660AAAAANAZT-2_20200329_233006/b/HK11/trustzone_images/core/bsp/trustzone/qsapps/applib32/build/KAJAANAA/applib32.lib(memcpy.o)	
	0x5961		.Linfo_string7	

.debug_loc	0x1dc97	0x2a5e
.debug_loc	0x1dc97	0x6d	/local/mnt/workspace/CRMBuilds/TZ.BF.4.0.7.1-00006-S660AAAAANAZT-2_20200329_233006/b/HK11/trustzone_images/core/bsp/trustzone/qsapps/smplcert/build/KAJAANAA/smplcert/objects/smplcert/src/app_main.o	
	0x0		$d.14	
	0x0		.debug_loc	
.debug_loc	0x1dd04	0xba	/local/mnt/workspace/CRMBuilds/TZ.BF.4.0.7.1-00006-S660AAAAANAZT-2_20200329_233006/b/HK11/trustzone_images/core/bsp/trustzone/qsapps/smplcert/build/KAJAANAA/smplcert/objects/smplcert/src/CCertValidate.o	
	0x6d		$d.9	
	0x6d		.debug_loc	
.debug_loc	0x1ddbe	0x4d3	/local/mnt/workspace/CRMBuilds/TZ.BF.4.0.7.1-00006-S660AAAAANAZT-2_20200329_233006/b/HK11/trustzone_images/core/services/utils/build/smplcert/scorpion/KAJAANAA/memheap_lite.o	
	0x127		$d.9	
	0x127		.debug_loc	
.debug_loc	0x1e291	0x1a7	/local/mnt/workspace/CRMBuilds/TZ.BF.4.0.7.1-00006-S660AAAAANAZT-2_20200329_233006/b/HK11/trustzone_images/core/bsp/trustzone/qsapps/applib32/build/KAJAANAA/tzapp_lib_main.o	
	0x5fa		$d.6	
	0x5fa		.debug_loc	
.debug_loc	0x1e438	0x62	/local/mnt/workspace/CRMBuilds/TZ.BF.4.0.7.1-00006-S660AAAAANAZT-2_20200329_233006/b/HK11/trustzone_images/core/bsp/trustzone/qsapps/applib32/build/KAJAANAA/applib32.lib(memscpy.o)	
	0x7a1		$d.6	
	0x7a1		.debug_loc	
.debug_loc	0x1e49a	0x768	/local/mnt/workspace/CRMBuilds/TZ.BF.4.0.7.1-00006-S660AAAAANAZT-2_20200329_233006/b/HK11/trustzone_images/core/bsp/trustzone/qsapps/applib32/build/KAJAANAA/applib32.lib(common_applib.o)	
	0x803		$d.40	
	0x803		.debug_loc	
.debug_loc	0x1ec02	0x4b0	/local/mnt/workspace/CRMBuilds/TZ.BF.4.0.7.1-00006-S660AAAAANAZT-2_20200329_233006/b/HK11/trustzone_images/core/bsp/trustzone/qsapps/applib32/build/KAJAANAA/applib32.lib(prxy_services.o)	
	0xf6b		$d.69	
	0xf6b		.debug_loc	
.debug_loc	0x1f0b2	0x2e0	/local/mnt/workspace/CRMBuilds/TZ.BF.4.0.7.1-00006-S660AAAAANAZT-2_20200329_233006/b/HK11/trustzone_images/core/bsp/trustzone/qsapps/applib32/build/KAJAANAA/applib32.lib(mink_shared_code.o)	
	0x141b		$d.10	
	0x141b		.debug_loc	
.debug_loc	0x1f392	0x211	/local/mnt/workspace/CRMBuilds/TZ.BF.4.0.7.1-00006-S660AAAAANAZT-2_20200329_233006/b/HK11/trustzone_images/core/bsp/trustzone/qsapps/applib32/build/KAJAANAA/applib32.lib(qsee_env.o)	
	0x16fb		$d.18	
	0x16fb		.debug_loc	
.debug_loc	0x1f5a3	0x67	/local/mnt/workspace/CRMBuilds/TZ.BF.4.0.7.1-00006-S660AAAAANAZT-2_20200329_233006/b/HK11/trustzone_images/core/bsp/trustzone/qsapps/applib32/build/KAJAANAA/applib32.lib(qsee_prng.o)	
	0x190c		$d.7	
	0x190c		.debug_loc	
.debug_loc	0x1f60a	0x62	/local/mnt/workspace/CRMBuilds/TZ.BF.4.0.7.1-00006-S660AAAAANAZT-2_20200329_233006/b/HK11/trustzone_images/core/bsp/trustzone/qsapps/applib32/build/KAJAANAA/applib32.lib(secure_memset.o)	
	0x1973		$d.6	
	0x1973		.debug_loc	
.debug_loc	0x1f66c	0x5d	/local/mnt/workspace/CRMBuilds/TZ.BF.4.0.7.1-00006-S660AAAAANAZT-2_20200329_233006/b/HK11/trustzone_images/core/bsp/trustzone/qsapps/applib32/build/KAJAANAA/applib32.lib(strlen.o)	
	0x19d5		$d.6	
	0x19d5		.debug_loc	
.debug_loc	0x1f6c9	0xc7b	/local/mnt/workspace/CRMBuilds/TZ.BF.4.0.7.1-00006-S660AAAAANAZT-2_20200329_233006/b/HK11/trustzone_images/core/bsp/trustzone/qsapps/applib32/build/KAJAANAA/applib32.lib(printf.o)	
	0x1a32		$d.26	
	0x1a32		.debug_loc	
.debug_loc	0x20344	0xca	/local/mnt/workspace/CRMBuilds/TZ.BF.4.0.7.1-00006-S660AAAAANAZT-2_20200329_233006/b/HK11/trustzone_images/core/bsp/trustzone/qsapps/applib32/build/KAJAANAA/applib32.lib(memchr.o)	
	0x26ad		$d.6	
	0x26ad		.debug_loc	
.debug_loc	0x2040e	0x65	/local/mnt/workspace/CRMBuilds/TZ.BF.4.0.7.1-00006-S660AAAAANAZT-2_20200329_233006/b/HK11/trustzone_images/core/bsp/trustzone/qsapps/applib32/build/KAJAANAA/applib32.lib(memset.o)	
	0x2777		$d.6	
	0x2777		.debug_loc	
.debug_loc	0x20473	0x282	/local/mnt/workspace/CRMBuilds/TZ.BF.4.0.7.1-00006-S660AAAAANAZT-2_20200329_233006/b/HK11/trustzone_images/core/bsp/trustzone/qsapps/applib32/build/KAJAANAA/applib32.lib(memcpy.o)	
	0x27dc		$d.6	
	0x27dc		.debug_loc	

.debug_ranges	0x206f5	0x198
.debug_ranges	0x206f5	0x18	/local/mnt/workspace/CRMBuilds/TZ.BF.4.0.7.1-00006-S660AAAAANAZT-2_20200329_233006/b/HK11/trustzone_images/core/bsp/trustzone/qsapps/smplcert/build/KAJAANAA/smplcert/objects/smplcert/src/CCertValidate.o	
	0x0		$d.8	
	0x0		.debug_ranges	
.debug_ranges	0x2070d	0x18	/local/mnt/workspace/CRMBuilds/TZ.BF.4.0.7.1-00006-S660AAAAANAZT-2_20200329_233006/b/HK11/trustzone_images/core/services/utils/build/smplcert/scorpion/KAJAANAA/memheap_lite.o	
	0x18		$d.8	
	0x18		.debug_ranges	
.debug_ranges	0x20725	0x98	/local/mnt/workspace/CRMBuilds/TZ.BF.4.0.7.1-00006-S660AAAAANAZT-2_20200329_233006/b/HK11/trustzone_images/core/bsp/trustzone/qsapps/applib32/build/KAJAANAA/applib32.lib(common_applib.o)	
	0x30		$d.39	
	0x30		.debug_ranges	
.debug_ranges	0x207bd	0x48	/local/mnt/workspace/CRMBuilds/TZ.BF.4.0.7.1-00006-S660AAAAANAZT-2_20200329_233006/b/HK11/trustzone_images/core/bsp/trustzone/qsapps/applib32/build/KAJAANAA/applib32.lib(mink_shared_code.o)	
	0xc8		$d.9	
	0xc8		.debug_ranges	
.debug_ranges	0x20805	0x18	/local/mnt/workspace/CRMBuilds/TZ.BF.4.0.7.1-00006-S660AAAAANAZT-2_20200329_233006/b/HK11/trustzone_images/core/bsp/trustzone/qsapps/applib32/build/KAJAANAA/applib32.lib(qsee_env.o)	
	0x110		$d.17	
	0x110		.debug_ranges	
.debug_ranges	0x2081d	0x70	/local/mnt/workspace/CRMBuilds/TZ.BF.4.0.7.1-00006-S660AAAAANAZT-2_20200329_233006/b/HK11/trustzone_images/core/bsp/trustzone/qsapps/applib32/build/KAJAANAA/applib32.lib(printf.o)	
	0x128		$d.25	
	0x128		.debug_ranges	

.comment	0x2088d	0x24
.comment	0x2088d	0x1	/local/mnt/workspace/CRMBuilds/TZ.BF.4.0.7.1-00006-S660AAAAANAZT-2_20200329_233006/b/HK11/trustzone_images/core/bsp/trustzone/qsapps/smplcert/build/KAJAANAA/smplcert/objects/smplcert/src/app_main.o	
	0x0		$d.17	
	0x0		.comment	

.debug_frame	0x208b1	0xd08
.debug_frame	0x208b1	0x88	/local/mnt/workspace/CRMBuilds/TZ.BF.4.0.7.1-00006-S660AAAAANAZT-2_20200329_233006/b/HK11/trustzone_images/core/bsp/trustzone/qsapps/smplcert/build/KAJAANAA/smplcert/objects/smplcert/src/app_main.o	
	0x0		$d.18	
	0x0		.debug_frame	
.debug_frame	0x20939	0x30	/local/mnt/workspace/CRMBuilds/TZ.BF.4.0.7.1-00006-S660AAAAANAZT-2_20200329_233006/b/HK11/trustzone_images/core/bsp/trustzone/qsapps/smplcert/build/KAJAANAA/smplcert/objects/smplcert/src/CCertValidate.o	
	0x88		$d.13	
	0x88		.debug_frame	
.debug_frame	0x20969	0x160	/local/mnt/workspace/CRMBuilds/TZ.BF.4.0.7.1-00006-S660AAAAANAZT-2_20200329_233006/b/HK11/trustzone_images/core/services/utils/build/smplcert/scorpion/KAJAANAA/memheap_lite.o	
	0xb8		$d.13	
	0xb8		.debug_frame	
.debug_frame	0x20ac9	0xc8	/local/mnt/workspace/CRMBuilds/TZ.BF.4.0.7.1-00006-S660AAAAANAZT-2_20200329_233006/b/HK11/trustzone_images/core/bsp/trustzone/qsapps/applib32/build/KAJAANAA/tzapp_lib_main.o	
	0x218		$d.10	
	0x218		.debug_frame	
.debug_frame	0x20b91	0x30	/local/mnt/workspace/CRMBuilds/TZ.BF.4.0.7.1-00006-S660AAAAANAZT-2_20200329_233006/b/HK11/trustzone_images/core/bsp/trustzone/qsapps/applib32/build/KAJAANAA/applib32.lib(memscpy.o)	
	0x2e0		$d.10	
	0x2e0		.debug_frame	
.debug_frame	0x20bc1	0x3fc	/local/mnt/workspace/CRMBuilds/TZ.BF.4.0.7.1-00006-S660AAAAANAZT-2_20200329_233006/b/HK11/trustzone_images/core/bsp/trustzone/qsapps/applib32/build/KAJAANAA/applib32.lib(common_applib.o)	
	0x310		$d.44	
	0x310		.debug_frame	
.debug_frame	0x20fbd	0x258	/local/mnt/workspace/CRMBuilds/TZ.BF.4.0.7.1-00006-S660AAAAANAZT-2_20200329_233006/b/HK11/trustzone_images/core/bsp/trustzone/qsapps/applib32/build/KAJAANAA/applib32.lib(prxy_services.o)	
	0x70c		$d.73	
	0x70c		.debug_frame	
.debug_frame	0x21215	0xa4	/local/mnt/workspace/CRMBuilds/TZ.BF.4.0.7.1-00006-S660AAAAANAZT-2_20200329_233006/b/HK11/trustzone_images/core/bsp/trustzone/qsapps/applib32/build/KAJAANAA/applib32.lib(mink_shared_code.o)	
	0x964		$d.14	
	0x964		.debug_frame	
.debug_frame	0x212b9	0xac	/local/mnt/workspace/CRMBuilds/TZ.BF.4.0.7.1-00006-S660AAAAANAZT-2_20200329_233006/b/HK11/trustzone_images/core/bsp/trustzone/qsapps/applib32/build/KAJAANAA/applib32.lib(qsee_env.o)	
	0xa08		$d.22	
	0xa08		.debug_frame	
.debug_frame	0x21365	0x34	/local/mnt/workspace/CRMBuilds/TZ.BF.4.0.7.1-00006-S660AAAAANAZT-2_20200329_233006/b/HK11/trustzone_images/core/bsp/trustzone/qsapps/applib32/build/KAJAANAA/applib32.lib(qsee_prng.o)	
	0xab4		$d.11	
	0xab4		.debug_frame	
.debug_frame	0x21399	0x30	/local/mnt/workspace/CRMBuilds/TZ.BF.4.0.7.1-00006-S660AAAAANAZT-2_20200329_233006/b/HK11/trustzone_images/core/bsp/trustzone/qsapps/applib32/build/KAJAANAA/applib32.lib(secure_memset.o)	
	0xae8		$d.10	
	0xae8		.debug_frame	
.debug_frame	0x213c9	0x20	/local/mnt/workspace/CRMBuilds/TZ.BF.4.0.7.1-00006-S660AAAAANAZT-2_20200329_233006/b/HK11/trustzone_images/core/bsp/trustzone/qsapps/applib32/build/KAJAANAA/applib32.lib(strlen.o)	
	0xb18		$d.10	
	0xb18		.debug_frame	
.debug_frame	0x213e9	0x154	/local/mnt/workspace/CRMBuilds/TZ.BF.4.0.7.1-00006-S660AAAAANAZT-2_20200329_233006/b/HK11/trustzone_images/core/bsp/trustzone/qsapps/applib32/build/KAJAANAA/applib32.lib(printf.o)	
	0xb38		$d.30	
	0xb38		.debug_frame	
.debug_frame	0x2153d	0x28	/local/mnt/workspace/CRMBuilds/TZ.BF.4.0.7.1-00006-S660AAAAANAZT-2_20200329_233006/b/HK11/trustzone_images/core/bsp/trustzone/qsapps/applib32/build/KAJAANAA/applib32.lib(memchr.o)	
	0xc8c		$d.10	
	0xc8c		.debug_frame	
.debug_frame	0x21565	0x20	/local/mnt/workspace/CRMBuilds/TZ.BF.4.0.7.1-00006-S660AAAAANAZT-2_20200329_233006/b/HK11/trustzone_images/core/bsp/trustzone/qsapps/applib32/build/KAJAANAA/applib32.lib(memset.o)	
	0xcb4		$d.10	
	0xcb4		.debug_frame	
.debug_frame	0x21585	0x34	/local/mnt/workspace/CRMBuilds/TZ.BF.4.0.7.1-00006-S660AAAAANAZT-2_20200329_233006/b/HK11/trustzone_images/core/bsp/trustzone/qsapps/applib32/build/KAJAANAA/applib32.lib(memcpy.o)	
	0xcd4		$d.10	
	0xcd4		.debug_frame	

.shstrtab	0x215b9	0x114

.symtab	0x216d0	0x94d0

.strtab	0x2aba0	0x9265