fmal
fmaxl
fminl
__builtin_HEXAGON_S4_clbpnorm
__hexagon_fast2_adddf3
__hexagon_fast2_addsf3
__hexagon_fast2_divdf3
__hexagon_fast2_divsf3
__hexagon_fast2_gtdf2
__hexagon_fast2_gtsf2
__hexagon_fast2_ltdf2
__hexagon_fast2_ltsf2
__hexagon_fast2_muldf3
__hexagon_fast2_mulsf3
__hexagon_fast2_negdf2
__hexagon_fast2_negsf3
__hexagon_fast2_sqrt_df
__hexagon_fast2_subdf3
__hexagon_fast2_subsf3
__qdsp_fast_adddf3
__qdsp_fast_divdf3
__qdsp_fast_muldf3
__qdsp_fast_subdf3
__qdsp_fast2_adddf3
__qdsp_fast2_addsf3
__qdsp_fast2_divdf3
__qdsp_fast2_divsf3
__qdsp_fast2_gtdf2
__qdsp_fast2_gtsf2
__qdsp_fast2_ltdf2
__qdsp_fast2_ltsf2
__qdsp_fast2_muldf3
__qdsp_fast2_mulsf3
__qdsp_fast2_negdf2
__qdsp_fast2_negsf3
__qdsp_fast2_sqrt_df
__qdsp_fast2_subdf3
__qdsp_fast2_subsf3
fast_fabs
fast_sqrt
fast2_create_qdouble
fast2_create_qdouble_li
fast2_create_qldouble
fast2_create_qldouble_li
fast2_d2qd
fast2_d2qld
fast2_dadd
fast2_dadd_asm
fast2_dmpy
fast2_dmpy_asm
fast2_doubletoqdouble
fast2_drecip
fast2_drecipsqrt
fast2_dsub
fast2_dsub_asm
fast2_f2qd
fast2_f2qd_asm
fast2_fabs
fast2_get_exp_qd
fast2_get_exp_qld
fast2_get_mant_qd
fast2_get_mant_qld
fast2_ldadd
fast2_ldadd_asm
fast2_ldmpy
fast2_ldmpy_asm
fast2_ldrecip
fast2_ldrecipsqrt
fast2_ldsub
fast2_ldsub_asm
fast2_pow
fast2_qd_add
fast2_qd_add_dq
fast2_qd_add_qd
fast2_qd_div
fast2_qd_div_dq
fast2_qd_div_qd
fast2_qd_fabs
fast2_qd_gt
fast2_qd_gt_dq
fast2_qd_gt_qd
fast2_qd_lt
fast2_qd_lt_dq
fast2_qd_lt_qd
fast2_qd_mul
fast2_qd_mul_dq
fast2_qd_mul_qd
fast2_qd_neg
fast2_qd_self_div
fast2_qd_self_div_dd
fast2_qd_self_increment
fast2_qd_self_increment_qd
fast2_qd_self_mul
fast2_qd_self_mul_qd
fast2_qd_self_sub
fast2_qd_self_sub_dd
fast2_qd_sub
fast2_qd_sub_dq
fast2_qd_sub_qd
fast2_qd2f
fast2_qd2f_asm
fast2_qld_add
fast2_qld_add_dq
fast2_qld_add_qd
fast2_qld_div
fast2_qld_div_dq
fast2_qld_div_qd
fast2_qld_fabs
fast2_qld_gt
fast2_qld_gt_dq
fast2_qld_gt_qd
fast2_qld_lt
fast2_qld_lt_dq
fast2_qld_lt_qd
fast2_qld_mul
fast2_qld_mul_dq
fast2_qld_mul_qd
fast2_qld_neg
fast2_qld_pow
fast2_qld_self_div
fast2_qld_self_div_dd
fast2_qld_self_increment
fast2_qld_self_increment_qd
fast2_qld_self_mul
fast2_qld_self_mul_qd
fast2_qld_self_sub
fast2_qld_self_sub_dd
fast2_qld_sqrt
fast2_qld_sub
fast2_qld_sub_dq
fast2_qld_sub_qd
fast2_qld2d
fast2_set_exp_qd
fast2_set_exp_qld
fast2_set_mant_qd
fast2_set_mant_qld
fast2_to_qldouble
fast2_todouble
fast2_tofloat
fast2_toqdouble
qurt_atomic_barrier
qurt_atomic64_barrier
qurt_profile_get_thread_tcycles
qurt_sysenv_get_swap_spool0
qurt_sysenv_get_swap_spool1
qurt_futex_wait64
qurt_anysignal_wait
qurt_pipe_attr_init
qurt_pipe_attr_set_buffer
qurt_pipe_attr_set_elements
qurt_power_shutdown_prepare
qurt_power_shutdown_fail_exit
qurt_power_shutdown_exit
qurt_get_shutdown_pcycles
qurt_spawn
qurt_getpid
qurt_total_sw_threads
qurt_thread_get_anysignal
qurt_thread_id_list_front
qurt_thread_id_list_next
qurt_thread_id_list_lock
qurt_thread_id_list_unlock
qurt_timer_timetick_from_us
qurt_timer_max_duration
qurt_timer_max_duration_ticks
qurt_timetick_error_magin
__wrap___stack_chk_fail
Adm_FastrpcGetParam
Adm_FastrpcSetParam
adsp_amdb_add_appi_exp
adsp_amdb_add_capi_ex_exp
adsp_amdb_add_capi_exp
adsp_amdb_add_capi_v2_exp
adsp_amdb_print_all_appi_exp
adsp_amdb_print_all_capi_exp
adsp_amdb_print_all_capi_v2_exp
adsp_amdb_remove_all_appi_exp
adsp_amdb_remove_all_capi_exp
adsp_amdb_remove_all_capi_v2_exp
adsp_amdb_remove_appi_exp
adsp_amdb_remove_capi_ex_exp
adsp_amdb_remove_capi_exp
adsp_amdb_remove_capi_v2_exp
elite_apr_if_alloc_send_cmd
elite_apr_if_end_cmd
elite_apr_if_get_opcode
elite_apr_if_get_payload_ptr
elite_apr_if_lookup_addr_by_name
elite_apr_if_register_by_name
timer_null_group
timer_non_defer_group
timer_group_enable
timer_group_disable
timer_group_set_deferrable
timer_get_first_non_deferrable_timer_expiry
timer_register_for_non_defer_expiry_change
timer_get_time_till_first_non_deferrable_timer_64
timer_defer_match_interrupt_64
timer_def_osal
timer_def2
timer_reg
timer_set_64
timer_set_absolute
timer_get_64
timer_is_active
timer_expires_at_64
timer_get_start_64
timer_clr_64
timer_stop
timer_pause
timer_resume
timer_clr_osal_thread_timers
timer_set_wakeup_64
timer_sleep
timer_undef
